../Drivers/STM32WB0x_HAL_Driver/Inc/stm32wb0x_ll_pwr.h:2503:22:LL_PWR_EnableGPIOPullUp	0	static
../Drivers/STM32WB0x_HAL_Driver/Inc/stm32wb0x_ll_bus.h:229:22:LL_AHB1_GRP1_EnableClock	8	static
../Drivers/BSP/STM32WB0x-nucleo/stm32wb0x_nucleo.c:132:9:BSP_GetVersion	0	static
../Drivers/BSP/STM32WB0x-nucleo/stm32wb0x_nucleo.c:141:16:BSP_GetBoardName	0	static
../Drivers/BSP/STM32WB0x-nucleo/stm32wb0x_nucleo.c:150:16:BSP_GetBoardID	0	static
../Drivers/BSP/STM32WB0x-nucleo/stm32wb0x_nucleo.c:168:9:BSP_LED_Init	40	static
../Drivers/BSP/STM32WB0x-nucleo/stm32wb0x_nucleo.c:220:9:BSP_LED_DeInit	16	static
../Drivers/BSP/STM32WB0x-nucleo/stm32wb0x_nucleo.c:242:9:BSP_LED_On	8	static
../Drivers/BSP/STM32WB0x-nucleo/stm32wb0x_nucleo.c:258:9:BSP_LED_Off	8	static
../Drivers/BSP/STM32WB0x-nucleo/stm32wb0x_nucleo.c:274:9:BSP_LED_Toggle	8	static
../Drivers/BSP/STM32WB0x-nucleo/stm32wb0x_nucleo.c:289:9:BSP_LED_GetState	8	static
../Drivers/BSP/STM32WB0x-nucleo/stm32wb0x_nucleo.c:320:9:BSP_PB_Init	40	static
../Drivers/BSP/STM32WB0x-nucleo/stm32wb0x_nucleo.c:387:9:BSP_PB_DeInit	16	static
../Drivers/BSP/STM32WB0x-nucleo/stm32wb0x_nucleo.c:407:9:BSP_PB_GetState	8	static
../Drivers/BSP/STM32WB0x-nucleo/stm32wb0x_nucleo.c:423:13:BSP_PB_Callback	0	static
../Drivers/BSP/STM32WB0x-nucleo/stm32wb0x_nucleo.c:442:6:BSP_PB_IRQHandler	8	static
../Drivers/BSP/STM32WB0x-nucleo/stm32wb0x_nucleo.c:508:9:BSP_COM_DeInit	8	static
../Drivers/BSP/STM32WB0x-nucleo/stm32wb0x_nucleo.c:535:9:BSP_COM_SelectLogPort	0	static
../Drivers/BSP/STM32WB0x-nucleo/stm32wb0x_nucleo.c:569:5:__io_putchar	16	static
../Drivers/BSP/STM32WB0x-nucleo/stm32wb0x_nucleo.c:650:26:MX_USART1_Init	8	static
../Drivers/BSP/STM32WB0x-nucleo/stm32wb0x_nucleo.c:464:9:BSP_COM_Init	40	static
