../Middlewares/ST/STM32_BLE/stack/config/ble_stack_user_cfg.c:270:12:GAP_connection_procedure_ucfg	24	static
../Middlewares/ST/STM32_BLE/stack/config/ble_stack_user_cfg.c:285:12:GAP_terminate_gap_procedure_ucfg	16	static
../Middlewares/ST/STM32_BLE/stack/config/ble_stack_user_cfg.c:305:6:GAP_name_disc_proc_connected_check_ucfg	16	static
../Middlewares/ST/STM32_BLE/stack/config/ble_stack_user_cfg.c:373:6:GAP_LimDiscTimeoutcb_ucfg	16	static
../Middlewares/ST/STM32_BLE/stack/config/ble_stack_user_cfg.c:472:12:hci_acl_data_tx_cmpl_event_int_cb_ucfg	16	static
../Middlewares/ST/STM32_BLE/stack/config/ble_stack_user_cfg.c:481:12:hci_acl_data_ind_event_int_cb_ucfg	16	static
../Middlewares/ST/STM32_BLE/stack/config/ble_stack_user_cfg.c:570:6:Controller_Process_Q_ucfg	16	static
../Middlewares/ST/STM32_BLE/stack/config/ble_stack_user_cfg.c:577:6:LLC_offline_control_procedures_processing_ucfg	16	static
../Middlewares/ST/STM32_BLE/stack/config/ble_stack_user_cfg.c:614:10:phy_upd_csr_ucfg	8	static
../Middlewares/ST/STM32_BLE/stack/config/ble_stack_user_cfg.c:628:10:conn_supp_csr_ucfg	8	static
../Middlewares/ST/STM32_BLE/stack/config/ble_stack_user_cfg.c:651:12:ACL_pkt_init_ucfg	8	static
../Middlewares/ST/STM32_BLE/stack/config/ble_stack_user_cfg.c:658:12:hci_disconnection_complete_event_int_cb_ucfg	16	static
../Middlewares/ST/STM32_BLE/stack/config/ble_stack_user_cfg.c:667:12:hci_encryption_change_event_int_cb_ucfg	16	static
../Middlewares/ST/STM32_BLE/stack/config/ble_stack_user_cfg.c:676:12:hci_encryption_key_refresh_complete_event_int_cb_ucfg	16	static
../Middlewares/ST/STM32_BLE/stack/config/ble_stack_user_cfg.c:685:12:hci_le_connection_complete_event_int_cb_ucfg	16	static
../Middlewares/ST/STM32_BLE/stack/config/ble_stack_user_cfg.c:694:12:hci_le_enhanced_connection_complete_event_int_cb_ucfg	16	static
../Middlewares/ST/STM32_BLE/stack/config/ble_stack_user_cfg.c:703:12:hci_le_long_term_key_request_event_int_cb_ucfg	16	static
../Middlewares/ST/STM32_BLE/stack/config/ble_stack_user_cfg.c:712:12:hci_le_read_local_p256_public_key_complete_event_int_cb_ucfg	16	static
../Middlewares/ST/STM32_BLE/stack/config/ble_stack_user_cfg.c:721:12:hci_le_generate_dhkey_complete_event_int_cb_ucfg	16	static
../Middlewares/ST/STM32_BLE/stack/config/ble_stack_user_cfg.c:804:12:MBM_init_ucfg	8	static
../Middlewares/ST/STM32_BLE/stack/config/ble_stack_user_cfg.c:812:12:smp_debug_trudy__set_config_ucfg	16	static
../Middlewares/ST/STM32_BLE/stack/config/ble_stack_user_cfg.c:832:12:smp_sap_scp_force_debug_key_usage_ucfg	16	static
../Middlewares/ST/STM32_BLE/stack/config/ble_stack_user_cfg.c:986:12:L2C_init_ucfg	16	static
../Middlewares/ST/STM32_BLE/stack/config/ble_stack_user_cfg.c:1018:12:llc_conn_multi_link_connection_ucfg	16	static
../Middlewares/ST/STM32_BLE/stack/config/ble_stack_user_cfg.c:1025:6:llc_conn_peripheral_roll_back_params_tsk_ucfg	16	static
../Middlewares/ST/STM32_BLE/stack/config/ble_stack_user_cfg.c:2553:6:LL_cpe_init_phy_update_ucfg	8	static
../Middlewares/ST/STM32_BLE/stack/config/ble_stack_user_cfg.c:2590:6:LL_cpe_init_conn_update_ucfg	8	static
../Middlewares/ST/STM32_BLE/stack/config/ble_stack_user_cfg.c:2597:6:LL_cpe_init_chmap_update_ucfg	8	static
../Middlewares/ST/STM32_BLE/stack/config/ble_stack_user_cfg.c:2649:6:LL_cpe_init_ucfg	8	static
../Middlewares/ST/STM32_BLE/stack/config/ble_stack_user_cfg.c:2724:6:LL_conn_upd_max_tx_time_coded_ucfg	16	static
../Middlewares/ST/STM32_BLE/stack/config/ble_stack_user_cfg.c:2733:6:LL_conn_upd_data_length_change_event_ucfg	16	static
../Middlewares/ST/STM32_BLE/stack/config/ble_stack_user_cfg.c:2790:6:LLC_authenticated_payload_timeout_processing_ucfg	16	static
../Middlewares/ST/STM32_BLE/stack/config/ble_stack_user_cfg.c:2889:9:LLC_pcl_get_number_of_phys_ucfg	8	static
../Middlewares/ST/STM32_BLE/stack/config/ble_stack_user_cfg.c:2908:9:LL_phy_upd_pending_ucfg	16	static
../Middlewares/ST/STM32_BLE/stack/config/ble_stack_user_cfg.c:2916:12:LL_phy_update_init_ucfg	8	static
../Middlewares/ST/STM32_BLE/stack/config/ble_stack_user_cfg.c:2925:12:LL_phy_update_init_per_st_data_ucfg	16	static
../Middlewares/ST/STM32_BLE/stack/config/ble_stack_user_cfg.c:2934:6:LL_phy_upd_evt_pending_check_isr_ucfg	16	static
../Middlewares/ST/STM32_BLE/stack/config/ble_stack_user_cfg.c:3066:6:ADV_ISR_connect_request_received_ucfg	24	static
../Middlewares/ST/STM32_BLE/stack/config/ble_stack_user_cfg.c:3077:6:LL_eadv_EauxIsr_connect_response_sent_ucfg	16	static
../Middlewares/ST/STM32_BLE/stack/config/ble_stack_user_cfg.c:3084:6:LL_eadv_EauxIsr_connect_request_received_ucfg	16	static
../Middlewares/ST/STM32_BLE/stack/config/ble_stack_user_cfg.c:3093:9:EADV_start_request_radio_tasks_ucfg	16	static
../Middlewares/ST/STM32_BLE/stack/config/ble_stack_user_cfg.c:3165:6:LL_init_ucfg	56	static
../Middlewares/ST/STM32_BLE/stack/config/ble_stack_user_cfg.c:3369:6:smp_fsm_process_actions_wrt_state_tsk_ucfg	16	static
../Middlewares/ST/STM32_BLE/stack/config/ble_stack_user_cfg.c:3420:6:smp_rxp_process_rxed_packets_tsk_ucfg	16	static
../Middlewares/ST/STM32_BLE/stack/config/ble_stack_user_cfg.c:3473:6:smp_init_ucfg	8	static
../Middlewares/ST/STM32_BLE/stack/config/ble_stack_user_cfg.c:3482:6:GAT_att_cmn_init_ucfg	8	static
../Middlewares/ST/STM32_BLE/stack/config/ble_stack_user_cfg.c:3491:6:GAT_att_cmn_timer_expire_tsk_ucfg	16	static
../Middlewares/ST/STM32_BLE/stack/config/ble_stack_user_cfg.c:3500:6:GAT_att_cmn_tx_pool_evt_tsk_ucfg	16	static
../Middlewares/ST/STM32_BLE/stack/config/ble_stack_user_cfg.c:3509:6:GAT_att_srv_process_rx_pckt_tsk_ucfg	16	static
../Middlewares/ST/STM32_BLE/stack/config/ble_stack_user_cfg.c:3518:6:GAT_srv_db_hash_tsk_ucfg	16	static
../Middlewares/ST/STM32_BLE/stack/config/ble_stack_user_cfg.c:3527:6:GAT_srv_send_srv_change_tsk_ucfg	16	static
../Middlewares/ST/STM32_BLE/stack/config/ble_stack_user_cfg.c:3543:12:aci_gap_terminate	16	static
../Middlewares/ST/STM32_BLE/stack/config/ble_stack_user_cfg.c:3739:12:aci_gap_set_io_capability	16	static
../Middlewares/ST/STM32_BLE/stack/config/ble_stack_user_cfg.c:3748:12:aci_gap_set_security_requirements	40	static
../Middlewares/ST/STM32_BLE/stack/config/ble_stack_user_cfg.c:3769:12:aci_gap_set_security	24	static
../Middlewares/ST/STM32_BLE/stack/config/ble_stack_user_cfg.c:3782:12:aci_gap_pairing_resp	16	static
../Middlewares/ST/STM32_BLE/stack/config/ble_stack_user_cfg.c:3793:12:aci_gap_passkey_resp	16	static
../Middlewares/ST/STM32_BLE/stack/config/ble_stack_user_cfg.c:3817:12:aci_gap_get_oob_data	40	static
../Middlewares/ST/STM32_BLE/stack/config/ble_stack_user_cfg.c:3834:12:aci_gap_set_oob_data	32	static
../Middlewares/ST/STM32_BLE/stack/config/ble_stack_user_cfg.c:3866:12:aci_gap_get_security_level	32	static
../Middlewares/ST/STM32_BLE/stack/config/ble_stack_user_cfg.c:3879:12:aci_gap_clear_security_db	8	static
../Middlewares/ST/STM32_BLE/stack/config/ble_stack_user_cfg.c:3888:12:aci_gap_get_bonded_devices	32	static
../Middlewares/ST/STM32_BLE/stack/config/ble_stack_user_cfg.c:3903:12:aci_gap_is_device_bonded	16	static
../Middlewares/ST/STM32_BLE/stack/config/ble_stack_user_cfg.c:3914:12:aci_gap_remove_bonded_device	16	static
../Middlewares/ST/STM32_BLE/stack/config/ble_stack_user_cfg.c:3925:12:aci_gatt_srv_add_service	16	static
../Middlewares/ST/STM32_BLE/stack/config/ble_stack_user_cfg.c:3934:12:aci_gatt_srv_rm_service	16	static
../Middlewares/ST/STM32_BLE/stack/config/ble_stack_user_cfg.c:3943:10:aci_gatt_srv_get_service_handle	16	static
../Middlewares/ST/STM32_BLE/stack/config/ble_stack_user_cfg.c:3952:12:aci_gatt_srv_include_service	16	static
../Middlewares/ST/STM32_BLE/stack/config/ble_stack_user_cfg.c:3963:12:aci_gatt_srv_rm_include_service	16	static
../Middlewares/ST/STM32_BLE/stack/config/ble_stack_user_cfg.c:3972:10:aci_gatt_srv_get_include_service_handle	16	static
../Middlewares/ST/STM32_BLE/stack/config/ble_stack_user_cfg.c:3983:12:aci_gatt_srv_add_char	16	static
../Middlewares/ST/STM32_BLE/stack/config/ble_stack_user_cfg.c:3994:12:aci_gatt_srv_rm_char	16	static
../Middlewares/ST/STM32_BLE/stack/config/ble_stack_user_cfg.c:4003:10:aci_gatt_srv_get_char_decl_handle	16	static
../Middlewares/ST/STM32_BLE/stack/config/ble_stack_user_cfg.c:4012:12:aci_gatt_srv_add_char_desc	16	static
../Middlewares/ST/STM32_BLE/stack/config/ble_stack_user_cfg.c:4023:10:aci_gatt_srv_get_descriptor_handle	16	static
../Middlewares/ST/STM32_BLE/stack/config/ble_stack_user_cfg.c:4032:12:aci_gatt_srv_notify	32	static
../Middlewares/ST/STM32_BLE/stack/config/ble_stack_user_cfg.c:4051:12:aci_gatt_srv_multi_notify	32	static
../Middlewares/ST/STM32_BLE/stack/config/ble_stack_user_cfg.c:4068:12:aci_gatt_srv_resp	32	static
../Middlewares/ST/STM32_BLE/stack/config/ble_stack_user_cfg.c:4087:12:aci_gatt_srv_read_handle_value	32	static
../Middlewares/ST/STM32_BLE/stack/config/ble_stack_user_cfg.c:4100:12:aci_gatt_srv_read_multiple_instance_handle_value	32	static
../Middlewares/ST/STM32_BLE/stack/config/ble_stack_user_cfg.c:4115:12:aci_gatt_srv_write_multiple_instance_handle_value	40	static
../Middlewares/ST/STM32_BLE/stack/config/ble_stack_user_cfg.c:4130:12:aci_gatt_set_event_mask	16	static
../Middlewares/ST/STM32_BLE/stack/config/ble_stack_user_cfg.c:4139:12:aci_gatt_clt_exchange_config	16	static
../Middlewares/ST/STM32_BLE/stack/config/ble_stack_user_cfg.c:4148:12:aci_gatt_clt_disc_all_primary_services	16	static
../Middlewares/ST/STM32_BLE/stack/config/ble_stack_user_cfg.c:4159:12:aci_gatt_clt_disc_primary_service_by_uuid	40	static
../Middlewares/ST/STM32_BLE/stack/config/ble_stack_user_cfg.c:4174:12:aci_gatt_clt_disc_all_char_of_service	24	static
../Middlewares/ST/STM32_BLE/stack/config/ble_stack_user_cfg.c:4189:12:aci_gatt_clt_disc_char_by_uuid	32	static
../Middlewares/ST/STM32_BLE/stack/config/ble_stack_user_cfg.c:4208:12:aci_gatt_clt_disc_all_char_desc	24	static
../Middlewares/ST/STM32_BLE/stack/config/ble_stack_user_cfg.c:4223:12:aci_gatt_clt_find_included_services	24	static
../Middlewares/ST/STM32_BLE/stack/config/ble_stack_user_cfg.c:4238:12:aci_gatt_clt_read	24	static
../Middlewares/ST/STM32_BLE/stack/config/ble_stack_user_cfg.c:4251:12:aci_gatt_clt_read_long	24	static
../Middlewares/ST/STM32_BLE/stack/config/ble_stack_user_cfg.c:4266:12:aci_gatt_clt_read_using_char_uuid	32	static
../Middlewares/ST/STM32_BLE/stack/config/ble_stack_user_cfg.c:4285:12:aci_gatt_clt_read_multiple_char_value	40	static
../Middlewares/ST/STM32_BLE/stack/config/ble_stack_user_cfg.c:4300:12:aci_gatt_clt_read_multiple_var_len_char_value	40	static
../Middlewares/ST/STM32_BLE/stack/config/ble_stack_user_cfg.c:4315:12:aci_gatt_clt_write_without_resp	32	static
../Middlewares/ST/STM32_BLE/stack/config/ble_stack_user_cfg.c:4332:12:aci_gatt_clt_signed_write_without_resp	40	static
../Middlewares/ST/STM32_BLE/stack/config/ble_stack_user_cfg.c:4347:12:aci_gatt_clt_write	32	static
../Middlewares/ST/STM32_BLE/stack/config/ble_stack_user_cfg.c:4364:12:aci_gatt_clt_write_long	16	static
../Middlewares/ST/STM32_BLE/stack/config/ble_stack_user_cfg.c:4377:12:aci_gatt_clt_write_char_reliable	40	static
../Middlewares/ST/STM32_BLE/stack/config/ble_stack_user_cfg.c:4392:12:aci_gatt_clt_prepare_write_req	32	static
../Middlewares/ST/STM32_BLE/stack/config/ble_stack_user_cfg.c:4411:12:aci_gatt_clt_execute_write_req	24	static
../Middlewares/ST/STM32_BLE/stack/config/ble_stack_user_cfg.c:4424:12:aci_gatt_clt_confirm_indication	16	static
../Middlewares/ST/STM32_BLE/stack/config/ble_stack_user_cfg.c:4435:12:aci_gatt_clt_add_subscription_security_level	16	static
../Middlewares/ST/STM32_BLE/stack/config/ble_stack_user_cfg.c:4443:12:aci_hal_peripheral_latency_enable	16	static
../Middlewares/ST/STM32_BLE/stack/config/ble_stack_user_cfg.c:4471:12:aci_hal_get_anchor_point	32	static
../Middlewares/ST/STM32_BLE/stack/config/ble_stack_user_cfg.c:4483:12:aci_l2cap_connection_parameter_update_req	32	static
../Middlewares/ST/STM32_BLE/stack/config/ble_stack_user_cfg.c:5054:12:hci_le_set_host_feature	16	static
../Middlewares/ST/STM32_BLE/stack/config/ble_stack_user_cfg.c:5064:12:hci_read_remote_version_information	16	static
../Middlewares/ST/STM32_BLE/stack/config/ble_stack_user_cfg.c:5071:12:hci_le_read_remote_features	16	static
../Middlewares/ST/STM32_BLE/stack/config/ble_stack_user_cfg.c:5078:12:hci_read_transmit_power_level	16	static
../Middlewares/ST/STM32_BLE/stack/config/ble_stack_user_cfg.c:5089:12:hci_read_rssi	16	static
../Middlewares/ST/STM32_BLE/stack/config/ble_stack_user_cfg.c:5098:12:hci_le_read_channel_map	16	static
../Middlewares/ST/STM32_BLE/stack/config/ble_stack_user_cfg.c:5107:12:hci_disconnect	16	static
../Middlewares/ST/STM32_BLE/stack/config/ble_stack_user_cfg.c:5147:12:hci_le_create_connection_cancel	8	static
../Middlewares/ST/STM32_BLE/stack/config/ble_stack_user_cfg.c:5356:12:hci_le_long_term_key_request_reply	16	static
../Middlewares/ST/STM32_BLE/stack/config/ble_stack_user_cfg.c:5365:12:hci_le_long_term_key_request_negative_reply	16	static
../Middlewares/ST/STM32_BLE/stack/config/ble_stack_user_cfg.c:5372:12:hci_le_read_local_p256_public_key	8	static
../Middlewares/ST/STM32_BLE/stack/config/ble_stack_user_cfg.c:5379:12:hci_le_generate_dhkey	16	static
../Middlewares/ST/STM32_BLE/stack/config/ble_stack_user_cfg.c:5386:12:hci_read_authenticated_payload_timeout	16	static
../Middlewares/ST/STM32_BLE/stack/config/ble_stack_user_cfg.c:5395:12:hci_write_authenticated_payload_timeout	16	static
../Middlewares/ST/STM32_BLE/stack/config/ble_stack_user_cfg.c:5990:12:hci_le_read_phy	32	static
../Middlewares/ST/STM32_BLE/stack/config/ble_stack_user_cfg.c:6002:12:hci_le_set_default_phy	24	static
../Middlewares/ST/STM32_BLE/stack/config/ble_stack_user_cfg.c:6014:12:hci_le_set_phy	32	static
../Middlewares/ST/STM32_BLE/stack/config/ble_stack_user_cfg.c:6384:12:hci_le_receiver_test_v2	24	static
../Middlewares/ST/STM32_BLE/stack/config/ble_stack_user_cfg.c:6416:12:hci_le_transmitter_test_v2	24	static
