../Drivers/CMSIS/Include/core_cm0plus.h:741:22:__NVIC_EnableIRQ	16	static,ignoring_inline_asm
../Drivers/STM32WB0x_HAL_Driver/Inc/stm32wb0x_ll_radio_timer.h:88:22:LL_RADIO_TIMER_EnableTimer1	16	static
../Drivers/STM32WB0x_HAL_Driver/Inc/stm32wb0x_ll_radio_timer.h:99:22:LL_RADIO_TIMER_DisableTimer1	16	static
../Drivers/STM32WB0x_HAL_Driver/Inc/stm32wb0x_ll_radio_timer.h:110:26:LL_RADIO_TIMER_IsEnabledTimer1	16	static
../Drivers/STM32WB0x_HAL_Driver/Inc/stm32wb0x_ll_radio_timer.h:132:22:LL_RADIO_TIMER_DisableTimer2	16	static
../Drivers/STM32WB0x_HAL_Driver/Inc/stm32wb0x_ll_radio_timer.h:143:26:LL_RADIO_TIMER_IsEnabledTimer2	16	static
../Drivers/STM32WB0x_HAL_Driver/Inc/stm32wb0x_ll_radio_timer.h:155:22:LL_RADIO_TIMER_SetTimeout	16	static
../Drivers/STM32WB0x_HAL_Driver/Inc/stm32wb0x_ll_radio_timer.h:166:26:LL_RADIO_TIMER_GetTimeout	16	static
../Drivers/STM32WB0x_HAL_Driver/Inc/stm32wb0x_ll_radio_timer.h:196:22:LL_RADIO_TIMER_EnableBLEWakeupTimer	16	static
../Drivers/STM32WB0x_HAL_Driver/Inc/stm32wb0x_ll_radio_timer.h:207:22:LL_RADIO_TIMER_DisableBLEWakeupTimer	16	static
../Drivers/STM32WB0x_HAL_Driver/Inc/stm32wb0x_ll_radio_timer.h:218:26:LL_RADIO_TIMER_IsEnabledBLEWakeupTimer	16	static
../Drivers/STM32WB0x_HAL_Driver/Inc/stm32wb0x_ll_radio_timer.h:229:22:LL_RADIO_TIMER_EnableCPUWakeupTimer	16	static
../Drivers/STM32WB0x_HAL_Driver/Inc/stm32wb0x_ll_radio_timer.h:240:22:LL_RADIO_TIMER_DisableCPUWakeupTimer	16	static
../Drivers/STM32WB0x_HAL_Driver/Inc/stm32wb0x_ll_radio_timer.h:262:22:LL_RADIO_TIMER_SetWakeupOffset	16	static
../Drivers/STM32WB0x_HAL_Driver/Inc/stm32wb0x_ll_radio_timer.h:283:22:LL_RADIO_TIMER_SetBLEWakeupTime	16	static
../Drivers/STM32WB0x_HAL_Driver/Inc/stm32wb0x_ll_radio_timer.h:293:26:LL_RADIO_TIMER_GetBLEWakeupTime	16	static
../Drivers/STM32WB0x_HAL_Driver/Inc/stm32wb0x_ll_radio_timer.h:305:22:LL_RADIO_TIMER_SetCPUWakeupTime	16	static
../Drivers/STM32WB0x_HAL_Driver/Inc/stm32wb0x_ll_radio_timer.h:325:26:LL_RADIO_TIMER_GetAbsoluteTime	16	static
../Drivers/STM32WB0x_HAL_Driver/Inc/stm32wb0x_ll_radio_timer.h:345:22:LL_RADIO_TIMER_EnableWakeupTimerLowPowerMode	16	static
../Drivers/STM32WB0x_HAL_Driver/Inc/stm32wb0x_ll_radio_timer.h:445:22:LL_RADIO_TIMER_SetSleepRequestMode	16	static
../Drivers/STM32WB0x_HAL_Driver/Inc/stm32wb0x_ll_radio_timer.h:516:22:LL_RADIO_TIMER_EnableCPUWakeupIT	16	static
../Drivers/STM32WB0x_HAL_Driver/Inc/stm32wb0x_ll_radio_timer.h:590:22:LL_RADIO_TIMER_ClearFlag_CPUWakeup	16	static
../Drivers/STM32WB0x_HAL_Driver/Inc/stm32wb0x_ll_radio_timer.h:601:26:LL_RADIO_TIMER_IsActiveFlag_CPUWakeup	16	static
../Drivers/STM32WB0x_HAL_Driver/Inc/stm32wb0x_ll_radio_timer.h:620:22:LL_RADIO_TIMER_SetLSIWindowCalibrationLength	16	static
../Drivers/STM32WB0x_HAL_Driver/Inc/stm32wb0x_ll_radio_timer.h:640:22:LL_RADIO_TIMER_StartLSICalibration	16	static
../Drivers/STM32WB0x_HAL_Driver/Inc/stm32wb0x_ll_radio_timer.h:650:26:LL_RADIO_TIMER_GetLSIPeriod	16	static
../Drivers/STM32WB0x_HAL_Driver/Inc/stm32wb0x_ll_radio_timer.h:660:26:LL_RADIO_TIMER_GetLSIFrequency	16	static
../Drivers/STM32WB0x_HAL_Driver/Inc/stm32wb0x_ll_radio_timer.h:700:22:LL_RADIO_TIMER_ClearFlag_LSICalibrationEnded	16	static
../Drivers/STM32WB0x_HAL_Driver/Inc/stm32wb0x_ll_radio_timer.h:710:26:LL_RADIO_TIMER_IsActiveFlag_LSICalibrationEnded	16	static
../Drivers/STM32WB0x_HAL_Driver/Src/stm32wb0x_hal_radio_timer.c:308:6:HAL_RADIO_TIMER_Init	32	static
../Drivers/STM32WB0x_HAL_Driver/Src/stm32wb0x_hal_radio_timer.c:397:6:HAL_RADIO_TIMER_Tick	80	static,ignoring_inline_asm
../Drivers/STM32WB0x_HAL_Driver/Src/stm32wb0x_hal_radio_timer.c:512:20:HAL_RADIO_TIMER_GetRadioTimerStatus	24	static
../Drivers/STM32WB0x_HAL_Driver/Src/stm32wb0x_hal_radio_timer.c:534:10:HAL_RADIO_TIMER_GetAnchorPoint	16	static
../Drivers/STM32WB0x_HAL_Driver/Src/stm32wb0x_hal_radio_timer.c:543:17:HAL_RADIO_TIMER_PowerSaveLevelCheck	64	static
../Drivers/STM32WB0x_HAL_Driver/Src/stm32wb0x_hal_radio_timer.c:617:10:HAL_RADIO_TIMER_SetRadioTimerValue	40	static
../Drivers/STM32WB0x_HAL_Driver/Src/stm32wb0x_hal_radio_timer.c:682:10:HAL_RADIO_TIMER_SetRadioTimerRelativeUsValue	40	static
../Drivers/STM32WB0x_HAL_Driver/Src/stm32wb0x_hal_radio_timer.c:752:9:HAL_RADIO_TIMER_GetRadioTimerValue	16	static
../Drivers/STM32WB0x_HAL_Driver/Src/stm32wb0x_hal_radio_timer.c:765:10:HAL_RADIO_TIMER_ClearRadioTimerValue	48	static,ignoring_inline_asm
../Drivers/STM32WB0x_HAL_Driver/Src/stm32wb0x_hal_radio_timer.c:815:6:HAL_RADIO_TIMER_SetRadioCloseTimeout	24	static,ignoring_inline_asm
../Drivers/STM32WB0x_HAL_Driver/Src/stm32wb0x_hal_radio_timer.c:830:6:HAL_RADIO_TIMER_RadioTimerIsr	8	static
../Drivers/STM32WB0x_HAL_Driver/Src/stm32wb0x_hal_radio_timer.c:844:6:HAL_RADIO_TIMER_EndOfRadioActivityIsr	8	static
../Drivers/STM32WB0x_HAL_Driver/Src/stm32wb0x_hal_radio_timer.c:856:10:HAL_RADIO_TIMER_UsToSystime	16	static
../Drivers/STM32WB0x_HAL_Driver/Src/stm32wb0x_hal_radio_timer.c:869:10:HAL_RADIO_TIMER_MachineTimeToSysTime	16	static
../Drivers/STM32WB0x_HAL_Driver/Src/stm32wb0x_hal_radio_timer.c:880:10:HAL_RADIO_TIMER_GetCurrentSysTime	16	static
../Drivers/STM32WB0x_HAL_Driver/Src/stm32wb0x_hal_radio_timer.c:892:10:HAL_RADIO_TIMER_AddSysTimeMs	40	static
../Drivers/STM32WB0x_HAL_Driver/Src/stm32wb0x_hal_radio_timer.c:905:9:HAL_RADIO_TIMER_DiffSysTimeMs	48	static
../Drivers/STM32WB0x_HAL_Driver/Src/stm32wb0x_hal_radio_timer.c:919:10:HAL_RADIO_TIMER_StartVirtualTimer	48	static
../Drivers/STM32WB0x_HAL_Driver/Src/stm32wb0x_hal_radio_timer.c:937:10:HAL_RADIO_TIMER_StartVirtualTimerSysTime	40	static
../Drivers/STM32WB0x_HAL_Driver/Src/stm32wb0x_hal_radio_timer.c:951:6:HAL_RADIO_TIMER_StopVirtualTimer	48	static,ignoring_inline_asm
../Drivers/STM32WB0x_HAL_Driver/Src/stm32wb0x_hal_radio_timer.c:976:10:HAL_RADIO_TIMER_ExpiryTime	16	static
../Drivers/STM32WB0x_HAL_Driver/Src/stm32wb0x_hal_radio_timer.c:1008:6:HAL_RADIO_TIMER_TimeoutCallback	16	static
../Drivers/STM32WB0x_HAL_Driver/Src/stm32wb0x_hal_radio_timer.c:1028:10:HAL_RADIO_TIMER_GetPendingTimers	16	static
../Drivers/STM32WB0x_HAL_Driver/Src/stm32wb0x_hal_radio_timer.c:1048:10:HAL_RADIO_TIMER_GetSysTime64	32	static
../Drivers/STM32WB0x_HAL_Driver/Src/stm32wb0x_hal_radio_timer.c:1064:10:HAL_RADIO_TIMER_GetFutureSysTime64	72	static
../Drivers/STM32WB0x_HAL_Driver/Src/stm32wb0x_hal_radio_timer.c:1090:13:_calibrationProcedure	8	static
../Drivers/STM32WB0x_HAL_Driver/Src/stm32wb0x_hal_radio_timer.c:1107:13:_timer_start_calibration	8	static
../Drivers/STM32WB0x_HAL_Driver/Src/stm32wb0x_hal_radio_timer.c:1115:13:_timer_calibrate	16	static
../Drivers/STM32WB0x_HAL_Driver/Src/stm32wb0x_hal_radio_timer.c:1122:13:_get_calibration_data	48	static
../Drivers/STM32WB0x_HAL_Driver/Src/stm32wb0x_hal_radio_timer.c:1158:13:_configureTxRxDelay	32	static
../Drivers/STM32WB0x_HAL_Driver/Src/stm32wb0x_hal_radio_timer.c:1178:17:_us_to_systime	24	static
../Drivers/STM32WB0x_HAL_Driver/Src/stm32wb0x_hal_radio_timer.c:1186:17:_us_to_machinetime	48	static
../Drivers/STM32WB0x_HAL_Driver/Src/stm32wb0x_hal_radio_timer.c:1194:13:_update_xtal_startup_time	24	static
../Drivers/STM32WB0x_HAL_Driver/Src/stm32wb0x_hal_radio_timer.c:1210:13:_calibration_callback	24	static
../Drivers/STM32WB0x_HAL_Driver/Src/stm32wb0x_hal_radio_timer.c:1223:16:_start_timer	48	static,ignoring_inline_asm
../Drivers/STM32WB0x_HAL_Driver/Src/stm32wb0x_hal_radio_timer.c:1254:17:_get_system_time_and_machine	56	static,ignoring_inline_asm
../Drivers/STM32WB0x_HAL_Driver/Src/stm32wb0x_hal_radio_timer.c:1275:27:_update_user_timeout	56	static,ignoring_inline_asm
../Drivers/STM32WB0x_HAL_Driver/Src/stm32wb0x_hal_radio_timer.c:1340:17:VTIMER_SetWakeupTime	24	static
../Drivers/STM32WB0x_HAL_Driver/Src/stm32wb0x_hal_radio_timer.c:1356:27:_insert_timer_in_queue	32	static
../Drivers/STM32WB0x_HAL_Driver/Src/stm32wb0x_hal_radio_timer.c:1383:13:_virtualTimeBaseEnable	16	static
../Drivers/STM32WB0x_HAL_Driver/Src/stm32wb0x_hal_radio_timer.c:1400:27:_remove_timer_in_queue	32	static
../Drivers/STM32WB0x_HAL_Driver/Src/stm32wb0x_hal_radio_timer.c:1430:27:_check_callbacks	48	static
../Drivers/STM32WB0x_HAL_Driver/Src/stm32wb0x_hal_radio_timer.c:1475:13:_updateCalibrationData	72	static,ignoring_inline_asm
../Drivers/STM32WB0x_HAL_Driver/Src/stm32wb0x_hal_radio_timer.c:1506:13:_update_system_time	48	static
../Drivers/STM32WB0x_HAL_Driver/Src/stm32wb0x_hal_radio_timer.c:1537:13:_check_radio_activity	56	static,ignoring_inline_asm
../Drivers/STM32WB0x_HAL_Driver/Src/stm32wb0x_hal_radio_timer.c:1662:16:TIMER_SetRadioTimerValue	48	static
../Drivers/STM32WB0x_HAL_Driver/Src/stm32wb0x_hal_radio_timer.c:1754:17:TIMER_GetPastSysTime	32	static
../Drivers/STM32WB0x_HAL_Driver/Src/stm32wb0x_hal_radio_timer.c:1769:13:TIMER_SleepCheck	8	static
../Drivers/STM32WB0x_HAL_Driver/Src/stm32wb0x_hal_radio_timer.c:1783:16:TIMER_GetRadioTimerValue	16	static
../Drivers/STM32WB0x_HAL_Driver/Src/stm32wb0x_hal_radio_timer.c:1806:13:HAL_RADIO_TIMER_CpuWakeUpCallback	8	static
../Drivers/STM32WB0x_HAL_Driver/Src/stm32wb0x_hal_radio_timer.c:1811:13:HAL_RADIO_TIMER_TxRxWakeUpCallback	8	static
../Drivers/STM32WB0x_HAL_Driver/Src/stm32wb0x_hal_radio_timer.c:1815:6:HAL_RADIO_TIMER_CPU_WKUP_IRQHandler	8	static
../Drivers/STM32WB0x_HAL_Driver/Src/stm32wb0x_hal_radio_timer.c:1822:6:HAL_RADIO_TIMER_TXRX_WKUP_IRQHandler	8	static
../Drivers/STM32WB0x_HAL_Driver/Src/stm32wb0x_hal_radio_timer.c:1830:6:HAL_RADIO_TIMER_ERROR_IRQHandler	16	static
