../Drivers/STM32WB0x_HAL_Driver/Inc/stm32wb0x_ll_radio.h:861:22:LL_RADIO_SetRadioConfigurationAddressPointer	16	static
../Drivers/STM32WB0x_HAL_Driver/Inc/stm32wb0x_ll_radio.h:935:22:LL_RADIO_SetWakeupInitDelay	16	static
../Drivers/STM32WB0x_HAL_Driver/Inc/stm32wb0x_ll_radio.h:955:22:LL_RADIO_SetTimer12InitDelayCal	16	static
../Drivers/STM32WB0x_HAL_Driver/Inc/stm32wb0x_ll_radio.h:979:22:LL_RADIO_SetTimer12InitDelayNoCal	16	static
../Drivers/STM32WB0x_HAL_Driver/Inc/stm32wb0x_ll_radio.h:1001:22:LL_RADIO_SetTransmitCalDelayChk	16	static
../Drivers/STM32WB0x_HAL_Driver/Inc/stm32wb0x_ll_radio.h:1023:22:LL_RADIO_SetTransmitNoCalDelayChk	16	static
../Drivers/STM32WB0x_HAL_Driver/Inc/stm32wb0x_ll_radio.h:1047:22:LL_RADIO_SetReceivedCalDelayChk	16	static
../Drivers/STM32WB0x_HAL_Driver/Inc/stm32wb0x_ll_radio.h:1070:22:LL_RADIO_SetReceivedNoCalDelayChk	16	static
../Drivers/STM32WB0x_HAL_Driver/Inc/stm32wb0x_ll_radio.h:1094:22:LL_RADIO_SetConfigurationEndDuration	16	static
../Drivers/STM32WB0x_HAL_Driver/Inc/stm32wb0x_ll_radio.h:1118:22:LL_RADIO_SetTxDataReadyCheck	16	static
../Drivers/STM32WB0x_HAL_Driver/Inc/stm32wb0x_ll_radio.h:1141:22:LL_RADIO_SetTxDelayStart	16	static
../Drivers/STM32WB0x_HAL_Driver/Inc/stm32wb0x_ll_radio.h:1164:22:LL_RADIO_SetTxDelayEnd	16	static
../Drivers/STM32WB0x_HAL_Driver/Inc/stm32wb0x_ll_radio.h:1235:22:LL_RADIO_SetTransmissionReadyTimeout	16	static
../Drivers/STM32WB0x_HAL_Driver/Inc/stm32wb0x_ll_radio.h:1281:22:LL_RADIO_ChkFlagAutoclearEnable_Enable	8	static
../Drivers/STM32WB0x_HAL_Driver/Inc/stm32wb0x_ll_radio.h:1312:22:LL_RADIO_NoActiveLErrorInterrupt_Enable	8	static
../Drivers/STM32WB0x_HAL_Driver/Inc/stm32wb0x_ll_radio.h:1342:22:LL_RADIO_TxRxSkipInterrupt_Enable	8	static
../Drivers/STM32WB0x_HAL_Driver/Inc/stm32wb0x_ll_radio.h:1372:22:LL_RADIO_Active2ErrorInterrupt_Enable	8	static
../Drivers/STM32WB0x_HAL_Driver/Inc/stm32wb0x_ll_radio.h:1405:22:LL_RADIO_SetDefaultAntennaID	16	static
../Drivers/STM32WB0x_HAL_Driver/Inc/stm32wb0x_ll_radio_timer.h:99:22:LL_RADIO_TIMER_DisableTimer1	16	static
../Drivers/STM32WB0x_HAL_Driver/Inc/stm32wb0x_ll_radio_timer.h:132:22:LL_RADIO_TIMER_DisableTimer2	16	static
../Drivers/STM32WB0x_HAL_Driver/Inc/stm32wb0x_ll_radio_timer.h:207:22:LL_RADIO_TIMER_DisableBLEWakeupTimer	16	static
../Drivers/STM32WB0x_HAL_Driver/Src/stm32wb0x_hal_radio.c:165:16:CondRoutineTrue	16	static
../Drivers/STM32WB0x_HAL_Driver/Src/stm32wb0x_hal_radio.c:170:16:DataRoutineNull	16	static
../Drivers/STM32WB0x_HAL_Driver/Src/stm32wb0x_hal_radio.c:175:16:CondRoutineRxTrue	16	static
../Drivers/STM32WB0x_HAL_Driver/Src/stm32wb0x_hal_radio.c:223:6:HAL_RADIO_Init	64	static
../Drivers/STM32WB0x_HAL_Driver/Src/stm32wb0x_hal_radio.c:423:8:HAL_RADIO_ReadRSSI	32	static
../Drivers/STM32WB0x_HAL_Driver/Src/stm32wb0x_hal_radio.c:457:9:HAL_RADIO_Callback	32	static
../Drivers/STM32WB0x_HAL_Driver/Src/stm32wb0x_hal_radio.c:503:13:HAL_RADIO_CallbackRcvError	16	static
../Drivers/STM32WB0x_HAL_Driver/Src/stm32wb0x_hal_radio.c:504:13:HAL_RADIO_CallbackRcvTimeout	16	static
../Drivers/STM32WB0x_HAL_Driver/Src/stm32wb0x_hal_radio.c:505:13:HAL_RADIO_CallbackRcvEncryptErr	16	static
../Drivers/STM32WB0x_HAL_Driver/Src/stm32wb0x_hal_radio.c:506:13:HAL_RADIO_CallbackRcvOk	16	static
../Drivers/STM32WB0x_HAL_Driver/Src/stm32wb0x_hal_radio.c:507:13:HAL_RADIO_CallbackTxDone	8	static
../Drivers/STM32WB0x_HAL_Driver/Src/stm32wb0x_hal_radio.c:514:13:HAL_RADIO_ActionPacketIsr	48	static
../Drivers/STM32WB0x_HAL_Driver/Src/stm32wb0x_hal_radio.c:612:13:HAL_RADIO_MspInit	16	static
../Drivers/STM32WB0x_HAL_Driver/Src/stm32wb0x_hal_radio.c:628:13:HAL_RADIO_MspDeInit	16	static
../Drivers/STM32WB0x_HAL_Driver/Src/stm32wb0x_hal_radio.c:646:9:HAL_RADIO_StopActivity	16	static,ignoring_inline_asm
../Drivers/STM32WB0x_HAL_Driver/Src/stm32wb0x_hal_radio.c:669:6:HAL_RADIO_SetChannelMap	32	static
../Drivers/STM32WB0x_HAL_Driver/Src/stm32wb0x_hal_radio.c:710:6:HAL_RADIO_SetChannel	24	static
../Drivers/STM32WB0x_HAL_Driver/Src/stm32wb0x_hal_radio.c:736:6:HAL_RADIO_SetTxAttributes	24	static
../Drivers/STM32WB0x_HAL_Driver/Src/stm32wb0x_hal_radio.c:758:6:HAL_RADIO_SetEncryptionCount	40	static
../Drivers/STM32WB0x_HAL_Driver/Src/stm32wb0x_hal_radio.c:779:6:HAL_RADIO_SetEncryptionAttributes	48	static
../Drivers/STM32WB0x_HAL_Driver/Src/stm32wb0x_hal_radio.c:805:6:HAL_RADIO_SetMaxReceivedLength	16	static
../Drivers/STM32WB0x_HAL_Driver/Src/stm32wb0x_hal_radio.c:816:6:HAL_RADIO_SetBackToBackTime	16	static
../Drivers/STM32WB0x_HAL_Driver/Src/stm32wb0x_hal_radio.c:833:6:HAL_RADIO_SetPhy	16	static
../Drivers/STM32WB0x_HAL_Driver/Src/stm32wb0x_hal_radio.c:857:6:HAL_RADIO_SetEncryptFlags	24	static
../Drivers/STM32WB0x_HAL_Driver/Src/stm32wb0x_hal_radio.c:884:6:HAL_RADIO_SetGlobalReceiveTimeout	16	static
../Drivers/STM32WB0x_HAL_Driver/Src/stm32wb0x_hal_radio.c:929:6:HAL_RADIO_SetReservedArea	24	static
../Drivers/STM32WB0x_HAL_Driver/Src/stm32wb0x_hal_radio.c:1008:9:HAL_RADIO_MakeActionPacketPending	40	static,ignoring_inline_asm
../Drivers/STM32WB0x_HAL_Driver/Src/stm32wb0x_hal_radio.c:1068:9:HAL_RADIO_GetStatus	32	static
../Drivers/STM32WB0x_HAL_Driver/Src/stm32wb0x_hal_radio.c:1084:6:HAL_RADIO_SetTxPower	24	static
../Drivers/STM32WB0x_HAL_Driver/Src/stm32wb0x_hal_radio.c:1102:6:HAL_RADIO_SetDefaultPreambleLen	16	static
../Drivers/STM32WB0x_HAL_Driver/Src/stm32wb0x_hal_radio.c:1114:6:HAL_RADIO_SetPreambleRep	16	static
../Drivers/STM32WB0x_HAL_Driver/Src/stm32wb0x_hal_radio.c:1136:6:HAL_RADIO_DisableCRC	16	static
../Drivers/STM32WB0x_HAL_Driver/Src/stm32wb0x_hal_radio.c:1174:9:HAL_RADIO_StartTone	72	static
../Drivers/STM32WB0x_HAL_Driver/Src/stm32wb0x_hal_radio.c:1261:9:HAL_RADIO_StopTone	16	static
../Drivers/STM32WB0x_HAL_Driver/Src/stm32wb0x_hal_radio.c:1290:6:HAL_RADIO_EncryptPlainData	88	static
../Drivers/STM32WB0x_HAL_Driver/Src/stm32wb0x_hal_radio.c:1351:9:HAL_RADIO_SetNetworkID	16	static
../Drivers/STM32WB0x_HAL_Driver/Src/stm32wb0x_hal_radio.c:1371:9:HAL_RADIO_SendPacket	64	static
../Drivers/STM32WB0x_HAL_Driver/Src/stm32wb0x_hal_radio.c:1431:9:HAL_RADIO_SendPacketWithAck	64	static
../Drivers/STM32WB0x_HAL_Driver/Src/stm32wb0x_hal_radio.c:1554:16:CarrierSenseCallback	16	static
../Drivers/STM32WB0x_HAL_Driver/Src/stm32wb0x_hal_radio.c:1580:9:HAL_RADIO_CarrierSense	48	static
../Drivers/STM32WB0x_HAL_Driver/Src/stm32wb0x_hal_radio.c:1627:9:HAL_RADIO_ReceivePacket	64	static
../Drivers/STM32WB0x_HAL_Driver/Src/stm32wb0x_hal_radio.c:1689:9:HAL_RADIO_ReceivePacketWithAck	64	static
../Drivers/STM32WB0x_HAL_Driver/Src/stm32wb0x_hal_radio.c:1749:13:HAL_RADIO_TxRxCallback	16	static
../Drivers/STM32WB0x_HAL_Driver/Src/stm32wb0x_hal_radio.c:1754:13:HAL_RADIO_TxRxSeqCallback	8	static
../Drivers/STM32WB0x_HAL_Driver/Src/stm32wb0x_hal_radio.c:1758:6:HAL_RADIO_TXRX_IRQHandler	16	static
../Drivers/STM32WB0x_HAL_Driver/Src/stm32wb0x_hal_radio.c:1785:6:HAL_RADIO_TXRX_SEQ_IRQHandler	8	static
