../Drivers/CMSIS/Include/core_cm0plus.h:987:34:__NVIC_SystemReset	8	static,ignoring_inline_asm
../STM32_BLE/App/app_ble.c:200:6:ModulesInit	8	static
../STM32_BLE/App/app_ble.c:209:6:BLE_Init	120	static
../STM32_BLE/App/app_ble.c:430:6:BLEStack_Process_Schedule	8	static
../STM32_BLE/App/app_ble.c:436:13:BLEStack_Process	8	static
../STM32_BLE/App/app_ble.c:444:6:VTimer_Process	8	static
../STM32_BLE/App/app_ble.c:449:6:VTimer_Process_Schedule	8	static
../STM32_BLE/App/app_ble.c:453:6:NVM_Process	8	static
../STM32_BLE/App/app_ble.c:458:6:NVM_Process_Schedule	8	static
../STM32_BLE/App/app_ble.c:464:6:HAL_RADIO_TIMER_TxRxWakeUpCallback	8	static
../STM32_BLE/App/app_ble.c:470:6:HAL_RADIO_TIMER_CpuWakeUpCallback	8	static
../STM32_BLE/App/app_ble.c:476:6:HAL_RADIO_TxRxCallback	16	static
../STM32_BLE/App/app_ble.c:484:6:BLE_STACK_ProcessRequest	8	static
../STM32_BLE/App/app_ble.c:490:6:APP_BLE_Init	8	static
../STM32_BLE/App/app_ble.c:538:6:BLEEVT_App_Notification	120	static
../STM32_BLE/App/app_ble.c:829:13:connection_complete_event	24	static
../STM32_BLE/App/app_ble.c:886:22:APP_BLE_Get_Server_Connection_Status	8	static
../STM32_BLE/App/app_ble.c:891:6:APP_BLE_Procedure_Gap_General	48	static
../STM32_BLE/App/app_ble.c:979:6:APP_BLE_Procedure_Gap_Peripheral	96	static
../STM32_BLE/App/app_ble.c:1169:13:gap_cmd_resp_release	8	static
../STM32_BLE/App/app_ble.c:1175:13:gap_cmd_resp_wait	8	static
