../Core/Src/FLASH.c:36:9:FLASH_Init	16	static
../Core/Src/FLASH.c:76:9:FLASH_SetDCVol	48	static
../Core/Src/FLASH.c:97:9:FLASH_GetVolume	16	static
../Core/Src/FLASH.c:111:9:FLASH_GetDutyCycle	16	static
../Core/Src/FLASH.c:123:9:FLASH_AppendLogs	24	static
../Core/Src/FLASH.c:145:10:FLASH_GetLogsSize	8	static
../Core/Src/FLASH.c:156:15:FLASH_ReadLogs	40	static
../Core/Src/FLASH.c:178:9:FLASH_ClearLogs	40	static
../Core/Src/FLASH.c:197:9:FLASH_AppendSchedule	24	static
../Core/Src/FLASH.c:219:10:FLASH_GetScheduleSize	8	static
../Core/Src/FLASH.c:230:15:FLASH_ReadSchedule	40	static
../Core/Src/FLASH.c:252:9:FLASH_ClearSchedule	40	static
