../Core/Src/FLASH.c:36:9:FLASH_Init	16	static
../Core/Src/FLASH.c:76:9:FLASH_SetDCVol	48	static
../Core/Src/FLASH.c:97:9:FLASH_GetVolume	16	static
../Core/Src/FLASH.c:111:9:FLASH_GetDutyCycle	16	static
../Core/Src/FLASH.c:123:9:FLASH_AppendLogs	24	static
../Core/Src/FLASH.c:144:10:FLASH_GetLogsSize	8	static
../Core/Src/FLASH.c:155:15:FLASH_ReadLogs	40	static
../Core/Src/FLASH.c:176:9:FLASH_ClearLogs	40	static
../Core/Src/FLASH.c:195:9:FLASH_AppendSchedule	32	static
../Core/Src/FLASH.c:217:10:FLASH_GetScheduleSize	8	static
../Core/Src/FLASH.c:228:15:FLASH_ReadSchedule	40	static
../Core/Src/FLASH.c:249:9:FLASH_ClearSchedule	40	static
