../Drivers/STM32WB0x_HAL_Driver/Inc/stm32wb0x_ll_pwr.h:2694:22:LL_PWR_SetNoPullA	16	static
../Drivers/STM32WB0x_HAL_Driver/Inc/stm32wb0x_ll_pwr.h:2723:22:LL_PWR_SetNoPullB	16	static
../Drivers/STM32WB0x_HAL_Driver/Inc/stm32wb0x_ll_bus.h:229:22:LL_AHB1_GRP1_EnableClock	24	static
../Core/Src/main.c:68:5:main	8	static
../Core/Src/main.c:159:6:SystemClock_Config	16	static
../Core/Src/main.c:178:6:PeriphCommonClock_Config	32	static
../Core/Src/main.c:198:13:MX_GPIO_Init	32	static
../Core/Src/main.c:251:6:HAL_GPIO_EXTI_Callback	16	static
../Core/Src/main.c:276:6:Error_Handler	8	static,ignoring_inline_asm
