../Drivers/STM32WB0x_HAL_Driver/Inc/stm32wb0x_ll_radio_timer.h:325:26:LL_RADIO_TIMER_GetAbsoluteTime	16	static
../Drivers/STM32WB0x_HAL_Driver/Inc/stm32wb0x_ll_bus.h:642:22:LL_APB2_GRP1_EnableClock	24	static
../Drivers/STM32WB0x_HAL_Driver/Inc/stm32wb0x_ll_bus.h:659:26:LL_APB2_GRP1_IsEnabledClock	16	static
../Drivers/STM32WB0x_HAL_Driver/Inc/stm32wb0x_ll_bus.h:685:22:LL_APB2_GRP1_ForceReset	16	static
../Drivers/STM32WB0x_HAL_Driver/Inc/stm32wb0x_ll_bus.h:698:22:LL_APB2_GRP1_ReleaseReset	16	static
../Core/Src/main.c:68:5:main	32	static
../Core/Src/main.c:129:13:MX_PKA_Init	8	static
../Core/Src/main.c:155:13:MX_RADIO_Init	16	static
../Core/Src/main.c:190:13:MX_RADIO_TIMER_Init	16	static
../Core/Src/main.c:229:13:MX_RNG_Init	8	static
