../Core/Src/Oled.c:14:6:OledInit	8	static
../Core/Src/Oled.c:29:6:OledSetPixel	32	static
../Core/Src/Oled.c:50:5:OledGetPixel	24	static
../Core/Src/Oled.c:65:9:OledDrawChar	80	static
../Core/Src/Oled.c:109:6:OledDrawString	32	static
../Core/Src/Oled.c:154:6:OledClear	24	static
../Core/Src/Oled.c:166:6:OledSetDisplayInverted	8	static
../Core/Src/Oled.c:171:6:OledSetDisplayNormal	8	static
../Core/Src/Oled.c:176:6:OledOn	8	static
../Core/Src/Oled.c:181:6:OledOff	8	static
../Core/Src/Oled.c:186:6:OledUpdate	8	static
