../Core/Src/Scheduler.c:35:6:CompareTime	56	static
../Core/Src/Scheduler.c:83:9:Scheduler_GetMonth	8	static
../Core/Src/Scheduler.c:86:9:Scheduler_GetDay	8	static
../Core/Src/Scheduler.c:89:9:Scheduler_GetHour	8	static
../Core/Src/Scheduler.c:92:9:Scheduler_GetMinute	8	static
../Core/Src/Scheduler.c:103:9:Scheduler_Event_Init	16	static
../Core/Src/Scheduler.c:118:6:Scheduler_Event_Post	16	static
../Core/Src/Scheduler.c:129:9:Scheduler_Event_Updater	24	static
../Core/Src/Scheduler.c:147:9:Scheduler_Event_Handler	16	static
