../Core/Src/Scheduler.c:36:6:CompareTime	80	static
../Core/Src/Scheduler.c:123:9:Scheduler_GetMonth	8	static
../Core/Src/Scheduler.c:127:9:Scheduler_GetDay	8	static
../Core/Src/Scheduler.c:131:9:Scheduler_GetHour	8	static
../Core/Src/Scheduler.c:135:9:Scheduler_GetMinute	8	static
../Core/Src/Scheduler.c:147:9:Scheduler_Event_Init	16	static
../Core/Src/Scheduler.c:163:6:Scheduler_Event_Post	16	static
../Core/Src/Scheduler.c:174:9:Scheduler_Event_Updater	24	static
../Core/Src/Scheduler.c:192:9:Scheduler_Event_Handler	16	static
