../Drivers/STM32WB0x_HAL_Driver/Inc/stm32wb0x_ll_pwr.h:2694:22:LL_PWR_SetNoPullA	16	static
../Drivers/STM32WB0x_HAL_Driver/Inc/stm32wb0x_ll_pwr.h:2723:22:LL_PWR_SetNoPullB	16	static
../Drivers/STM32WB0x_HAL_Driver/Inc/stm32wb0x_ll_bus.h:229:22:LL_AHB1_GRP1_EnableClock	24	static
../Drivers/STM32WB0x_HAL_Driver/Inc/stm32wb0x_ll_bus.h:358:22:LL_APB0_GRP1_EnableClock	24	static
../Drivers/STM32WB0x_HAL_Driver/Inc/stm32wb0x_ll_bus.h:414:22:LL_APB0_GRP1_DisableClock	16	static
../Drivers/STM32WB0x_HAL_Driver/Inc/stm32wb0x_ll_bus.h:504:22:LL_APB1_GRP1_EnableClock	24	static
../Drivers/STM32WB0x_HAL_Driver/Inc/stm32wb0x_ll_bus.h:566:22:LL_APB1_GRP1_DisableClock	16	static
../Drivers/STM32WB0x_HAL_Driver/Inc/stm32wb0x_ll_bus.h:642:22:LL_APB2_GRP1_EnableClock	24	static
../Drivers/STM32WB0x_HAL_Driver/Inc/stm32wb0x_ll_bus.h:659:26:LL_APB2_GRP1_IsEnabledClock	16	static
../Drivers/STM32WB0x_HAL_Driver/Inc/stm32wb0x_ll_bus.h:672:22:LL_APB2_GRP1_DisableClock	16	static
../Drivers/STM32WB0x_HAL_Driver/Inc/stm32wb0x_ll_bus.h:685:22:LL_APB2_GRP1_ForceReset	16	static
../Drivers/STM32WB0x_HAL_Driver/Inc/stm32wb0x_ll_bus.h:698:22:LL_APB2_GRP1_ReleaseReset	16	static
../Core/Src/stm32wb0x_hal_msp.c:63:6:HAL_MspInit	8	static
../Core/Src/stm32wb0x_hal_msp.c:85:6:HAL_I2C_MspInit	48	static
../Core/Src/stm32wb0x_hal_msp.c:127:6:HAL_I2C_MspDeInit	16	static
../Core/Src/stm32wb0x_hal_msp.c:160:6:HAL_UART_MspInit	72	static
../Core/Src/stm32wb0x_hal_msp.c:220:6:HAL_UART_MspDeInit	16	static
../Core/Src/stm32wb0x_hal_msp.c:251:6:HAL_RADIO_MspInit	72	static
../Core/Src/stm32wb0x_hal_msp.c:314:6:HAL_RADIO_MspDeInit	16	static
../Core/Src/stm32wb0x_hal_msp.c:348:6:HAL_TIM_Base_MspInit	16	static
../Core/Src/stm32wb0x_hal_msp.c:374:6:HAL_TIM_Base_MspDeInit	16	static
