../Drivers/STM32WB0x_HAL_Driver/Inc/stm32wb0x_ll_bus.h:229:22:LL_AHB1_GRP1_EnableClock	24	static
../Drivers/STM32WB0x_HAL_Driver/Inc/stm32wb0x_ll_bus.h:279:22:LL_AHB1_GRP1_DisableClock	16	static
../Drivers/STM32WB0x_HAL_Driver/Inc/stm32wb0x_ll_bus.h:358:22:LL_APB0_GRP1_EnableClock	24	static
../Drivers/STM32WB0x_HAL_Driver/Inc/stm32wb0x_ll_bus.h:414:22:LL_APB0_GRP1_DisableClock	16	static
../Drivers/STM32WB0x_HAL_Driver/Inc/stm32wb0x_ll_bus.h:504:22:LL_APB1_GRP1_EnableClock	24	static
../Drivers/STM32WB0x_HAL_Driver/Inc/stm32wb0x_ll_bus.h:566:22:LL_APB1_GRP1_DisableClock	16	static
../Drivers/STM32WB0x_HAL_Driver/Inc/stm32wb0x_ll_bus.h:642:22:LL_APB2_GRP1_EnableClock	24	static
../Drivers/STM32WB0x_HAL_Driver/Inc/stm32wb0x_ll_bus.h:659:26:LL_APB2_GRP1_IsEnabledClock	16	static
../Drivers/STM32WB0x_HAL_Driver/Inc/stm32wb0x_ll_bus.h:672:22:LL_APB2_GRP1_DisableClock	16	static
../Drivers/STM32WB0x_HAL_Driver/Inc/stm32wb0x_ll_bus.h:685:22:LL_APB2_GRP1_ForceReset	16	static
../Drivers/STM32WB0x_HAL_Driver/Inc/stm32wb0x_ll_bus.h:698:22:LL_APB2_GRP1_ReleaseReset	16	static
../Core/Src/stm32wb0x_hal_msp.c:63:6:HAL_MspInit	8	static
../Core/Src/stm32wb0x_hal_msp.c:85:6:HAL_I2C_MspInit	48	static
../Core/Src/stm32wb0x_hal_msp.c:138:6:HAL_I2C_MspDeInit	16	static
../Core/Src/stm32wb0x_hal_msp.c:169:6:HAL_UART_MspInit	72	static
../Core/Src/stm32wb0x_hal_msp.c:231:6:HAL_UART_MspDeInit	16	static
../Core/Src/stm32wb0x_hal_msp.c:262:6:HAL_PKA_MspInit	16	static
../Core/Src/stm32wb0x_hal_msp.c:285:6:HAL_PKA_MspDeInit	16	static
../Core/Src/stm32wb0x_hal_msp.c:307:6:HAL_RADIO_MspInit	48	static
../Core/Src/stm32wb0x_hal_msp.c:360:6:HAL_RADIO_MspDeInit	16	static
../Core/Src/stm32wb0x_hal_msp.c:388:6:HAL_RNG_MspInit	16	static
../Core/Src/stm32wb0x_hal_msp.c:411:6:HAL_RNG_MspDeInit	16	static
../Core/Src/stm32wb0x_hal_msp.c:433:6:HAL_TIM_Base_MspInit	16	static
../Core/Src/stm32wb0x_hal_msp.c:459:6:HAL_TIM_Base_MspDeInit	16	static
