../Drivers/STM32WB0x_HAL_Driver/Inc/stm32wb0x_ll_lpuart.h:1660:26:LL_LPUART_IsActiveFlag_RXNE_RXFNE	2
../Drivers/STM32WB0x_HAL_Driver/Inc/stm32wb0x_ll_lpuart.h:1684:26:LL_LPUART_IsActiveFlag_TXE_TXFNF	2
../Core/Src/UART.c:73:6:LPUART1_IRQHandler	1
../Core/Src/UART.c:84:6:USART1_IRQHandler	8
../Core/Src/UART.c:125:5:UART_Init	5
../Core/Src/UART.c:195:6:LPUART_ReadRx	2
../Core/Src/UART.c:210:6:LPUART_WriteTx	2
../Core/Src/UART.c:224:6:USART_ReadRx	3
../Core/Src/UART.c:241:6:USART_WriteTx	4
../Core/Src/UART.c:264:5:main	2
