../Drivers/STM32WB0x_HAL_Driver/Inc/stm32wb0x_ll_lpuart.h:1664:26:LL_LPUART_IsActiveFlag_RXNE_RXFNE	16	static
../Drivers/STM32WB0x_HAL_Driver/Inc/stm32wb0x_ll_lpuart.h:1688:26:LL_LPUART_IsActiveFlag_TXE_TXFNF	16	static
../Core/Src/UART.c:45:6:LPUART1_IRQHandler	8	static
../Core/Src/UART.c:56:6:USART1_IRQHandler	16	static
../Core/Src/UART.c:97:5:UARTs_Init	8	static
../Core/Src/UART.c:196:6:LPUART_ReadRx	8	static
../Core/Src/UART.c:211:6:LPUART_WriteTx	16	static
../Core/Src/UART.c:225:6:USART_ReadRx	16	static
../Core/Src/UART.c:242:6:USART_WriteTx	16	static
../Core/Src/UART.c:266:9:USART_TxEmpty	8	static
