../Drivers/STM32WB0x_HAL_Driver/Inc/stm32wb0x_ll_lpuart.h:1660:26:LL_LPUART_IsActiveFlag_RXNE_RXFNE	16	static
../Drivers/STM32WB0x_HAL_Driver/Inc/stm32wb0x_ll_lpuart.h:1684:26:LL_LPUART_IsActiveFlag_TXE_TXFNF	16	static
../Core/Src/UART.c:42:6:LPUART1_IRQHandler	8	static
../Core/Src/UART.c:53:6:USART1_IRQHandler	16	static
../Core/Src/UART.c:94:5:UART_Init	8	static
../Core/Src/UART.c:164:6:LPUART_ReadRx	8	static
../Core/Src/UART.c:179:6:LPUART_WriteTx	16	static
../Core/Src/UART.c:193:6:USART_ReadRx	16	static
../Core/Src/UART.c:210:6:USART_WriteTx	16	static
../Core/Src/UART.c:231:9:USART_TxEmpty	8	static
