Archive member included to satisfy reference by file (symbol)

C:/ST/STM32CubeIDE_1.17.0/STM32CubeIDE/plugins/com.st.stm32cube.ide.mcu.externaltools.gnu-tools-for-stm32.12.3.rel1.win32_1.1.0.202410251130/tools/bin/../lib/gcc/arm-none-eabi/12.3.1/../../../../arm-none-eabi/lib/thumb/v6-m/nofp\libc_nano.a(libc_a-exit.o)
                              C:/ST/STM32CubeIDE_1.17.0/STM32CubeIDE/plugins/com.st.stm32cube.ide.mcu.externaltools.gnu-tools-for-stm32.12.3.rel1.win32_1.1.0.202410251130/tools/bin/../lib/gcc/arm-none-eabi/12.3.1/../../../../arm-none-eabi/lib/thumb/v6-m/nofp/crt0.o (exit)
C:/ST/STM32CubeIDE_1.17.0/STM32CubeIDE/plugins/com.st.stm32cube.ide.mcu.externaltools.gnu-tools-for-stm32.12.3.rel1.win32_1.1.0.202410251130/tools/bin/../lib/gcc/arm-none-eabi/12.3.1/../../../../arm-none-eabi/lib/thumb/v6-m/nofp\libc_nano.a(libc_a-findfp.o)
                              C:/ST/STM32CubeIDE_1.17.0/STM32CubeIDE/plugins/com.st.stm32cube.ide.mcu.externaltools.gnu-tools-for-stm32.12.3.rel1.win32_1.1.0.202410251130/tools/bin/../lib/gcc/arm-none-eabi/12.3.1/../../../../arm-none-eabi/lib/thumb/v6-m/nofp\libc_nano.a(libc_a-exit.o) (__stdio_exit_handler)
C:/ST/STM32CubeIDE_1.17.0/STM32CubeIDE/plugins/com.st.stm32cube.ide.mcu.externaltools.gnu-tools-for-stm32.12.3.rel1.win32_1.1.0.202410251130/tools/bin/../lib/gcc/arm-none-eabi/12.3.1/../../../../arm-none-eabi/lib/thumb/v6-m/nofp\libc_nano.a(libc_a-fwalk.o)
                              C:/ST/STM32CubeIDE_1.17.0/STM32CubeIDE/plugins/com.st.stm32cube.ide.mcu.externaltools.gnu-tools-for-stm32.12.3.rel1.win32_1.1.0.202410251130/tools/bin/../lib/gcc/arm-none-eabi/12.3.1/../../../../arm-none-eabi/lib/thumb/v6-m/nofp\libc_nano.a(libc_a-findfp.o) (_fwalk_sglue)
C:/ST/STM32CubeIDE_1.17.0/STM32CubeIDE/plugins/com.st.stm32cube.ide.mcu.externaltools.gnu-tools-for-stm32.12.3.rel1.win32_1.1.0.202410251130/tools/bin/../lib/gcc/arm-none-eabi/12.3.1/../../../../arm-none-eabi/lib/thumb/v6-m/nofp\libc_nano.a(libc_a-stdio.o)
                              C:/ST/STM32CubeIDE_1.17.0/STM32CubeIDE/plugins/com.st.stm32cube.ide.mcu.externaltools.gnu-tools-for-stm32.12.3.rel1.win32_1.1.0.202410251130/tools/bin/../lib/gcc/arm-none-eabi/12.3.1/../../../../arm-none-eabi/lib/thumb/v6-m/nofp\libc_nano.a(libc_a-findfp.o) (__sread)
C:/ST/STM32CubeIDE_1.17.0/STM32CubeIDE/plugins/com.st.stm32cube.ide.mcu.externaltools.gnu-tools-for-stm32.12.3.rel1.win32_1.1.0.202410251130/tools/bin/../lib/gcc/arm-none-eabi/12.3.1/../../../../arm-none-eabi/lib/thumb/v6-m/nofp\libc_nano.a(libc_a-memset.o)
                              C:/ST/STM32CubeIDE_1.17.0/STM32CubeIDE/plugins/com.st.stm32cube.ide.mcu.externaltools.gnu-tools-for-stm32.12.3.rel1.win32_1.1.0.202410251130/tools/bin/../lib/gcc/arm-none-eabi/12.3.1/../../../../arm-none-eabi/lib/thumb/v6-m/nofp/crt0.o (memset)
C:/ST/STM32CubeIDE_1.17.0/STM32CubeIDE/plugins/com.st.stm32cube.ide.mcu.externaltools.gnu-tools-for-stm32.12.3.rel1.win32_1.1.0.202410251130/tools/bin/../lib/gcc/arm-none-eabi/12.3.1/../../../../arm-none-eabi/lib/thumb/v6-m/nofp\libc_nano.a(libc_a-closer.o)
                              C:/ST/STM32CubeIDE_1.17.0/STM32CubeIDE/plugins/com.st.stm32cube.ide.mcu.externaltools.gnu-tools-for-stm32.12.3.rel1.win32_1.1.0.202410251130/tools/bin/../lib/gcc/arm-none-eabi/12.3.1/../../../../arm-none-eabi/lib/thumb/v6-m/nofp\libc_nano.a(libc_a-stdio.o) (_close_r)
C:/ST/STM32CubeIDE_1.17.0/STM32CubeIDE/plugins/com.st.stm32cube.ide.mcu.externaltools.gnu-tools-for-stm32.12.3.rel1.win32_1.1.0.202410251130/tools/bin/../lib/gcc/arm-none-eabi/12.3.1/../../../../arm-none-eabi/lib/thumb/v6-m/nofp\libc_nano.a(libc_a-reent.o)
                              C:/ST/STM32CubeIDE_1.17.0/STM32CubeIDE/plugins/com.st.stm32cube.ide.mcu.externaltools.gnu-tools-for-stm32.12.3.rel1.win32_1.1.0.202410251130/tools/bin/../lib/gcc/arm-none-eabi/12.3.1/../../../../arm-none-eabi/lib/thumb/v6-m/nofp\libc_nano.a(libc_a-closer.o) (errno)
C:/ST/STM32CubeIDE_1.17.0/STM32CubeIDE/plugins/com.st.stm32cube.ide.mcu.externaltools.gnu-tools-for-stm32.12.3.rel1.win32_1.1.0.202410251130/tools/bin/../lib/gcc/arm-none-eabi/12.3.1/../../../../arm-none-eabi/lib/thumb/v6-m/nofp\libc_nano.a(libc_a-impure.o)
                              C:/ST/STM32CubeIDE_1.17.0/STM32CubeIDE/plugins/com.st.stm32cube.ide.mcu.externaltools.gnu-tools-for-stm32.12.3.rel1.win32_1.1.0.202410251130/tools/bin/../lib/gcc/arm-none-eabi/12.3.1/../../../../arm-none-eabi/lib/thumb/v6-m/nofp\libc_nano.a(libc_a-reent.o) (_impure_ptr)
C:/ST/STM32CubeIDE_1.17.0/STM32CubeIDE/plugins/com.st.stm32cube.ide.mcu.externaltools.gnu-tools-for-stm32.12.3.rel1.win32_1.1.0.202410251130/tools/bin/../lib/gcc/arm-none-eabi/12.3.1/../../../../arm-none-eabi/lib/thumb/v6-m/nofp\libc_nano.a(libc_a-lseekr.o)
[...]
Memory Configuration

Name             Origin             Length             Attributes
RAM              0x20000000         0x00006000         xrw
FLASH            0x10040000         0x0002f000         xr
REGION_NVM       0x1006f000         0x00001000         xr
REGION_ROM       0x10000000         0x00001800         xr
*default*        0x00000000         0xffffffff

Linker script and memory map

LOAD C:/ST/STM32CubeIDE_1.17.0/STM32CubeIDE/plugins/com.st.stm32cube.ide.mcu.externaltools.gnu-tools-for-stm32.12.3.rel1.win32_1.1.0.202410251130/tools/bin/../lib/gcc/arm-none-eabi/12.3.1/thumb/v6-m/nofp/crti.o
LOAD C:/ST/STM32CubeIDE_1.17.0/STM32CubeIDE/plugins/com.st.stm32cube.ide.mcu.externaltools.gnu-tools-for-stm32.12.3.rel1.win32_1.1.0.202410251130/tools/bin/../lib/gcc/arm-none-eabi/12.3.1/thumb/v6-m/nofp/crtbegin.o
LOAD C:/ST/STM32CubeIDE_1.17.0/STM32CubeIDE/plugins/com.st.stm32cube.ide.mcu.externaltools.gnu-tools-for-stm32.12.3.rel1.win32_1.1.0.202410251130/tools/bin/../lib/gcc/arm-none-eabi/12.3.1/../../../../arm-none-eabi/lib/thumb/v6-m/nofp/crt0.o
LOAD ./Core/Src/BOARD.o
LOAD ./Core/Src/GPIO.o
LOAD ./Core/Src/UART.o
LOAD ./Core/Src/main.o
LOAD ./Core/Src/mainUnused.o
LOAD ./Core/Src/stm32wb0x_hal_msp.o
LOAD ./Core/Src/stm32wb0x_it.o
LOAD ./Core/Src/syscalls.o
LOAD ./Core/Src/sysmem.o
LOAD ./Core/Src/system_stm32wb0x.o
LOAD ./Core/Startup/startup_stm32wb05kzvx.o
LOAD ./Drivers/BSP/STM32WB0x-nucleo/stm32wb0x_nucleo.o
LOAD ./Drivers/STM32WB0x_HAL_Driver/Src/stm32wb0x_hal.o
LOAD ./Drivers/STM32WB0x_HAL_Driver/Src/stm32wb0x_hal_cortex.o
LOAD ./Drivers/STM32WB0x_HAL_Driver/Src/stm32wb0x_hal_dma.o
LOAD ./Drivers/STM32WB0x_HAL_Driver/Src/stm32wb0x_hal_flash.o
LOAD ./Drivers/STM32WB0x_HAL_Driver/Src/stm32wb0x_hal_flash_ex.o
LOAD ./Drivers/STM32WB0x_HAL_Driver/Src/stm32wb0x_hal_gpio.o
LOAD ./Drivers/STM32WB0x_HAL_Driver/Src/stm32wb0x_hal_pwr.o
LOAD ./Drivers/STM32WB0x_HAL_Driver/Src/stm32wb0x_hal_pwr_ex.o
LOAD ./Drivers/STM32WB0x_HAL_Driver/Src/stm32wb0x_hal_rcc.o
LOAD ./Drivers/STM32WB0x_HAL_Driver/Src/stm32wb0x_hal_rcc_ex.o
LOAD ./Drivers/STM32WB0x_HAL_Driver/Src/stm32wb0x_hal_uart.o
LOAD ./Drivers/STM32WB0x_HAL_Driver/Src/stm32wb0x_hal_uart_ex.o
START GROUP
LOAD C:/ST/STM32CubeIDE_1.17.0/STM32CubeIDE/plugins/com.st.stm32cube.ide.mcu.externaltools.gnu-tools-for-stm32.12.3.rel1.win32_1.1.0.202410251130/tools/bin/../lib/gcc/arm-none-eabi/12.3.1/../../../../arm-none-eabi/lib/thumb/v6-m/nofp\libc_nano.a
LOAD C:/ST/STM32CubeIDE_1.17.0/STM32CubeIDE/plugins/com.st.stm32cube.ide.mcu.externaltools.gnu-tools-for-stm32.12.3.rel1.win32_1.1.0.202410251130/tools/bin/../lib/gcc/arm-none-eabi/12.3.1/../../../../arm-none-eabi/lib/thumb/v6-m/nofp\libm.a
END GROUP
START GROUP
LOAD C:/ST/STM32CubeIDE_1.17.0/STM32CubeIDE/plugins/com.st.stm32cube.ide.mcu.externaltools.gnu-tools-for-stm32.12.3.rel1.win32_1.1.0.202410251130/tools/bin/../lib/gcc/arm-none-eabi/12.3.1/thumb/v6-m/nofp\libgcc.a
LOAD C:/ST/STM32CubeIDE_1.17.0/STM32CubeIDE/plugins/com.st.stm32cube.ide.mcu.externaltools.gnu-tools-for-stm32.12.3.rel1.win32_1.1.0.202410251130/tools/bin/../lib/gcc/arm-none-eabi/12.3.1/../../../../arm-none-eabi/lib/thumb/v6-m/nofp\libc_nano.a
END GROUP
START GROUP
LOAD C:/ST/STM32CubeIDE_1.17.0/STM32CubeIDE/plugins/com.st.stm32cube.ide.mcu.externaltools.gnu-tools-for-stm32.12.3.rel1.win32_1.1.0.202410251130/tools/bin/../lib/gcc/arm-none-eabi/12.3.1/thumb/v6-m/nofp\libgcc.a
LOAD C:/ST/STM32CubeIDE_1.17.0/STM32CubeIDE/plugins/com.st.stm32cube.ide.mcu.externaltools.gnu-tools-for-stm32.12.3.rel1.win32_1.1.0.202410251130/tools/bin/../lib/gcc/arm-none-eabi/12.3.1/../../../../arm-none-eabi/lib/thumb/v6-m/nofp\libc_nano.a
LOAD C:/ST/STM32CubeIDE_1.17.0/STM32CubeIDE/plugins/com.st.stm32cube.ide.mcu.externaltools.gnu-tools-for-stm32.12.3.rel1.win32_1.1.0.202410251130/tools/bin/../lib/gcc/arm-none-eabi/12.3.1/../../../../arm-none-eabi/lib/thumb/v6-m/nofp\libnosys.a
END GROUP
START GROUP
LOAD C:/ST/STM32CubeIDE_1.17.0/STM32CubeIDE/plugins/com.st.stm32cube.ide.mcu.externaltools.gnu-tools-for-stm32.12.3.rel1.win32_1.1.0.202410251130/tools/bin/../lib/gcc/arm-none-eabi/12.3.1/thumb/v6-m/nofp\libgcc.a
LOAD C:/ST/STM32CubeIDE_1.17.0/STM32CubeIDE/plugins/com.st.stm32cube.ide.mcu.externaltools.gnu-tools-for-stm32.12.3.rel1.win32_1.1.0.202410251130/tools/bin/../lib/gcc/arm-none-eabi/12.3.1/../../../../arm-none-eabi/lib/thumb/v6-m/nofp\libc_nano.a
LOAD C:/ST/STM32CubeIDE_1.17.0/STM32CubeIDE/plugins/com.st.stm32cube.ide.mcu.externaltools.gnu-tools-for-stm32.12.3.rel1.win32_1.1.0.202410251130/tools/bin/../lib/gcc/arm-none-eabi/12.3.1/../../../../arm-none-eabi/lib/thumb/v6-m/nofp\libnosys.a
END GROUP
LOAD C:/ST/STM32CubeIDE_1.17.0/STM32CubeIDE/plugins/com.st.stm32cube.ide.mcu.externaltools.gnu-tools-for-stm32.12.3.rel1.win32_1.1.0.202410251130/tools/bin/../lib/gcc/arm-none-eabi/12.3.1/thumb/v6-m/nofp/crtend.o
LOAD C:/ST/STM32CubeIDE_1.17.0/STM32CubeIDE/plugins/com.st.stm32cube.ide.mcu.externaltools.gnu-tools-for-stm32.12.3.rel1.win32_1.1.0.202410251130/tools/bin/../lib/gcc/arm-none-eabi/12.3.1/thumb/v6-m/nofp/crtn.o
                0x20000000                        _MEMORY_RAM_BEGIN_ = 0x20000000
                0x00006000                        _MEMORY_RAM_SIZE_ = 0x6000
                0x20005fff                        _MEMORY_RAM_END_ = 0x20005fff
                0x10040000                        _MEMORY_FLASH_BEGIN_ = 0x10040000
                0x00030000                        _MEMORY_FLASH_SIZE_ = 0x30000
                0x1006ffff                        _MEMORY_FLASH_END_ = 0x1006ffff
                0x10000000                        _MEMORY_ROM_BEGIN_ = 0x10000000
                0x00001800                        _MEMORY_ROM_SIZE_ = 0x1800
                0x100017ff                        _MEMORY_ROM_END_ = 0x100017ff
                0x00001000                        FLASH_NVM_DATASIZE = 0x1000
                0x00000000                        MEMORY_FLASH_APP_OFFSET = DEFINED (MEMORY_FLASH_APP_OFFSET)?MEMORY_FLASH_APP_OFFSET:0x0
                0x0002f000                        MEMORY_FLASH_APP_SIZE = DEFINED (MEMORY_FLASH_APP_SIZE)?MEMORY_FLASH_APP_SIZE:((_MEMORY_FLASH_SIZE_ - FLASH_NVM_DATASIZE) - MEMORY_FLASH_APP_OFFSET)
                0x00000000                        _Min_Heap_Size = 0x0
                0x00000c00                        _Min_Stack_Size = 0xc00

.intvec         0x10040000       0xc0
                0x10040000                        . = ALIGN (0x4)
 *(.intvec)
 .intvec        0x10040000       0xc0 ./Core/Startup/startup_stm32wb05kzvx.o
                0x10040000                __vector_table
                0x100400c0                        . = ALIGN (0x4)

.text           0x100400c0     0x12e4
                0x100400c0                        . = ALIGN (0x4)
 *(TAG_OTA_START)
 *(.cmd_call_table)
 *(.text)
 .text          0x100400c0      0x114 C:/ST/STM32CubeIDE_1.17.0/STM32CubeIDE/plugins/com.st.stm32cube.ide.mcu.externaltools.gnu-tools-for-stm32.12.3.rel1.win32_1.1.0.202410251130/tools/bin/../lib/gcc/arm-none-eabi/12.3.1/thumb/v6-m/nofp\libgcc.a(_udivsi3.o)
                0x100400c0                __aeabi_uidiv
                0x100400c0                __udivsi3
                0x100401cc                __aeabi_uidivmod
 .text          0x100401d4      0x1d4 C:/ST/STM32CubeIDE_1.17.0/STM32CubeIDE/plugins/com.st.stm32cube.ide.mcu.externaltools.gnu-tools-for-stm32.12.3.rel1.win32_1.1.0.202410251130/tools/bin/../lib/gcc/arm-none-eabi/12.3.1/thumb/v6-m/nofp\libgcc.a(_divsi3.o)
                0x100401d4                __divsi3
                0x100401d4                __aeabi_idiv
                0x100403a0                __aeabi_idivmod
 .text          0x100403a8        0x4 C:/ST/STM32CubeIDE_1.17.0/STM32CubeIDE/plugins/com.st.stm32cube.ide.mcu.externaltools.gnu-tools-for-stm32.12.3.rel1.win32_1.1.0.202410251130/tools/bin/../lib/gcc/arm-none-eabi/12.3.1/thumb/v6-m/nofp\libgcc.a(_dvmd_tls.o)
                0x100403a8                __aeabi_idiv0
                0x100403a8                __aeabi_ldiv0
 .text          0x100403ac       0x40 C:/ST/STM32CubeIDE_1.17.0/STM32CubeIDE/plugins/com.st.stm32cube.ide.mcu.externaltools.gnu-tools-for-stm32.12.3.rel1.win32_1.1.0.202410251130/tools/bin/../lib/gcc/arm-none-eabi/12.3.1/thumb/v6-m/nofp\libgcc.a(_aeabi_uldivmod.o)
                0x100403ac                __aeabi_uldivmod
 .text          0x100403ec      0x198 C:/ST/STM32CubeIDE_1.17.0/STM32CubeIDE/plugins/com.st.stm32cube.ide.mcu.externaltools.gnu-tools-for-stm32.12.3.rel1.win32_1.1.0.202410251130/tools/bin/../lib/gcc/arm-none-eabi/12.3.1/thumb/v6-m/nofp\libgcc.a(_udivmoddi4.o)
                0x100403ec                __udivmoddi4
 .text          0x10040584       0x18 C:/ST/STM32CubeIDE_1.17.0/STM32CubeIDE/plugins/com.st.stm32cube.ide.mcu.externaltools.gnu-tools-for-stm32.12.3.rel1.win32_1.1.0.202410251130/tools/bin/../lib/gcc/arm-none-eabi/12.3.1/thumb/v6-m/nofp\libgcc.a(_clzdi2.o)
                0x10040584                __clzdi2
 .text          0x1004059c       0x3c C:/ST/STM32CubeIDE_1.17.0/STM32CubeIDE/plugins/com.st.stm32cube.ide.mcu.externaltools.gnu-tools-for-stm32.12.3.rel1.win32_1.1.0.202410251130/tools/bin/../lib/gcc/arm-none-eabi/12.3.1/thumb/v6-m/nofp\libgcc.a(_clzsi2.o)
                0x1004059c                __clzsi2
 *(.text*)
 .text.SystemClock_Config
                0x100405d8       0x18 ./Core/Src/BOARD.o
                0x100405d8                SystemClock_Config
 .text.PeriphCommonClock_Config
                0x100405f0       0x24 ./Core/Src/BOARD.o
                0x100405f0                PeriphCommonClock_Config
 .text.BOARD_Init
                0x10040614       0x18 ./Core/Src/BOARD.o
                0x10040614                BOARD_Init
 .text.BOARD_CrashHandler
                0x1004062c        0x4 ./Core/Src/BOARD.o
                0x1004062c                BOARD_CrashHandler
 .text.UART_Init
                0x10040630       0x50 ./Core/Src/UART.o
                0x10040630                UART_Init
 .text.UART_ReadRx
                0x10040680       0x14 ./Core/Src/UART.o
                0x10040680                UART_ReadRx
 .text.UART_WriteTx
                0x10040694       0x10 ./Core/Src/UART.o
                0x10040694                UART_WriteTx
 .text.startup.main
                0x100406a4       0x18 ./Core/Src/UART.o
                0x100406a4                main
 .text.HAL_UART_MspInit
                0x100406bc       0xac ./Core/Src/stm32wb0x_hal_msp.o
                0x100406bc                HAL_UART_MspInit
 .text.NMI_Handler
                0x10040768        0x2 ./Core/Src/stm32wb0x_it.o
                0x10040768                NMI_Handler
 .text.HardFault_Handler
                0x1004076a        0x2 ./Core/Src/stm32wb0x_it.o
                0x1004076a                HardFault_Handler
 .text.SVC_Handler
                0x1004076c        0x2 ./Core/Src/stm32wb0x_it.o
                0x1004076c                SVC_Handler
 .text.PendSV_Handler
                0x1004076e        0x2 ./Core/Src/stm32wb0x_it.o
                0x1004076e                PendSV_Handler
 .text.SysTick_Handler
                0x10040770        0x8 ./Core/Src/stm32wb0x_it.o
                0x10040770                SysTick_Handler
 .text.SystemCoreClockUpdate
                0x10040778       0x30 ./Core/Src/system_stm32wb0x.o
                0x10040778                SystemCoreClockUpdate
 .text.CPUcontextRestore
                0x100407a8        0x2 ./Core/Src/system_stm32wb0x.o
                0x100407a8                CPUcontextRestore
 *fill*         0x100407aa        0x2 
 .text.SystemInit
                0x100407ac      0x14c ./Core/Src/system_stm32wb0x.o
                0x100407ac                SystemInit
 .text.Reset_Handler
                0x100408f8       0x64 ./Core/Startup/startup_stm32wb05kzvx.o
                0x100408f8                Reset_Handler
 .text.Default_Handler
                0x1004095c        0x2 ./Core/Startup/startup_stm32wb05kzvx.o
                0x1004095c                RADIO_TXRX_SEQ_IRQHandler
                0x1004095c                GPIOB_IRQHandler
                0x1004095c                GPIOA_IRQHandler
                0x1004095c                PVD_IRQHandler
                0x1004095c                I2C1_IRQHandler
                0x1004095c                PKA_IRQHandler
                0x1004095c                TIM17_IRQHandler
                0x1004095c                RTC_IRQHandler
                0x1004095c                RADIO_TXRX_IRQHandler
                0x1004095c                TIM16_IRQHandler
                0x1004095c                RCC_IRQHandler
                0x1004095c                RADIO_TIMER_CPU_WKUP_IRQHandler
                0x1004095c                Default_Handler
                0x1004095c                ADC_IRQHandler
                0x1004095c                LPUART1_IRQHandler
                0x1004095c                TIM2_IRQHandler
                0x1004095c                RADIO_TIMER_ERROR_IRQHandler
                0x1004095c                DMA_IRQHandler
                0x1004095c                FLASH_IRQHandler
                0x1004095c                USART1_IRQHandler
                0x1004095c                SPI3_IRQHandler
                0x1004095c                RADIO_TIMER_TXRX_WKUP_IRQHandler
 *fill*         0x1004095e        0x2 
 .text.HAL_InitTick
                0x10040960       0x50 ./Drivers/STM32WB0x_HAL_Driver/Src/stm32wb0x_hal.o
                0x10040960                HAL_InitTick
 .text.HAL_IncTick
                0x100409b0       0x18 ./Drivers/STM32WB0x_HAL_Driver/Src/stm32wb0x_hal.o
                0x100409b0                HAL_IncTick
 .text.HAL_GetTick
                0x100409c8        0xc ./Drivers/STM32WB0x_HAL_Driver/Src/stm32wb0x_hal.o
                0x100409c8                HAL_GetTick
 .text.HAL_GetTickPrio
                0x100409d4        0xc ./Drivers/STM32WB0x_HAL_Driver/Src/stm32wb0x_hal.o
                0x100409d4                HAL_GetTickPrio
 .text.HAL_NVIC_SetPriority
                0x100409e0       0x54 ./Drivers/STM32WB0x_HAL_Driver/Src/stm32wb0x_hal_cortex.o
                0x100409e0                HAL_NVIC_SetPriority
 .text.HAL_SYSTICK_Config
                0x10040a34       0x34 ./Drivers/STM32WB0x_HAL_Driver/Src/stm32wb0x_hal_cortex.o
                0x10040a34                HAL_SYSTICK_Config
 .text.HAL_GPIO_Init
                0x10040a68      0x136 ./Drivers/STM32WB0x_HAL_Driver/Src/stm32wb0x_hal_gpio.o
                0x10040a68                HAL_GPIO_Init
 *fill*         0x10040b9e        0x2 
 .text.LL_RCC_HSE_IsReady
                0x10040ba0       0x10 ./Drivers/STM32WB0x_HAL_Driver/Src/stm32wb0x_hal_rcc.o
 .text.LL_RCC_HSI_Enable
                0x10040bb0       0x18 ./Drivers/STM32WB0x_HAL_Driver/Src/stm32wb0x_hal_rcc.o
 .text.LL_RCC_HSI_IsReady
                0x10040bc8       0x10 ./Drivers/STM32WB0x_HAL_Driver/Src/stm32wb0x_hal_rcc.o
 .text.HAL_RCC_ClockConfig
                0x10040bd8      0x140 ./Drivers/STM32WB0x_HAL_Driver/Src/stm32wb0x_hal_rcc.o
                0x10040bd8                HAL_RCC_ClockConfig
 .text.HAL_RCC_GetSysClockFreq
                0x10040d18        0xc ./Drivers/STM32WB0x_HAL_Driver/Src/stm32wb0x_hal_rcc.o
                0x10040d18                HAL_RCC_GetSysClockFreq
 .text.HAL_RCCEx_PeriphCLKConfig
                0x10040d24       0x78 ./Drivers/STM32WB0x_HAL_Driver/Src/stm32wb0x_hal_rcc_ex.o
                0x10040d24                HAL_RCCEx_PeriphCLKConfig
 .text.HAL_RCCEx_GetPeriphCLKFreq
                0x10040d9c       0xf4 ./Drivers/STM32WB0x_HAL_Driver/Src/stm32wb0x_hal_rcc_ex.o
                0x10040d9c                HAL_RCCEx_GetPeriphCLKFreq
 .text.UART_EndRxTransfer
                0x10040e90       0x64 ./Drivers/STM32WB0x_HAL_Driver/Src/stm32wb0x_hal_uart.o
 .text.UART_SetConfig
                0x10040ef4      0x138 ./Drivers/STM32WB0x_HAL_Driver/Src/stm32wb0x_hal_uart.o
                0x10040ef4                UART_SetConfig
 .text.UART_AdvFeatureConfig
                0x1004102c       0xd0 ./Drivers/STM32WB0x_HAL_Driver/Src/stm32wb0x_hal_uart.o
                0x1004102c                UART_AdvFeatureConfig
 .text.UART_WaitOnFlagUntilTimeout
                0x100410fc       0x92 ./Drivers/STM32WB0x_HAL_Driver/Src/stm32wb0x_hal_uart.o
                0x100410fc                UART_WaitOnFlagUntilTimeout
 *fill*         0x1004118e        0x2 
 .text.UART_CheckIdleState
                0x10041190       0xc8 ./Drivers/STM32WB0x_HAL_Driver/Src/stm32wb0x_hal_uart.o
                0x10041190                UART_CheckIdleState
 .text.HAL_UART_Init
                0x10041258       0x68 ./Drivers/STM32WB0x_HAL_Driver/Src/stm32wb0x_hal_uart.o
                0x10041258                HAL_UART_Init
 .text.UARTEx_SetNbDataToProcess
                0x100412c0       0x50 ./Drivers/STM32WB0x_HAL_Driver/Src/stm32wb0x_hal_uart_ex.o
 .text.HAL_UARTEx_SetTxFifoThreshold
                0x10041310       0x40 ./Drivers/STM32WB0x_HAL_Driver/Src/stm32wb0x_hal_uart_ex.o
                0x10041310                HAL_UARTEx_SetTxFifoThreshold
 .text.HAL_UARTEx_SetRxFifoThreshold
                0x10041350       0x44 ./Drivers/STM32WB0x_HAL_Driver/Src/stm32wb0x_hal_uart_ex.o
                0x10041350                HAL_UARTEx_SetRxFifoThreshold
 .text.memset   0x10041394       0x10 C:/ST/STM32CubeIDE_1.17.0/STM32CubeIDE/plugins/com.st.stm32cube.ide.mcu.externaltools.gnu-tools-for-stm32.12.3.rel1.win32_1.1.0.202410251130/tools/bin/../lib/gcc/arm-none-eabi/12.3.1/../../../../arm-none-eabi/lib/thumb/v6-m/nofp\libc_nano.a(libc_a-memset.o)
                0x10041394                memset
 *(i.*)
 *(.constdata)
 *(.glue_7)
 .glue_7        0x100413a4        0x0 linker stubs
 *(.glue_7t)
 .glue_7t       0x100413a4        0x0 linker stubs
                0x100413a4                        . = ALIGN (0x4)
                0x100413a4                        _etext = .

.vfp11_veneer   0x100413a4        0x0
 .vfp11_veneer  0x100413a4        0x0 linker stubs

.v4_bx          0x100413a4        0x0
 .v4_bx         0x100413a4        0x0 linker stubs

.init           0x100413a4        0x4
 .init          0x100413a4        0x4 C:/ST/STM32CubeIDE_1.17.0/STM32CubeIDE/plugins/com.st.stm32cube.ide.mcu.externaltools.gnu-tools-for-stm32.12.3.rel1.win32_1.1.0.202410251130/tools/bin/../lib/gcc/arm-none-eabi/12.3.1/thumb/v6-m/nofp/crti.o
                0x100413a4                _init

.fini           0x100413a8        0x4
 .fini          0x100413a8        0x4 C:/ST/STM32CubeIDE_1.17.0/STM32CubeIDE/plugins/com.st.stm32cube.ide.mcu.externaltools.gnu-tools-for-stm32.12.3.rel1.win32_1.1.0.202410251130/tools/bin/../lib/gcc/arm-none-eabi/12.3.1/thumb/v6-m/nofp/crti.o
                0x100413a8                _fini

.iplt           0x100413ac        0x0
 .iplt          0x100413ac        0x0 ./Core/Src/BOARD.o

.rodata         0x100413ac       0x28
                0x100413ac                        . = ALIGN (0x4)
 *(.rodata)
 *(.rodata*)
 .rodata.UARTPrescTable
                0x100413ac       0x18 ./Drivers/STM32WB0x_HAL_Driver/Src/stm32wb0x_hal_uart.o
                0x100413ac                UARTPrescTable
 .rodata.denominator.0
                0x100413c4        0x8 ./Drivers/STM32WB0x_HAL_Driver/Src/stm32wb0x_hal_uart_ex.o
 .rodata.numerator.1
                0x100413cc        0x8 ./Drivers/STM32WB0x_HAL_Driver/Src/stm32wb0x_hal_uart_ex.o
                0x100413d4                        . = ALIGN (0x4)

.ARM.extab
 *(.ARM.extab*)

.ARM            0x100413d4        0x8
                0x100413d4                        __exidx_start = .
 *(.ARM.exidx*)
 .ARM.exidx     0x100413d4        0x8 C:/ST/STM32CubeIDE_1.17.0/STM32CubeIDE/plugins/com.st.stm32cube.ide.mcu.externaltools.gnu-tools-for-stm32.12.3.rel1.win32_1.1.0.202410251130/tools/bin/../lib/gcc/arm-none-eabi/12.3.1/thumb/v6-m/nofp\libgcc.a(_udivmoddi4.o)
                0x100413dc                        __exidx_end = .
                0x100413dc                        _sidata = LOADADDR (.data)

.rel.dyn        0x100413dc        0x0
 .rel.iplt      0x100413dc        0x0 ./Core/Src/BOARD.o

.ram_preamble   0x20000004       0x2c
 *(.ram_vr)
 .ram_vr        0x20000004       0x2c ./Core/Src/system_stm32wb0x.o
                0x20000004                RAM_VR

.ram_preamble_2
 *(.crash_info_ram_vr)

.bss.blueRAM    0x200000c0        0x0
                0x200000c0                        . = ALIGN (0x4)
                0x200000c0                        _sbssblue = .
 *(.bss.__blue_RAM)
                0x200000c0                        . = ALIGN (0x4)
                0x200000c0                        _ebssblue = .

.bss            0x200000c0       0x98
                0x200000c0                        . = ALIGN (0x4)
                0x200000c0                        _sbss = .
 *(.bss)
 *(.bss*)
 .bss.hlpuart1  0x200000c0       0x94 ./Core/Src/UART.o
                0x200000c0                hlpuart1
 .bss.uwTick    0x20000154        0x4 ./Drivers/STM32WB0x_HAL_Driver/Src/stm32wb0x_hal.o
                0x20000154                uwTick
 *(COMMON)
                0x20000158                        . = ALIGN (0x4)
                0x20000158                        _ebss = .

.data           0x20000158        0xc load address 0x100413dc
                0x20000158                        . = ALIGN (0x4)
                0x20000158                        _sdata = .
 *(.data)
 *(.data*)
 .data.SystemCoreClock
                0x20000158        0x4 ./Core/Src/system_stm32wb0x.o
                0x20000158                SystemCoreClock
 .data.uwTickFreq
                0x2000015c        0x1 ./Drivers/STM32WB0x_HAL_Driver/Src/stm32wb0x_hal.o
                0x2000015c                uwTickFreq
 *fill*         0x2000015d        0x3 
 .data.uwTickPrio
                0x20000160        0x4 ./Drivers/STM32WB0x_HAL_Driver/Src/stm32wb0x_hal.o
                0x20000160                uwTickPrio
                0x20000164                        . = ALIGN (0x4)
                0x20000164                        _edata = .

.igot.plt       0x20000164        0x0 load address 0x100413e8
 .igot.plt      0x20000164        0x0 ./Core/Src/BOARD.o

.noinit         0x20000164        0x0 load address 0x100413e8
                0x20000164                        . = ALIGN (0x4)
 *(.noinit)
                0x20000164                        . = ALIGN (0x4)

.ota_region_end
                0x100413e8        0x0
                0x100413e8                        . = ALIGN (0x4)
 *(TAG_OTA_END)
                0x100413e8                        . = ALIGN (0x4)

.heap           0x20000164        0x0
                0x20000164                        . = ALIGN (0x4)
                [!provide]                        PROVIDE (end = .)
                0x20000164                        PROVIDE (_end = .)
                0x20000164                        . = (. + _Min_Heap_Size)
                0x20000164                        . = ALIGN (0x4)

.stack          0x20005400      0xc00
                0x20005400                        . = ALIGN (0x4)
                0x20006000                        . = (. + _Min_Stack_Size)
 *fill*         0x20005400      0xc00 
                0x20006000                        . = ALIGN (0x4)
                0x20006000                        _estack = .
                0x20006000                        . = ALIGN (0x4)

.rom_info       0x10000000        0x0
                0x10000000                        . = ALIGN (0x4)
 *(.rom_info)
                0x10000000                        . = ALIGN (0x4)

/DISCARD/
 libc.a(*)
 libm.a(*)
 libgcc.a(*)

.ARM.attributes
                0x00000000       0x28
 *(.ARM.attributes)
 .ARM.attributes
                0x00000000       0x1e C:/ST/STM32CubeIDE_1.17.0/STM32CubeIDE/plugins/com.st.stm32cube.ide.mcu.externaltools.gnu-tools-for-stm32.12.3.rel1.win32_1.1.0.202410251130/tools/bin/../lib/gcc/arm-none-eabi/12.3.1/thumb/v6-m/nofp/crti.o
 .ARM.attributes
                0x0000001e       0x2c ./Core/Src/BOARD.o
 .ARM.attributes
                0x0000004a       0x2c ./Core/Src/UART.o
 .ARM.attributes
                0x00000076       0x2c ./Core/Src/stm32wb0x_hal_msp.o
 .ARM.attributes
                0x000000a2       0x2c ./Core/Src/stm32wb0x_it.o
 .ARM.attributes
                0x000000ce       0x2c ./Core/Src/system_stm32wb0x.o
 .ARM.attributes
                0x000000fa       0x22 ./Core/Startup/startup_stm32wb05kzvx.o
 .ARM.attributes
                0x0000011c       0x2c ./Drivers/STM32WB0x_HAL_Driver/Src/stm32wb0x_hal.o
 .ARM.attributes
                0x00000148       0x2c ./Drivers/STM32WB0x_HAL_Driver/Src/stm32wb0x_hal_cortex.o
 .ARM.attributes
                0x00000174       0x2c ./Drivers/STM32WB0x_HAL_Driver/Src/stm32wb0x_hal_gpio.o
 .ARM.attributes
                0x000001a0       0x2c ./Drivers/STM32WB0x_HAL_Driver/Src/stm32wb0x_hal_rcc.o
 .ARM.attributes
                0x000001cc       0x2c ./Drivers/STM32WB0x_HAL_Driver/Src/stm32wb0x_hal_rcc_ex.o
 .ARM.attributes
                0x000001f8       0x2c ./Drivers/STM32WB0x_HAL_Driver/Src/stm32wb0x_hal_uart.o
 .ARM.attributes
                0x00000224       0x2c ./Drivers/STM32WB0x_HAL_Driver/Src/stm32wb0x_hal_uart_ex.o
 .ARM.attributes
                0x00000250       0x2c C:/ST/STM32CubeIDE_1.17.0/STM32CubeIDE/plugins/com.st.stm32cube.ide.mcu.externaltools.gnu-tools-for-stm32.12.3.rel1.win32_1.1.0.202410251130/tools/bin/../lib/gcc/arm-none-eabi/12.3.1/../../../../arm-none-eabi/lib/thumb/v6-m/nofp\libc_nano.a(libc_a-memset.o)
 .ARM.attributes
                0x0000027c       0x1e C:/ST/STM32CubeIDE_1.17.0/STM32CubeIDE/plugins/com.st.stm32cube.ide.mcu.externaltools.gnu-tools-for-stm32.12.3.rel1.win32_1.1.0.202410251130/tools/bin/../lib/gcc/arm-none-eabi/12.3.1/thumb/v6-m/nofp\libgcc.a(_udivsi3.o)
 .ARM.attributes
                0x0000029a       0x1e C:/ST/STM32CubeIDE_1.17.0/STM32CubeIDE/plugins/com.st.stm32cube.ide.mcu.externaltools.gnu-tools-for-stm32.12.3.rel1.win32_1.1.0.202410251130/tools/bin/../lib/gcc/arm-none-eabi/12.3.1/thumb/v6-m/nofp\libgcc.a(_divsi3.o)
 .ARM.attributes
                0x000002b8       0x1e C:/ST/STM32CubeIDE_1.17.0/STM32CubeIDE/plugins/com.st.stm32cube.ide.mcu.externaltools.gnu-tools-for-stm32.12.3.rel1.win32_1.1.0.202410251130/tools/bin/../lib/gcc/arm-none-eabi/12.3.1/thumb/v6-m/nofp\libgcc.a(_dvmd_tls.o)
 .ARM.attributes
                0x000002d6       0x1e C:/ST/STM32CubeIDE_1.17.0/STM32CubeIDE/plugins/com.st.stm32cube.ide.mcu.externaltools.gnu-tools-for-stm32.12.3.rel1.win32_1.1.0.202410251130/tools/bin/../lib/gcc/arm-none-eabi/12.3.1/thumb/v6-m/nofp\libgcc.a(_aeabi_uldivmod.o)
 .ARM.attributes
                0x000002f4       0x2c C:/ST/STM32CubeIDE_1.17.0/STM32CubeIDE/plugins/com.st.stm32cube.ide.mcu.externaltools.gnu-tools-for-stm32.12.3.rel1.win32_1.1.0.202410251130/tools/bin/../lib/gcc/arm-none-eabi/12.3.1/thumb/v6-m/nofp\libgcc.a(_udivmoddi4.o)
 .ARM.attributes
                0x00000320       0x1e C:/ST/STM32CubeIDE_1.17.0/STM32CubeIDE/plugins/com.st.stm32cube.ide.mcu.externaltools.gnu-tools-for-stm32.12.3.rel1.win32_1.1.0.202410251130/tools/bin/../lib/gcc/arm-none-eabi/12.3.1/thumb/v6-m/nofp\libgcc.a(_clzdi2.o)
 .ARM.attributes
                0x0000033e       0x1e C:/ST/STM32CubeIDE_1.17.0/STM32CubeIDE/plugins/com.st.stm32cube.ide.mcu.externaltools.gnu-tools-for-stm32.12.3.rel1.win32_1.1.0.202410251130/tools/bin/../lib/gcc/arm-none-eabi/12.3.1/thumb/v6-m/nofp\libgcc.a(_clzsi2.o)
OUTPUT(WildlifeSource.elf elf32-littlearm)
LOAD linker stubs
LOAD C:/ST/STM32CubeIDE_1.17.0/STM32CubeIDE/plugins/com.st.stm32cube.ide.mcu.externaltools.gnu-tools-for-stm32.12.3.rel1.win32_1.1.0.202410251130/tools/bin/../lib/gcc/arm-none-eabi/12.3.1/../../../../arm-none-eabi/lib/thumb/v6-m/nofp\libc.a
LOAD C:/ST/STM32CubeIDE_1.17.0/STM32CubeIDE/plugins/com.st.stm32cube.ide.mcu.externaltools.gnu-tools-for-stm32.12.3.rel1.win32_1.1.0.202410251130/tools/bin/../lib/gcc/arm-none-eabi/12.3.1/../../../../arm-none-eabi/lib/thumb/v6-m/nofp\libm.a
LOAD C:/ST/STM32CubeIDE_1.17.0/STM32CubeIDE/plugins/com.st.stm32cube.ide.mcu.externaltools.gnu-tools-for-stm32.12.3.rel1.win32_1.1.0.202410251130/tools/bin/../lib/gcc/arm-none-eabi/12.3.1/thumb/v6-m/nofp\libgcc.a

.comment        0x00000000       0x43
 .comment       0x00000000       0x43 ./Core/Src/BOARD.o
                                 0x44 (size before relaxing)
 .comment       0x00000043       0x44 ./Core/Src/UART.o
 .comment       0x00000043       0x44 ./Core/Src/stm32wb0x_hal_msp.o
 .comment       0x00000043       0x44 ./Core/Src/stm32wb0x_it.o
 .comment       0x00000043       0x44 ./Core/Src/system_stm32wb0x.o
 .comment       0x00000043       0x44 ./Drivers/STM32WB0x_HAL_Driver/Src/stm32wb0x_hal.o
 .comment       0x00000043       0x44 ./Drivers/STM32WB0x_HAL_Driver/Src/stm32wb0x_hal_cortex.o
 .comment       0x00000043       0x44 ./Drivers/STM32WB0x_HAL_Driver/Src/stm32wb0x_hal_gpio.o
 .comment       0x00000043       0x44 ./Drivers/STM32WB0x_HAL_Driver/Src/stm32wb0x_hal_rcc.o
 .comment       0x00000043       0x44 ./Drivers/STM32WB0x_HAL_Driver/Src/stm32wb0x_hal_rcc_ex.o
 .comment       0x00000043       0x44 ./Drivers/STM32WB0x_HAL_Driver/Src/stm32wb0x_hal_uart.o
 .comment       0x00000043       0x44 ./Drivers/STM32WB0x_HAL_Driver/Src/stm32wb0x_hal_uart_ex.o

.debug_frame    0x00000000       0x9c
 .debug_frame   0x00000000       0x20 C:/ST/STM32CubeIDE_1.17.0/STM32CubeIDE/plugins/com.st.stm32cube.ide.mcu.externaltools.gnu-tools-for-stm32.12.3.rel1.win32_1.1.0.202410251130/tools/bin/../lib/gcc/arm-none-eabi/12.3.1/../../../../arm-none-eabi/lib/thumb/v6-m/nofp\libc_nano.a(libc_a-memset.o)
 .debug_frame   0x00000020       0x20 C:/ST/STM32CubeIDE_1.17.0/STM32CubeIDE/plugins/com.st.stm32cube.ide.mcu.externaltools.gnu-tools-for-stm32.12.3.rel1.win32_1.1.0.202410251130/tools/bin/../lib/gcc/arm-none-eabi/12.3.1/thumb/v6-m/nofp\libgcc.a(_udivsi3.o)
 .debug_frame   0x00000040       0x20 C:/ST/STM32CubeIDE_1.17.0/STM32CubeIDE/plugins/com.st.stm32cube.ide.mcu.externaltools.gnu-tools-for-stm32.12.3.rel1.win32_1.1.0.202410251130/tools/bin/../lib/gcc/arm-none-eabi/12.3.1/thumb/v6-m/nofp\libgcc.a(_divsi3.o)
 .debug_frame   0x00000060       0x3c C:/ST/STM32CubeIDE_1.17.0/STM32CubeIDE/plugins/com.st.stm32cube.ide.mcu.externaltools.gnu-tools-for-stm32.12.3.rel1.win32_1.1.0.202410251130/tools/bin/../lib/gcc/arm-none-eabi/12.3.1/thumb/v6-m/nofp\libgcc.a(_udivmoddi4.o)
