Archive member included to satisfy reference by file (symbol)

C:/ST/STM32CubeIDE_1.17.0/STM32CubeIDE/plugins/com.st.stm32cube.ide.mcu.externaltools.gnu-tools-for-stm32.12.3.rel1.win32_1.1.0.202410251130/tools/bin/../lib/gcc/arm-none-eabi/12.3.1/../../../../arm-none-eabi/lib/thumb/v6-m/nofp\libc_nano.a(libc_a-exit.o)
                              C:/ST/STM32CubeIDE_1.17.0/STM32CubeIDE/plugins/com.st.stm32cube.ide.mcu.externaltools.gnu-tools-for-stm32.12.3.rel1.win32_1.1.0.202410251130/tools/bin/../lib/gcc/arm-none-eabi/12.3.1/../../../../arm-none-eabi/lib/thumb/v6-m/nofp/crt0.o (exit)
C:/ST/STM32CubeIDE_1.17.0/STM32CubeIDE/plugins/com.st.stm32cube.ide.mcu.externaltools.gnu-tools-for-stm32.12.3.rel1.win32_1.1.0.202410251130/tools/bin/../lib/gcc/arm-none-eabi/12.3.1/../../../../arm-none-eabi/lib/thumb/v6-m/nofp\libc_nano.a(libc_a-findfp.o)
                              C:/ST/STM32CubeIDE_1.17.0/STM32CubeIDE/plugins/com.st.stm32cube.ide.mcu.externaltools.gnu-tools-for-stm32.12.3.rel1.win32_1.1.0.202410251130/tools/bin/../lib/gcc/arm-none-eabi/12.3.1/../../../../arm-none-eabi/lib/thumb/v6-m/nofp\libc_nano.a(libc_a-exit.o) (__stdio_exit_handler)
C:/ST/STM32CubeIDE_1.17.0/STM32CubeIDE/plugins/com.st.stm32cube.ide.mcu.externaltools.gnu-tools-for-stm32.12.3.rel1.win32_1.1.0.202410251130/tools/bin/../lib/gcc/arm-none-eabi/12.3.1/../../../../arm-none-eabi/lib/thumb/v6-m/nofp\libc_nano.a(libc_a-fwalk.o)
                              C:/ST/STM32CubeIDE_1.17.0/STM32CubeIDE/plugins/com.st.stm32cube.ide.mcu.externaltools.gnu-tools-for-stm32.12.3.rel1.win32_1.1.0.202410251130/tools/bin/../lib/gcc/arm-none-eabi/12.3.1/../../../../arm-none-eabi/lib/thumb/v6-m/nofp\libc_nano.a(libc_a-findfp.o) (_fwalk_sglue)
C:/ST/STM32CubeIDE_1.17.0/STM32CubeIDE/plugins/com.st.stm32cube.ide.mcu.externaltools.gnu-tools-for-stm32.12.3.rel1.win32_1.1.0.202410251130/tools/bin/../lib/gcc/arm-none-eabi/12.3.1/../../../../arm-none-eabi/lib/thumb/v6-m/nofp\libc_nano.a(libc_a-stdio.o)
                              C:/ST/STM32CubeIDE_1.17.0/STM32CubeIDE/plugins/com.st.stm32cube.ide.mcu.externaltools.gnu-tools-for-stm32.12.3.rel1.win32_1.1.0.202410251130/tools/bin/../lib/gcc/arm-none-eabi/12.3.1/../../../../arm-none-eabi/lib/thumb/v6-m/nofp\libc_nano.a(libc_a-findfp.o) (__sread)
C:/ST/STM32CubeIDE_1.17.0/STM32CubeIDE/plugins/com.st.stm32cube.ide.mcu.externaltools.gnu-tools-for-stm32.12.3.rel1.win32_1.1.0.202410251130/tools/bin/../lib/gcc/arm-none-eabi/12.3.1/../../../../arm-none-eabi/lib/thumb/v6-m/nofp\libc_nano.a(libc_a-memset.o)
                              C:/ST/STM32CubeIDE_1.17.0/STM32CubeIDE/plugins/com.st.stm32cube.ide.mcu.externaltools.gnu-tools-for-stm32.12.3.rel1.win32_1.1.0.202410251130/tools/bin/../lib/gcc/arm-none-eabi/12.3.1/../../../../arm-none-eabi/lib/thumb/v6-m/nofp/crt0.o (memset)
C:/ST/STM32CubeIDE_1.17.0/STM32CubeIDE/plugins/com.st.stm32cube.ide.mcu.externaltools.gnu-tools-for-stm32.12.3.rel1.win32_1.1.0.202410251130/tools/bin/../lib/gcc/arm-none-eabi/12.3.1/../../../../arm-none-eabi/lib/thumb/v6-m/nofp\libc_nano.a(libc_a-closer.o)
                              C:/ST/STM32CubeIDE_1.17.0/STM32CubeIDE/plugins/com.st.stm32cube.ide.mcu.externaltools.gnu-tools-for-stm32.12.3.rel1.win32_1.1.0.202410251130/tools/bin/../lib/gcc/arm-none-eabi/12.3.1/../../../../arm-none-eabi/lib/thumb/v6-m/nofp\libc_nano.a(libc_a-stdio.o) (_close_r)
C:/ST/STM32CubeIDE_1.17.0/STM32CubeIDE/plugins/com.st.stm32cube.ide.mcu.externaltools.gnu-tools-for-stm32.12.3.rel1.win32_1.1.0.202410251130/tools/bin/../lib/gcc/arm-none-eabi/12.3.1/../../../../arm-none-eabi/lib/thumb/v6-m/nofp\libc_nano.a(libc_a-reent.o)
                              C:/ST/STM32CubeIDE_1.17.0/STM32CubeIDE/plugins/com.st.stm32cube.ide.mcu.externaltools.gnu-tools-for-stm32.12.3.rel1.win32_1.1.0.202410251130/tools/bin/../lib/gcc/arm-none-eabi/12.3.1/../../../../arm-none-eabi/lib/thumb/v6-m/nofp\libc_nano.a(libc_a-closer.o) (errno)
C:/ST/STM32CubeIDE_1.17.0/STM32CubeIDE/plugins/com.st.stm32cube.ide.mcu.externaltools.gnu-tools-for-stm32.12.3.rel1.win32_1.1.0.202410251130/tools/bin/../lib/gcc/arm-none-eabi/12.3.1/../../../../arm-none-eabi/lib/thumb/v6-m/nofp\libc_nano.a(libc_a-impure.o)
                              C:/ST/STM32CubeIDE_1.17.0/STM32CubeIDE/plugins/com.st.stm32cube.ide.mcu.externaltools.gnu-tools-for-stm32.12.3.rel1.win32_1.1.0.202410251130/tools/bin/../lib/gcc/arm-none-eabi/12.3.1/../../../../arm-none-eabi/lib/thumb/v6-m/nofp\libc_nano.a(libc_a-reent.o) (_impure_ptr)
C:/ST/STM32CubeIDE_1.17.0/STM32CubeIDE/plugins/com.st.stm32cube.ide.mcu.externaltools.gnu-tools-for-stm32.12.3.rel1.win32_1.1.0.202410251130/tools/bin/../lib/gcc/arm-none-eabi/12.3.1/../../../../arm-none-eabi/lib/thumb/v6-m/nofp\libc_nano.a(libc_a-lseekr.o)
[...]
Memory Configuration

Name             Origin             Length             Attributes
RAM              0x20000000         0x00006000         xrw
FLASH            0x10040000         0x0002f000         xr
REGION_NVM       0x1006f000         0x00001000         xr
REGION_ROM       0x10000000         0x00001800         xr
*default*        0x00000000         0xffffffff

Linker script and memory map

LOAD C:/ST/STM32CubeIDE_1.17.0/STM32CubeIDE/plugins/com.st.stm32cube.ide.mcu.externaltools.gnu-tools-for-stm32.12.3.rel1.win32_1.1.0.202410251130/tools/bin/../lib/gcc/arm-none-eabi/12.3.1/thumb/v6-m/nofp/crti.o
LOAD C:/ST/STM32CubeIDE_1.17.0/STM32CubeIDE/plugins/com.st.stm32cube.ide.mcu.externaltools.gnu-tools-for-stm32.12.3.rel1.win32_1.1.0.202410251130/tools/bin/../lib/gcc/arm-none-eabi/12.3.1/thumb/v6-m/nofp/crtbegin.o
LOAD C:/ST/STM32CubeIDE_1.17.0/STM32CubeIDE/plugins/com.st.stm32cube.ide.mcu.externaltools.gnu-tools-for-stm32.12.3.rel1.win32_1.1.0.202410251130/tools/bin/../lib/gcc/arm-none-eabi/12.3.1/../../../../arm-none-eabi/lib/thumb/v6-m/nofp/crt0.o
LOAD ./Core/Src/BLUETOOTH.o
LOAD ./Core/Src/BOARD.o
LOAD ./Core/Src/FLASH.o
LOAD ./Core/Src/GPIO.o
LOAD ./Core/Src/I2C.o
LOAD ./Core/Src/Main.o
LOAD ./Core/Src/TIMERS.o
LOAD ./Core/Src/UART.o
LOAD ./Core/Src/blue_unit_conversion.o
LOAD ./Core/Src/mainunused.o
LOAD ./Core/Src/stm32wb0x_hal_msp.o
LOAD ./Core/Src/stm32wb0x_it.o
LOAD ./Core/Src/syscalls.o
LOAD ./Core/Src/sysmem.o
LOAD ./Core/Src/system_stm32wb0x.o
LOAD ./Core/Startup/startup_stm32wb05kzvx.o
LOAD ./Drivers/BSP/STM32WB0x-nucleo/stm32wb0x_nucleo.o
LOAD ./Drivers/STM32WB0x_HAL_Driver/Src/stm32wb0x_hal.o
LOAD ./Drivers/STM32WB0x_HAL_Driver/Src/stm32wb0x_hal_cortex.o
LOAD ./Drivers/STM32WB0x_HAL_Driver/Src/stm32wb0x_hal_dma.o
LOAD ./Drivers/STM32WB0x_HAL_Driver/Src/stm32wb0x_hal_flash.o
LOAD ./Drivers/STM32WB0x_HAL_Driver/Src/stm32wb0x_hal_flash_ex.o
LOAD ./Drivers/STM32WB0x_HAL_Driver/Src/stm32wb0x_hal_gpio.o
LOAD ./Drivers/STM32WB0x_HAL_Driver/Src/stm32wb0x_hal_i2c.o
LOAD ./Drivers/STM32WB0x_HAL_Driver/Src/stm32wb0x_hal_i2c_ex.o
LOAD ./Drivers/STM32WB0x_HAL_Driver/Src/stm32wb0x_hal_pwr.o
LOAD ./Drivers/STM32WB0x_HAL_Driver/Src/stm32wb0x_hal_pwr_ex.o
LOAD ./Drivers/STM32WB0x_HAL_Driver/Src/stm32wb0x_hal_radio.o
LOAD ./Drivers/STM32WB0x_HAL_Driver/Src/stm32wb0x_hal_radio_timer.o
LOAD ./Drivers/STM32WB0x_HAL_Driver/Src/stm32wb0x_hal_rcc.o
LOAD ./Drivers/STM32WB0x_HAL_Driver/Src/stm32wb0x_hal_rcc_ex.o
LOAD ./Drivers/STM32WB0x_HAL_Driver/Src/stm32wb0x_hal_tim.o
LOAD ./Drivers/STM32WB0x_HAL_Driver/Src/stm32wb0x_hal_tim_ex.o
LOAD ./Drivers/STM32WB0x_HAL_Driver/Src/stm32wb0x_hal_uart.o
LOAD ./Drivers/STM32WB0x_HAL_Driver/Src/stm32wb0x_hal_uart_ex.o
LOAD ./Drivers/STM32WB0x_HAL_Driver/Src/stm32wb0x_hal_usart.o
LOAD ./Drivers/STM32WB0x_HAL_Driver/Src/stm32wb0x_hal_usart_ex.o
START GROUP
LOAD C:/ST/STM32CubeIDE_1.17.0/STM32CubeIDE/plugins/com.st.stm32cube.ide.mcu.externaltools.gnu-tools-for-stm32.12.3.rel1.win32_1.1.0.202410251130/tools/bin/../lib/gcc/arm-none-eabi/12.3.1/../../../../arm-none-eabi/lib/thumb/v6-m/nofp\libc_nano.a
LOAD C:/ST/STM32CubeIDE_1.17.0/STM32CubeIDE/plugins/com.st.stm32cube.ide.mcu.externaltools.gnu-tools-for-stm32.12.3.rel1.win32_1.1.0.202410251130/tools/bin/../lib/gcc/arm-none-eabi/12.3.1/../../../../arm-none-eabi/lib/thumb/v6-m/nofp\libm.a
END GROUP
START GROUP
LOAD C:/ST/STM32CubeIDE_1.17.0/STM32CubeIDE/plugins/com.st.stm32cube.ide.mcu.externaltools.gnu-tools-for-stm32.12.3.rel1.win32_1.1.0.202410251130/tools/bin/../lib/gcc/arm-none-eabi/12.3.1/thumb/v6-m/nofp\libgcc.a
LOAD C:/ST/STM32CubeIDE_1.17.0/STM32CubeIDE/plugins/com.st.stm32cube.ide.mcu.externaltools.gnu-tools-for-stm32.12.3.rel1.win32_1.1.0.202410251130/tools/bin/../lib/gcc/arm-none-eabi/12.3.1/../../../../arm-none-eabi/lib/thumb/v6-m/nofp\libc_nano.a
END GROUP
START GROUP
LOAD C:/ST/STM32CubeIDE_1.17.0/STM32CubeIDE/plugins/com.st.stm32cube.ide.mcu.externaltools.gnu-tools-for-stm32.12.3.rel1.win32_1.1.0.202410251130/tools/bin/../lib/gcc/arm-none-eabi/12.3.1/thumb/v6-m/nofp\libgcc.a
LOAD C:/ST/STM32CubeIDE_1.17.0/STM32CubeIDE/plugins/com.st.stm32cube.ide.mcu.externaltools.gnu-tools-for-stm32.12.3.rel1.win32_1.1.0.202410251130/tools/bin/../lib/gcc/arm-none-eabi/12.3.1/../../../../arm-none-eabi/lib/thumb/v6-m/nofp\libc_nano.a
LOAD C:/ST/STM32CubeIDE_1.17.0/STM32CubeIDE/plugins/com.st.stm32cube.ide.mcu.externaltools.gnu-tools-for-stm32.12.3.rel1.win32_1.1.0.202410251130/tools/bin/../lib/gcc/arm-none-eabi/12.3.1/../../../../arm-none-eabi/lib/thumb/v6-m/nofp\libnosys.a
END GROUP
START GROUP
LOAD C:/ST/STM32CubeIDE_1.17.0/STM32CubeIDE/plugins/com.st.stm32cube.ide.mcu.externaltools.gnu-tools-for-stm32.12.3.rel1.win32_1.1.0.202410251130/tools/bin/../lib/gcc/arm-none-eabi/12.3.1/thumb/v6-m/nofp\libgcc.a
LOAD C:/ST/STM32CubeIDE_1.17.0/STM32CubeIDE/plugins/com.st.stm32cube.ide.mcu.externaltools.gnu-tools-for-stm32.12.3.rel1.win32_1.1.0.202410251130/tools/bin/../lib/gcc/arm-none-eabi/12.3.1/../../../../arm-none-eabi/lib/thumb/v6-m/nofp\libc_nano.a
LOAD C:/ST/STM32CubeIDE_1.17.0/STM32CubeIDE/plugins/com.st.stm32cube.ide.mcu.externaltools.gnu-tools-for-stm32.12.3.rel1.win32_1.1.0.202410251130/tools/bin/../lib/gcc/arm-none-eabi/12.3.1/../../../../arm-none-eabi/lib/thumb/v6-m/nofp\libnosys.a
END GROUP
LOAD C:/ST/STM32CubeIDE_1.17.0/STM32CubeIDE/plugins/com.st.stm32cube.ide.mcu.externaltools.gnu-tools-for-stm32.12.3.rel1.win32_1.1.0.202410251130/tools/bin/../lib/gcc/arm-none-eabi/12.3.1/thumb/v6-m/nofp/crtend.o
LOAD C:/ST/STM32CubeIDE_1.17.0/STM32CubeIDE/plugins/com.st.stm32cube.ide.mcu.externaltools.gnu-tools-for-stm32.12.3.rel1.win32_1.1.0.202410251130/tools/bin/../lib/gcc/arm-none-eabi/12.3.1/thumb/v6-m/nofp/crtn.o
                0x20000000                        _MEMORY_RAM_BEGIN_ = 0x20000000
                0x00006000                        _MEMORY_RAM_SIZE_ = 0x6000
                0x20005fff                        _MEMORY_RAM_END_ = 0x20005fff
                0x10040000                        _MEMORY_FLASH_BEGIN_ = 0x10040000
                0x00030000                        _MEMORY_FLASH_SIZE_ = 0x30000
                0x1006ffff                        _MEMORY_FLASH_END_ = 0x1006ffff
                0x10000000                        _MEMORY_ROM_BEGIN_ = 0x10000000
                0x00001800                        _MEMORY_ROM_SIZE_ = 0x1800
                0x100017ff                        _MEMORY_ROM_END_ = 0x100017ff
                0x00001000                        FLASH_NVM_DATASIZE = 0x1000
                0x00000000                        MEMORY_FLASH_APP_OFFSET = DEFINED (MEMORY_FLASH_APP_OFFSET)?MEMORY_FLASH_APP_OFFSET:0x0
                0x0002f000                        MEMORY_FLASH_APP_SIZE = DEFINED (MEMORY_FLASH_APP_SIZE)?MEMORY_FLASH_APP_SIZE:((_MEMORY_FLASH_SIZE_ - FLASH_NVM_DATASIZE) - MEMORY_FLASH_APP_OFFSET)
                0x00000000                        _Min_Heap_Size = 0x0
                0x00000c00                        _Min_Stack_Size = 0xc00

.intvec         0x10040000       0xc0
                0x10040000                        . = ALIGN (0x4)
 *(.intvec)
 .intvec        0x10040000       0xc0 ./Core/Startup/startup_stm32wb05kzvx.o
                0x10040000                __vector_table
                0x100400c0                        . = ALIGN (0x4)

.text           0x100400c0     0x2cd4
                0x100400c0                        . = ALIGN (0x4)
 *(TAG_OTA_START)
 *(.cmd_call_table)
 *(.text)
 .text          0x100400c0       0x44 ./Core/Src/blue_unit_conversion.o
                0x100400c0                blue_unit_conversion
 .text          0x10040104       0x14 C:/ST/STM32CubeIDE_1.17.0/STM32CubeIDE/plugins/com.st.stm32cube.ide.mcu.externaltools.gnu-tools-for-stm32.12.3.rel1.win32_1.1.0.202410251130/tools/bin/../lib/gcc/arm-none-eabi/12.3.1/thumb/v6-m/nofp\libgcc.a(_thumb1_case_uqi.o)
                0x10040104                __gnu_thumb1_case_uqi
 .text          0x10040118      0x114 C:/ST/STM32CubeIDE_1.17.0/STM32CubeIDE/plugins/com.st.stm32cube.ide.mcu.externaltools.gnu-tools-for-stm32.12.3.rel1.win32_1.1.0.202410251130/tools/bin/../lib/gcc/arm-none-eabi/12.3.1/thumb/v6-m/nofp\libgcc.a(_udivsi3.o)
                0x10040118                __aeabi_uidiv
                0x10040118                __udivsi3
                0x10040224                __aeabi_uidivmod
 .text          0x1004022c      0x1d4 C:/ST/STM32CubeIDE_1.17.0/STM32CubeIDE/plugins/com.st.stm32cube.ide.mcu.externaltools.gnu-tools-for-stm32.12.3.rel1.win32_1.1.0.202410251130/tools/bin/../lib/gcc/arm-none-eabi/12.3.1/thumb/v6-m/nofp\libgcc.a(_divsi3.o)
                0x1004022c                __divsi3
                0x1004022c                __aeabi_idiv
                0x100403f8                __aeabi_idivmod
 .text          0x10040400        0x4 C:/ST/STM32CubeIDE_1.17.0/STM32CubeIDE/plugins/com.st.stm32cube.ide.mcu.externaltools.gnu-tools-for-stm32.12.3.rel1.win32_1.1.0.202410251130/tools/bin/../lib/gcc/arm-none-eabi/12.3.1/thumb/v6-m/nofp\libgcc.a(_dvmd_tls.o)
                0x10040400                __aeabi_idiv0
                0x10040400                __aeabi_ldiv0
 .text          0x10040404       0x40 C:/ST/STM32CubeIDE_1.17.0/STM32CubeIDE/plugins/com.st.stm32cube.ide.mcu.externaltools.gnu-tools-for-stm32.12.3.rel1.win32_1.1.0.202410251130/tools/bin/../lib/gcc/arm-none-eabi/12.3.1/thumb/v6-m/nofp\libgcc.a(_aeabi_uldivmod.o)
                0x10040404                __aeabi_uldivmod
 .text          0x10040444      0x198 C:/ST/STM32CubeIDE_1.17.0/STM32CubeIDE/plugins/com.st.stm32cube.ide.mcu.externaltools.gnu-tools-for-stm32.12.3.rel1.win32_1.1.0.202410251130/tools/bin/../lib/gcc/arm-none-eabi/12.3.1/thumb/v6-m/nofp\libgcc.a(_udivmoddi4.o)
                0x10040444                __udivmoddi4
 .text          0x100405dc       0x18 C:/ST/STM32CubeIDE_1.17.0/STM32CubeIDE/plugins/com.st.stm32cube.ide.mcu.externaltools.gnu-tools-for-stm32.12.3.rel1.win32_1.1.0.202410251130/tools/bin/../lib/gcc/arm-none-eabi/12.3.1/thumb/v6-m/nofp\libgcc.a(_clzdi2.o)
                0x100405dc                __clzdi2
 .text          0x100405f4       0x3c C:/ST/STM32CubeIDE_1.17.0/STM32CubeIDE/plugins/com.st.stm32cube.ide.mcu.externaltools.gnu-tools-for-stm32.12.3.rel1.win32_1.1.0.202410251130/tools/bin/../lib/gcc/arm-none-eabi/12.3.1/thumb/v6-m/nofp\libgcc.a(_clzsi2.o)
                0x100405f4                __clzsi2
 *(.text*)
 .text.SystemClock_Config
                0x10040630       0x48 ./Core/Src/BOARD.o
                0x10040630                SystemClock_Config
 .text.PeriphCommonClock_Config
                0x10040678       0x24 ./Core/Src/BOARD.o
                0x10040678                PeriphCommonClock_Config
 .text.BOARD_Init
                0x1004069c       0x1c ./Core/Src/BOARD.o
                0x1004069c                BOARD_Init
 .text.Error_Handler
                0x100406b8        0x4 ./Core/Src/BOARD.o
                0x100406b8                Error_Handler
 .text.I2C1_IRQHandler
                0x100406bc       0x20 ./Core/Src/I2C.o
                0x100406bc                I2C1_IRQHandler
 .text.TIM2_IRQHandler
                0x100406dc       0x1c ./Core/Src/TIMERS.o
                0x100406dc                TIM2_IRQHandler
 .text.LPUART1_IRQHandler
                0x100406f8       0x10 ./Core/Src/UART.o
                0x100406f8                LPUART1_IRQHandler
 .text.USART1_IRQHandler
                0x10040708       0x90 ./Core/Src/UART.o
                0x10040708                USART1_IRQHandler
 .text.UART_Init
                0x10040798       0xc4 ./Core/Src/UART.o
                0x10040798                UART_Init
 .text.startup.main
                0x1004085c       0x2c ./Core/Src/UART.o
                0x1004085c                main
 .text.LL_PWR_SetNoPullB
                0x10040888       0x14 ./Core/Src/stm32wb0x_hal_msp.o
 .text.LL_AHB1_GRP1_EnableClock
                0x1004089c       0x1c ./Core/Src/stm32wb0x_hal_msp.o
 .text.HAL_MspInit
                0x100408b8       0x20 ./Core/Src/stm32wb0x_hal_msp.o
                0x100408b8                HAL_MspInit
 .text.HAL_UART_MspInit
                0x100408d8       0xa4 ./Core/Src/stm32wb0x_hal_msp.o
                0x100408d8                HAL_UART_MspInit
 .text.NMI_Handler
                0x1004097c        0x2 ./Core/Src/stm32wb0x_it.o
                0x1004097c                NMI_Handler
 .text.HardFault_Handler
                0x1004097e        0x2 ./Core/Src/stm32wb0x_it.o
                0x1004097e                HardFault_Handler
 .text.SVC_Handler
                0x10040980        0x2 ./Core/Src/stm32wb0x_it.o
                0x10040980                SVC_Handler
 .text.PendSV_Handler
                0x10040982        0x2 ./Core/Src/stm32wb0x_it.o
                0x10040982                PendSV_Handler
 .text.SysTick_Handler
                0x10040984        0x8 ./Core/Src/stm32wb0x_it.o
                0x10040984                SysTick_Handler
 .text.RADIO_TIMER_CPU_WKUP_IRQHandler
                0x1004098c        0x8 ./Core/Src/stm32wb0x_it.o
                0x1004098c                RADIO_TIMER_CPU_WKUP_IRQHandler
 .text.RADIO_TIMER_ERROR_IRQHandler
                0x10040994        0x8 ./Core/Src/stm32wb0x_it.o
                0x10040994                RADIO_TIMER_ERROR_IRQHandler
 .text.RADIO_TXRX_IRQHandler
                0x1004099c        0x8 ./Core/Src/stm32wb0x_it.o
                0x1004099c                RADIO_TXRX_IRQHandler
 .text.RADIO_TXRX_SEQ_IRQHandler
                0x100409a4        0x8 ./Core/Src/stm32wb0x_it.o
                0x100409a4                RADIO_TXRX_SEQ_IRQHandler
 .text.SystemCoreClockUpdate
                0x100409ac       0x30 ./Core/Src/system_stm32wb0x.o
                0x100409ac                SystemCoreClockUpdate
 .text.CPUcontextRestore
                0x100409dc        0x2 ./Core/Src/system_stm32wb0x.o
                0x100409dc                CPUcontextRestore
 *fill*         0x100409de        0x2 
 .text.SystemInit
                0x100409e0      0x14c ./Core/Src/system_stm32wb0x.o
                0x100409e0                SystemInit
 .text.Reset_Handler
                0x10040b2c       0x64 ./Core/Startup/startup_stm32wb05kzvx.o
                0x10040b2c                Reset_Handler
 .text.Default_Handler
                0x10040b90        0x2 ./Core/Startup/startup_stm32wb05kzvx.o
                0x10040b90                GPIOB_IRQHandler
                0x10040b90                GPIOA_IRQHandler
                0x10040b90                PVD_IRQHandler
                0x10040b90                PKA_IRQHandler
                0x10040b90                TIM17_IRQHandler
                0x10040b90                RTC_IRQHandler
                0x10040b90                TIM16_IRQHandler
                0x10040b90                RCC_IRQHandler
                0x10040b90                Default_Handler
                0x10040b90                ADC_IRQHandler
                0x10040b90                DMA_IRQHandler
                0x10040b90                FLASH_IRQHandler
                0x10040b90                SPI3_IRQHandler
                0x10040b90                RADIO_TIMER_TXRX_WKUP_IRQHandler
 .text.LL_PWR_EnableGPIOPullUp
                0x10040b92        0xe ./Drivers/BSP/STM32WB0x-nucleo/stm32wb0x_nucleo.o
 .text.LL_AHB1_GRP1_EnableClock
                0x10040ba0       0x1c ./Drivers/BSP/STM32WB0x-nucleo/stm32wb0x_nucleo.o
 .text.BSP_LED_Init
                0x10040bbc       0x78 ./Drivers/BSP/STM32WB0x-nucleo/stm32wb0x_nucleo.o
                0x10040bbc                BSP_LED_Init
 .text.BSP_LED_Toggle
                0x10040c34       0x20 ./Drivers/BSP/STM32WB0x-nucleo/stm32wb0x_nucleo.o
                0x10040c34                BSP_LED_Toggle
 .text.MX_USART1_Init
                0x10040c54       0x2c ./Drivers/BSP/STM32WB0x-nucleo/stm32wb0x_nucleo.o
                0x10040c54                MX_USART1_Init
 .text.BSP_COM_Init
                0x10040c80       0xa4 ./Drivers/BSP/STM32WB0x-nucleo/stm32wb0x_nucleo.o
                0x10040c80                BSP_COM_Init
 .text.HAL_InitTick
                0x10040d24       0x50 ./Drivers/STM32WB0x_HAL_Driver/Src/stm32wb0x_hal.o
                0x10040d24                HAL_InitTick
 .text.HAL_Init
                0x10040d74       0x18 ./Drivers/STM32WB0x_HAL_Driver/Src/stm32wb0x_hal.o
                0x10040d74                HAL_Init
 .text.HAL_IncTick
                0x10040d8c       0x18 ./Drivers/STM32WB0x_HAL_Driver/Src/stm32wb0x_hal.o
                0x10040d8c                HAL_IncTick
 .text.HAL_GetTick
                0x10040da4        0xc ./Drivers/STM32WB0x_HAL_Driver/Src/stm32wb0x_hal.o
                0x10040da4                HAL_GetTick
 .text.HAL_GetTickPrio
                0x10040db0        0xc ./Drivers/STM32WB0x_HAL_Driver/Src/stm32wb0x_hal.o
                0x10040db0                HAL_GetTickPrio
 .text.HAL_Delay
                0x10040dbc       0x24 ./Drivers/STM32WB0x_HAL_Driver/Src/stm32wb0x_hal.o
                0x10040dbc                HAL_Delay
 .text.HAL_NVIC_SetPriority
                0x10040de0       0x54 ./Drivers/STM32WB0x_HAL_Driver/Src/stm32wb0x_hal_cortex.o
                0x10040de0                HAL_NVIC_SetPriority
 .text.HAL_NVIC_EnableIRQ
                0x10040e34       0x18 ./Drivers/STM32WB0x_HAL_Driver/Src/stm32wb0x_hal_cortex.o
                0x10040e34                HAL_NVIC_EnableIRQ
 .text.HAL_SYSTICK_Config
                0x10040e4c       0x34 ./Drivers/STM32WB0x_HAL_Driver/Src/stm32wb0x_hal_cortex.o
                0x10040e4c                HAL_SYSTICK_Config
 .text.HAL_DMA_Abort
                0x10040e80       0x44 ./Drivers/STM32WB0x_HAL_Driver/Src/stm32wb0x_hal_dma.o
                0x10040e80                HAL_DMA_Abort
 .text.HAL_DMA_Abort_IT
                0x10040ec4       0x46 ./Drivers/STM32WB0x_HAL_Driver/Src/stm32wb0x_hal_dma.o
                0x10040ec4                HAL_DMA_Abort_IT
 .text.HAL_DMA_GetState
                0x10040f0a        0x8 ./Drivers/STM32WB0x_HAL_Driver/Src/stm32wb0x_hal_dma.o
                0x10040f0a                HAL_DMA_GetState
 .text.HAL_GPIO_Init
                0x10040f12      0x136 ./Drivers/STM32WB0x_HAL_Driver/Src/stm32wb0x_hal_gpio.o
                0x10040f12                HAL_GPIO_Init
 .text.HAL_GPIO_WritePin
                0x10041048        0xc ./Drivers/STM32WB0x_HAL_Driver/Src/stm32wb0x_hal_gpio.o
                0x10041048                HAL_GPIO_WritePin
 .text.HAL_GPIO_TogglePin
                0x10041054       0x10 ./Drivers/STM32WB0x_HAL_Driver/Src/stm32wb0x_hal_gpio.o
                0x10041054                HAL_GPIO_TogglePin
 .text.I2C_Flush_TXDR
                0x10041064       0x1c ./Drivers/STM32WB0x_HAL_Driver/Src/stm32wb0x_hal_i2c.o
 .text.I2C_Disable_IRQ
                0x10041080       0x48 ./Drivers/STM32WB0x_HAL_Driver/Src/stm32wb0x_hal_i2c.o
 .text.HAL_I2C_EV_IRQHandler
                0x100410c8       0x12 ./Drivers/STM32WB0x_HAL_Driver/Src/stm32wb0x_hal_i2c.o
                0x100410c8                HAL_I2C_EV_IRQHandler
 .text.HAL_I2C_SlaveTxCpltCallback
                0x100410da        0x2 ./Drivers/STM32WB0x_HAL_Driver/Src/stm32wb0x_hal_i2c.o
                0x100410da                HAL_I2C_SlaveTxCpltCallback
 .text.HAL_I2C_SlaveRxCpltCallback
                0x100410dc        0x2 ./Drivers/STM32WB0x_HAL_Driver/Src/stm32wb0x_hal_i2c.o
                0x100410dc                HAL_I2C_SlaveRxCpltCallback
 *fill*         0x100410de        0x2 
 .text.I2C_ITSlaveSeqCplt
                0x100410e0       0x80 ./Drivers/STM32WB0x_HAL_Driver/Src/stm32wb0x_hal_i2c.o
 .text.HAL_I2C_AddrCallback
                0x10041160        0x2 ./Drivers/STM32WB0x_HAL_Driver/Src/stm32wb0x_hal_i2c.o
                0x10041160                HAL_I2C_AddrCallback
 .text.I2C_ITAddrCplt.constprop.0
                0x10041162       0x9a ./Drivers/STM32WB0x_HAL_Driver/Src/stm32wb0x_hal_i2c.o
 .text.HAL_I2C_ListenCpltCallback
                0x100411fc        0x2 ./Drivers/STM32WB0x_HAL_Driver/Src/stm32wb0x_hal_i2c.o
                0x100411fc                HAL_I2C_ListenCpltCallback
 *fill*         0x100411fe        0x2 
 .text.I2C_ITListenCplt
                0x10041200       0x6c ./Drivers/STM32WB0x_HAL_Driver/Src/stm32wb0x_hal_i2c.o
 .text.HAL_I2C_ErrorCallback
                0x1004126c        0x2 ./Drivers/STM32WB0x_HAL_Driver/Src/stm32wb0x_hal_i2c.o
                0x1004126c                HAL_I2C_ErrorCallback
 .text.HAL_I2C_AbortCpltCallback
                0x1004126e        0x2 ./Drivers/STM32WB0x_HAL_Driver/Src/stm32wb0x_hal_i2c.o
                0x1004126e                HAL_I2C_AbortCpltCallback
 .text.I2C_TreatErrorCallback
                0x10041270       0x2a ./Drivers/STM32WB0x_HAL_Driver/Src/stm32wb0x_hal_i2c.o
 *fill*         0x1004129a        0x2 
 .text.I2C_ITError
                0x1004129c      0x114 ./Drivers/STM32WB0x_HAL_Driver/Src/stm32wb0x_hal_i2c.o
 .text.HAL_I2C_ER_IRQHandler
                0x100413b0       0x58 ./Drivers/STM32WB0x_HAL_Driver/Src/stm32wb0x_hal_i2c.o
                0x100413b0                HAL_I2C_ER_IRQHandler
 .text.I2C_ITSlaveCplt.constprop.0
                0x10041408      0x1d0 ./Drivers/STM32WB0x_HAL_Driver/Src/stm32wb0x_hal_i2c.o
 .text.I2C_Slave_ISR_IT
                0x100415d8      0x11c ./Drivers/STM32WB0x_HAL_Driver/Src/stm32wb0x_hal_i2c.o
 .text.I2C_DMAAbort
                0x100416f4       0x1e ./Drivers/STM32WB0x_HAL_Driver/Src/stm32wb0x_hal_i2c.o
 *fill*         0x10041712        0x2 
 .text.HAL_RADIO_ReadRSSI
                0x10041714       0x50 ./Drivers/STM32WB0x_HAL_Driver/Src/stm32wb0x_hal_radio.o
                0x10041714                HAL_RADIO_ReadRSSI
 .text.HAL_RADIO_TxRxCallback
                0x10041764        0x2 ./Drivers/STM32WB0x_HAL_Driver/Src/stm32wb0x_hal_radio.o
                0x10041764                HAL_RADIO_TxRxCallback
 .text.HAL_RADIO_TxRxSeqCallback
                0x10041766        0x2 ./Drivers/STM32WB0x_HAL_Driver/Src/stm32wb0x_hal_radio.o
                0x10041766                HAL_RADIO_TxRxSeqCallback
 .text.HAL_RADIO_TXRX_IRQHandler
                0x10041768      0x13c ./Drivers/STM32WB0x_HAL_Driver/Src/stm32wb0x_hal_radio.o
                0x10041768                HAL_RADIO_TXRX_IRQHandler
 .text.HAL_RADIO_TXRX_SEQ_IRQHandler
                0x100418a4        0x8 ./Drivers/STM32WB0x_HAL_Driver/Src/stm32wb0x_hal_radio.o
                0x100418a4                HAL_RADIO_TXRX_SEQ_IRQHandler
 .text._calibration_callback
                0x100418ac       0x24 ./Drivers/STM32WB0x_HAL_Driver/Src/stm32wb0x_hal_radio_timer.o
 .text._get_system_time_and_machine.constprop.0
                0x100418d0       0x68 ./Drivers/STM32WB0x_HAL_Driver/Src/stm32wb0x_hal_radio_timer.o
 .text.HAL_RADIO_TIMER_GetAnchorPoint
                0x10041938       0x3c ./Drivers/STM32WB0x_HAL_Driver/Src/stm32wb0x_hal_radio_timer.o
                0x10041938                HAL_RADIO_TIMER_GetAnchorPoint
 .text.HAL_RADIO_TIMER_RadioTimerIsr
                0x10041974        0x2 ./Drivers/STM32WB0x_HAL_Driver/Src/stm32wb0x_hal_radio_timer.o
                0x10041974                HAL_RADIO_TIMER_RadioTimerIsr
 *fill*         0x10041976        0x2 
 .text.HAL_RADIO_TIMER_EndOfRadioActivityIsr
                0x10041978        0xc ./Drivers/STM32WB0x_HAL_Driver/Src/stm32wb0x_hal_radio_timer.o
                0x10041978                HAL_RADIO_TIMER_EndOfRadioActivityIsr
 .text.HAL_RADIO_TIMER_UsToSystime
                0x10041984       0x12 ./Drivers/STM32WB0x_HAL_Driver/Src/stm32wb0x_hal_radio_timer.o
                0x10041984                HAL_RADIO_TIMER_UsToSystime
 .text.HAL_RADIO_TIMER_GetCurrentSysTime
                0x10041996        0xc ./Drivers/STM32WB0x_HAL_Driver/Src/stm32wb0x_hal_radio_timer.o
                0x10041996                HAL_RADIO_TIMER_GetCurrentSysTime
 *fill*         0x100419a2        0x2 
 .text._check_radio_activity.part.0.constprop.0
                0x100419a4      0x1d0 ./Drivers/STM32WB0x_HAL_Driver/Src/stm32wb0x_hal_radio_timer.o
 .text.HAL_RADIO_TIMER_SetRadioTimerValue
                0x10041b74       0x64 ./Drivers/STM32WB0x_HAL_Driver/Src/stm32wb0x_hal_radio_timer.o
                0x10041b74                HAL_RADIO_TIMER_SetRadioTimerValue
 .text.HAL_RADIO_TIMER_TimeoutCallback
                0x10041bd8       0x4c ./Drivers/STM32WB0x_HAL_Driver/Src/stm32wb0x_hal_radio_timer.o
                0x10041bd8                HAL_RADIO_TIMER_TimeoutCallback
 .text.HAL_RADIO_TIMER_CpuWakeUpCallback
                0x10041c24        0x2 ./Drivers/STM32WB0x_HAL_Driver/Src/stm32wb0x_hal_radio_timer.o
                0x10041c24                HAL_RADIO_TIMER_CpuWakeUpCallback
 .text.HAL_RADIO_TIMER_CPU_WKUP_IRQHandler
                0x10041c26        0xc ./Drivers/STM32WB0x_HAL_Driver/Src/stm32wb0x_hal_radio_timer.o
                0x10041c26                HAL_RADIO_TIMER_CPU_WKUP_IRQHandler
 .text.HAL_RADIO_TIMER_ERROR_IRQHandler
                0x10041c32       0x1c ./Drivers/STM32WB0x_HAL_Driver/Src/stm32wb0x_hal_radio_timer.o
                0x10041c32                HAL_RADIO_TIMER_ERROR_IRQHandler
 *fill*         0x10041c4e        0x2 
 .text.LL_RCC_HSE_IsReady
                0x10041c50       0x10 ./Drivers/STM32WB0x_HAL_Driver/Src/stm32wb0x_hal_rcc.o
 .text.LL_RCC_HSI_Enable
                0x10041c60       0x18 ./Drivers/STM32WB0x_HAL_Driver/Src/stm32wb0x_hal_rcc.o
 .text.LL_RCC_HSI_IsReady
                0x10041c78       0x10 ./Drivers/STM32WB0x_HAL_Driver/Src/stm32wb0x_hal_rcc.o
 .text.HAL_RCC_OscConfig
                0x10041c88      0x278 ./Drivers/STM32WB0x_HAL_Driver/Src/stm32wb0x_hal_rcc.o
                0x10041c88                HAL_RCC_OscConfig
 .text.HAL_RCC_ClockConfig
                0x10041f00      0x140 ./Drivers/STM32WB0x_HAL_Driver/Src/stm32wb0x_hal_rcc.o
                0x10041f00                HAL_RCC_ClockConfig
 .text.HAL_RCC_GetSysClockFreq
                0x10042040        0xc ./Drivers/STM32WB0x_HAL_Driver/Src/stm32wb0x_hal_rcc.o
                0x10042040                HAL_RCC_GetSysClockFreq
 .text.HAL_RCCEx_PeriphCLKConfig
                0x1004204c       0x78 ./Drivers/STM32WB0x_HAL_Driver/Src/stm32wb0x_hal_rcc_ex.o
                0x1004204c                HAL_RCCEx_PeriphCLKConfig
 .text.HAL_RCCEx_GetPeriphCLKFreq
                0x100420c4       0xf4 ./Drivers/STM32WB0x_HAL_Driver/Src/stm32wb0x_hal_rcc_ex.o
                0x100420c4                HAL_RCCEx_GetPeriphCLKFreq
 .text.HAL_TIM_PeriodElapsedCallback
                0x100421b8        0x2 ./Drivers/STM32WB0x_HAL_Driver/Src/stm32wb0x_hal_tim.o
                0x100421b8                HAL_TIM_PeriodElapsedCallback
 .text.HAL_TIM_OC_DelayElapsedCallback
                0x100421ba        0x2 ./Drivers/STM32WB0x_HAL_Driver/Src/stm32wb0x_hal_tim.o
                0x100421ba                HAL_TIM_OC_DelayElapsedCallback
 .text.HAL_TIM_IC_CaptureCallback
                0x100421bc        0x2 ./Drivers/STM32WB0x_HAL_Driver/Src/stm32wb0x_hal_tim.o
                0x100421bc                HAL_TIM_IC_CaptureCallback
 .text.HAL_TIM_PWM_PulseFinishedCallback
                0x100421be        0x2 ./Drivers/STM32WB0x_HAL_Driver/Src/stm32wb0x_hal_tim.o
                0x100421be                HAL_TIM_PWM_PulseFinishedCallback
 .text.HAL_TIM_TriggerCallback
                0x100421c0        0x2 ./Drivers/STM32WB0x_HAL_Driver/Src/stm32wb0x_hal_tim.o
                0x100421c0                HAL_TIM_TriggerCallback
 .text.HAL_TIM_IRQHandler
                0x100421c2      0x138 ./Drivers/STM32WB0x_HAL_Driver/Src/stm32wb0x_hal_tim.o
                0x100421c2                HAL_TIM_IRQHandler
 .text.HAL_TIMEx_CommutCallback
                0x100422fa        0x2 ./Drivers/STM32WB0x_HAL_Driver/Src/stm32wb0x_hal_tim_ex.o
                0x100422fa                HAL_TIMEx_CommutCallback
 .text.HAL_TIMEx_BreakCallback
                0x100422fc        0x2 ./Drivers/STM32WB0x_HAL_Driver/Src/stm32wb0x_hal_tim_ex.o
                0x100422fc                HAL_TIMEx_BreakCallback
 *fill*         0x100422fe        0x2 
 .text.UART_EndRxTransfer
                0x10042300       0x64 ./Drivers/STM32WB0x_HAL_Driver/Src/stm32wb0x_hal_uart.o
 .text.HAL_UART_TxCpltCallback
                0x10042364        0x2 ./Drivers/STM32WB0x_HAL_Driver/Src/stm32wb0x_hal_uart.o
                0x10042364                HAL_UART_TxCpltCallback
 .text.HAL_UART_ErrorCallback
                0x10042366        0x2 ./Drivers/STM32WB0x_HAL_Driver/Src/stm32wb0x_hal_uart.o
                0x10042366                HAL_UART_ErrorCallback
 .text.UART_DMAAbortOnError
                0x10042368       0x12 ./Drivers/STM32WB0x_HAL_Driver/Src/stm32wb0x_hal_uart.o
 .text.HAL_UARTEx_RxEventCallback
                0x1004237a        0x2 ./Drivers/STM32WB0x_HAL_Driver/Src/stm32wb0x_hal_uart.o
                0x1004237a                HAL_UARTEx_RxEventCallback
 .text.HAL_UART_IRQHandler
                0x1004237c      0x344 ./Drivers/STM32WB0x_HAL_Driver/Src/stm32wb0x_hal_uart.o
                0x1004237c                HAL_UART_IRQHandler
 .text.UART_SetConfig
                0x100426c0      0x138 ./Drivers/STM32WB0x_HAL_Driver/Src/stm32wb0x_hal_uart.o
                0x100426c0                UART_SetConfig
 .text.UART_AdvFeatureConfig
                0x100427f8       0xd0 ./Drivers/STM32WB0x_HAL_Driver/Src/stm32wb0x_hal_uart.o
                0x100427f8                UART_AdvFeatureConfig
 .text.UART_WaitOnFlagUntilTimeout
                0x100428c8       0x92 ./Drivers/STM32WB0x_HAL_Driver/Src/stm32wb0x_hal_uart.o
                0x100428c8                UART_WaitOnFlagUntilTimeout
 *fill*         0x1004295a        0x2 
 .text.UART_CheckIdleState
                0x1004295c       0xc8 ./Drivers/STM32WB0x_HAL_Driver/Src/stm32wb0x_hal_uart.o
                0x1004295c                UART_CheckIdleState
 .text.HAL_UART_Init
                0x10042a24       0x68 ./Drivers/STM32WB0x_HAL_Driver/Src/stm32wb0x_hal_uart.o
                0x10042a24                HAL_UART_Init
 .text.UARTEx_SetNbDataToProcess
                0x10042a8c       0x50 ./Drivers/STM32WB0x_HAL_Driver/Src/stm32wb0x_hal_uart_ex.o
 .text.HAL_UARTEx_WakeupCallback
                0x10042adc        0x2 ./Drivers/STM32WB0x_HAL_Driver/Src/stm32wb0x_hal_uart_ex.o
                0x10042adc                HAL_UARTEx_WakeupCallback
 .text.HAL_UARTEx_RxFifoFullCallback
                0x10042ade        0x2 ./Drivers/STM32WB0x_HAL_Driver/Src/stm32wb0x_hal_uart_ex.o
                0x10042ade                HAL_UARTEx_RxFifoFullCallback
 .text.HAL_UARTEx_TxFifoEmptyCallback
                0x10042ae0        0x2 ./Drivers/STM32WB0x_HAL_Driver/Src/stm32wb0x_hal_uart_ex.o
                0x10042ae0                HAL_UARTEx_TxFifoEmptyCallback
 .text.HAL_UARTEx_SetTxFifoThreshold
                0x10042ae2       0x40 ./Drivers/STM32WB0x_HAL_Driver/Src/stm32wb0x_hal_uart_ex.o
                0x10042ae2                HAL_UARTEx_SetTxFifoThreshold
 *fill*         0x10042b22        0x2 
 .text.HAL_UARTEx_SetRxFifoThreshold
                0x10042b24       0x44 ./Drivers/STM32WB0x_HAL_Driver/Src/stm32wb0x_hal_uart_ex.o
                0x10042b24                HAL_UARTEx_SetRxFifoThreshold
 .text.USART_EndTransfer
                0x10042b68       0x24 ./Drivers/STM32WB0x_HAL_Driver/Src/stm32wb0x_hal_usart.o
 .text.HAL_USART_TxCpltCallback
                0x10042b8c        0x2 ./Drivers/STM32WB0x_HAL_Driver/Src/stm32wb0x_hal_usart.o
                0x10042b8c                HAL_USART_TxCpltCallback
 .text.HAL_USART_TxRxCpltCallback
                0x10042b8e        0x2 ./Drivers/STM32WB0x_HAL_Driver/Src/stm32wb0x_hal_usart.o
                0x10042b8e                HAL_USART_TxRxCpltCallback
 .text.HAL_USART_ErrorCallback
                0x10042b90        0x2 ./Drivers/STM32WB0x_HAL_Driver/Src/stm32wb0x_hal_usart.o
                0x10042b90                HAL_USART_ErrorCallback
 *fill*         0x10042b92        0x2 
 .text.HAL_USART_IRQHandler
                0x10042b94      0x1dc ./Drivers/STM32WB0x_HAL_Driver/Src/stm32wb0x_hal_usart.o
                0x10042b94                HAL_USART_IRQHandler
 .text.USART_DMAAbortOnError
                0x10042d70       0x10 ./Drivers/STM32WB0x_HAL_Driver/Src/stm32wb0x_hal_usart.o
 .text.HAL_USARTEx_RxFifoFullCallback
                0x10042d80        0x2 ./Drivers/STM32WB0x_HAL_Driver/Src/stm32wb0x_hal_usart_ex.o
                0x10042d80                HAL_USARTEx_RxFifoFullCallback
 .text.HAL_USARTEx_TxFifoEmptyCallback
                0x10042d82        0x2 ./Drivers/STM32WB0x_HAL_Driver/Src/stm32wb0x_hal_usart_ex.o
                0x10042d82                HAL_USARTEx_TxFifoEmptyCallback
 .text.memset   0x10042d84       0x10 C:/ST/STM32CubeIDE_1.17.0/STM32CubeIDE/plugins/com.st.stm32cube.ide.mcu.externaltools.gnu-tools-for-stm32.12.3.rel1.win32_1.1.0.202410251130/tools/bin/../lib/gcc/arm-none-eabi/12.3.1/../../../../arm-none-eabi/lib/thumb/v6-m/nofp\libc_nano.a(libc_a-memset.o)
                0x10042d84                memset
 *(i.*)
 *(.constdata)
 *(.glue_7)
 .glue_7        0x10042d94        0x0 linker stubs
 *(.glue_7t)
 .glue_7t       0x10042d94        0x0 linker stubs
                0x10042d94                        . = ALIGN (0x4)
                0x10042d94                        _etext = .

.vfp11_veneer   0x10042d94        0x0
 .vfp11_veneer  0x10042d94        0x0 linker stubs

.v4_bx          0x10042d94        0x0
 .v4_bx         0x10042d94        0x0 linker stubs

.init           0x10042d94        0x4
 .init          0x10042d94        0x4 C:/ST/STM32CubeIDE_1.17.0/STM32CubeIDE/plugins/com.st.stm32cube.ide.mcu.externaltools.gnu-tools-for-stm32.12.3.rel1.win32_1.1.0.202410251130/tools/bin/../lib/gcc/arm-none-eabi/12.3.1/thumb/v6-m/nofp/crti.o
                0x10042d94                _init

.fini           0x10042d98        0x4
 .fini          0x10042d98        0x4 C:/ST/STM32CubeIDE_1.17.0/STM32CubeIDE/plugins/com.st.stm32cube.ide.mcu.externaltools.gnu-tools-for-stm32.12.3.rel1.win32_1.1.0.202410251130/tools/bin/../lib/gcc/arm-none-eabi/12.3.1/thumb/v6-m/nofp/crti.o
                0x10042d98                _fini

.iplt           0x10042d9c        0x0
 .iplt          0x10042d9c        0x0 ./Core/Src/BOARD.o

.rodata         0x10042d9c       0x3c
                0x10042d9c                        . = ALIGN (0x4)
 *(.rodata)
 *(.rodata*)
 .rodata.LED_PORT
                0x10042d9c        0xc ./Drivers/BSP/STM32WB0x-nucleo/stm32wb0x_nucleo.o
 .rodata.LED_PIN
                0x10042da8        0x6 ./Drivers/BSP/STM32WB0x-nucleo/stm32wb0x_nucleo.o
 .rodata.UARTPrescTable
                0x10042dae       0x18 ./Drivers/STM32WB0x_HAL_Driver/Src/stm32wb0x_hal_uart.o
                0x10042dae                UARTPrescTable
 .rodata.denominator.0
                0x10042dc6        0x8 ./Drivers/STM32WB0x_HAL_Driver/Src/stm32wb0x_hal_uart_ex.o
 .rodata.numerator.1
                0x10042dce        0x8 ./Drivers/STM32WB0x_HAL_Driver/Src/stm32wb0x_hal_uart_ex.o
                0x10042dd8                        . = ALIGN (0x4)
 *fill*         0x10042dd6        0x2 

.ARM.extab
 *(.ARM.extab*)

.ARM            0x10042dd8        0x8
                0x10042dd8                        __exidx_start = .
 *(.ARM.exidx*)
 .ARM.exidx     0x10042dd8        0x8 C:/ST/STM32CubeIDE_1.17.0/STM32CubeIDE/plugins/com.st.stm32cube.ide.mcu.externaltools.gnu-tools-for-stm32.12.3.rel1.win32_1.1.0.202410251130/tools/bin/../lib/gcc/arm-none-eabi/12.3.1/thumb/v6-m/nofp\libgcc.a(_udivmoddi4.o)
                0x10042de0                        __exidx_end = .
                0x10042de0                        _sidata = LOADADDR (.data)

.rel.dyn        0x10042de0        0x0
 .rel.iplt      0x10042de0        0x0 ./Core/Src/BOARD.o

.ram_preamble   0x20000004       0x2c
 *(.ram_vr)
 .ram_vr        0x20000004       0x2c ./Core/Src/system_stm32wb0x.o
                0x20000004                RAM_VR

.ram_preamble_2
 *(.crash_info_ram_vr)

.bss.blueRAM    0x200000c0       0xd4
                0x200000c0                        . = ALIGN (0x4)
                0x200000c0                        _sbssblue = .
 *(.bss.__blue_RAM)
 .bss.__blue_RAM
                0x200000c0       0xd4 ./Drivers/STM32WB0x_HAL_Driver/Src/stm32wb0x_hal_radio.o
                0x200000c0                __blue_RAM
                0x20000194                        . = ALIGN (0x4)
                0x20000194                        _ebssblue = .

.bss            0x20000194      0xae4
                0x20000194                        . = ALIGN (0x4)
                0x20000194                        _sbss = .
 *(.bss)
 *(.bss*)
 .bss.hi2c1     0x20000194       0x54 ./Core/Src/I2C.o
                0x20000194                hi2c1
 .bss.milliSeconds
                0x200001e8        0x4 ./Core/Src/TIMERS.o
 .bss.htim2     0x200001ec       0x3c ./Core/Src/TIMERS.o
                0x200001ec                htim2
 .bss.USARTrx   0x20000228      0x406 ./Core/Src/UART.o
                0x20000228                USARTrx
 .bss.USARTtx   0x2000062e      0x406 ./Core/Src/UART.o
                0x2000062e                USARTtx
 .bss.BspCOMInit
                0x20000a34       0x10 ./Core/Src/UART.o
                0x20000a34                BspCOMInit
 .bss.husart1   0x20000a44       0x60 ./Core/Src/UART.o
                0x20000a44                husart1
 .bss.hlpuart1  0x20000aa4       0x94 ./Core/Src/UART.o
                0x20000aa4                hlpuart1
 .bss.hcom_uart
                0x20000b38       0x94 ./Drivers/BSP/STM32WB0x-nucleo/stm32wb0x_nucleo.o
                0x20000b38                hcom_uart
 .bss.uwTick    0x20000bcc        0x4 ./Drivers/STM32WB0x_HAL_Driver/Src/stm32wb0x_hal.o
                0x20000bcc                uwTick
 .bss.globalParameters
                0x20000bd0        0xc ./Drivers/STM32WB0x_HAL_Driver/Src/stm32wb0x_hal_radio.o
                0x20000bd0                globalParameters
 *fill*         0x20000bdc        0x4 
 .bss.RADIO_TIMER_Context
                0x20000be0       0x98 ./Drivers/STM32WB0x_HAL_Driver/Src/stm32wb0x_hal_radio_timer.o
 *(COMMON)
                0x20000c78                        . = ALIGN (0x4)
                0x20000c78                        _ebss = .

.data           0x20000c78        0xc load address 0x10042de0
                0x20000c78                        . = ALIGN (0x4)
                0x20000c78                        _sdata = .
 *(.data)
 *(.data*)
 .data.SystemCoreClock
                0x20000c78        0x4 ./Core/Src/system_stm32wb0x.o
                0x20000c78                SystemCoreClock
 .data.uwTickFreq
                0x20000c7c        0x1 ./Drivers/STM32WB0x_HAL_Driver/Src/stm32wb0x_hal.o
                0x20000c7c                uwTickFreq
 *fill*         0x20000c7d        0x3 
 .data.uwTickPrio
                0x20000c80        0x4 ./Drivers/STM32WB0x_HAL_Driver/Src/stm32wb0x_hal.o
                0x20000c80                uwTickPrio
                0x20000c84                        . = ALIGN (0x4)
                0x20000c84                        _edata = .

.igot.plt       0x20000c84        0x0 load address 0x10042dec
 .igot.plt      0x20000c84        0x0 ./Core/Src/BOARD.o

.noinit         0x20000c84        0x0 load address 0x10042dec
                0x20000c84                        . = ALIGN (0x4)
 *(.noinit)
                0x20000c84                        . = ALIGN (0x4)

.ota_region_end
                0x10042dec        0x0
                0x10042dec                        . = ALIGN (0x4)
 *(TAG_OTA_END)
                0x10042dec                        . = ALIGN (0x4)

.heap           0x20000c84        0x0
                0x20000c84                        . = ALIGN (0x4)
                [!provide]                        PROVIDE (end = .)
                0x20000c84                        PROVIDE (_end = .)
                0x20000c84                        . = (. + _Min_Heap_Size)
                0x20000c84                        . = ALIGN (0x4)

.stack          0x20005400      0xc00
                0x20005400                        . = ALIGN (0x4)
                0x20006000                        . = (. + _Min_Stack_Size)
 *fill*         0x20005400      0xc00 
                0x20006000                        . = ALIGN (0x4)
                0x20006000                        _estack = .
                0x20006000                        . = ALIGN (0x4)

.rom_info       0x10000000        0x0
                0x10000000                        . = ALIGN (0x4)
 *(.rom_info)
                0x10000000                        . = ALIGN (0x4)

/DISCARD/
 libc.a(*)
 libm.a(*)
 libgcc.a(*)

.ARM.attributes
                0x00000000       0x28
 *(.ARM.attributes)
 .ARM.attributes
                0x00000000       0x1e C:/ST/STM32CubeIDE_1.17.0/STM32CubeIDE/plugins/com.st.stm32cube.ide.mcu.externaltools.gnu-tools-for-stm32.12.3.rel1.win32_1.1.0.202410251130/tools/bin/../lib/gcc/arm-none-eabi/12.3.1/thumb/v6-m/nofp/crti.o
 .ARM.attributes
                0x0000001e       0x2c ./Core/Src/BOARD.o
 .ARM.attributes
                0x0000004a       0x2c ./Core/Src/I2C.o
 .ARM.attributes
                0x00000076       0x2c ./Core/Src/TIMERS.o
 .ARM.attributes
                0x000000a2       0x2c ./Core/Src/UART.o
 .ARM.attributes
                0x000000ce       0x21 ./Core/Src/blue_unit_conversion.o
 .ARM.attributes
                0x000000ef       0x2c ./Core/Src/stm32wb0x_hal_msp.o
 .ARM.attributes
                0x0000011b       0x2c ./Core/Src/stm32wb0x_it.o
 .ARM.attributes
                0x00000147       0x2c ./Core/Src/system_stm32wb0x.o
 .ARM.attributes
                0x00000173       0x22 ./Core/Startup/startup_stm32wb05kzvx.o
 .ARM.attributes
                0x00000195       0x2c ./Drivers/BSP/STM32WB0x-nucleo/stm32wb0x_nucleo.o
 .ARM.attributes
                0x000001c1       0x2c ./Drivers/STM32WB0x_HAL_Driver/Src/stm32wb0x_hal.o
 .ARM.attributes
                0x000001ed       0x2c ./Drivers/STM32WB0x_HAL_Driver/Src/stm32wb0x_hal_cortex.o
 .ARM.attributes
                0x00000219       0x2c ./Drivers/STM32WB0x_HAL_Driver/Src/stm32wb0x_hal_dma.o
 .ARM.attributes
                0x00000245       0x2c ./Drivers/STM32WB0x_HAL_Driver/Src/stm32wb0x_hal_gpio.o
 .ARM.attributes
                0x00000271       0x2c ./Drivers/STM32WB0x_HAL_Driver/Src/stm32wb0x_hal_i2c.o
 .ARM.attributes
                0x0000029d       0x2c ./Drivers/STM32WB0x_HAL_Driver/Src/stm32wb0x_hal_radio.o
 .ARM.attributes
                0x000002c9       0x2c ./Drivers/STM32WB0x_HAL_Driver/Src/stm32wb0x_hal_radio_timer.o
 .ARM.attributes
                0x000002f5       0x2c ./Drivers/STM32WB0x_HAL_Driver/Src/stm32wb0x_hal_rcc.o
 .ARM.attributes
                0x00000321       0x2c ./Drivers/STM32WB0x_HAL_Driver/Src/stm32wb0x_hal_rcc_ex.o
 .ARM.attributes
                0x0000034d       0x2c ./Drivers/STM32WB0x_HAL_Driver/Src/stm32wb0x_hal_tim.o
 .ARM.attributes
                0x00000379       0x2c ./Drivers/STM32WB0x_HAL_Driver/Src/stm32wb0x_hal_tim_ex.o
 .ARM.attributes
                0x000003a5       0x2c ./Drivers/STM32WB0x_HAL_Driver/Src/stm32wb0x_hal_uart.o
 .ARM.attributes
                0x000003d1       0x2c ./Drivers/STM32WB0x_HAL_Driver/Src/stm32wb0x_hal_uart_ex.o
 .ARM.attributes
                0x000003fd       0x2c ./Drivers/STM32WB0x_HAL_Driver/Src/stm32wb0x_hal_usart.o
 .ARM.attributes
                0x00000429       0x2c ./Drivers/STM32WB0x_HAL_Driver/Src/stm32wb0x_hal_usart_ex.o
 .ARM.attributes
                0x00000455       0x2c C:/ST/STM32CubeIDE_1.17.0/STM32CubeIDE/plugins/com.st.stm32cube.ide.mcu.externaltools.gnu-tools-for-stm32.12.3.rel1.win32_1.1.0.202410251130/tools/bin/../lib/gcc/arm-none-eabi/12.3.1/../../../../arm-none-eabi/lib/thumb/v6-m/nofp\libc_nano.a(libc_a-memset.o)
 .ARM.attributes
                0x00000481       0x1e C:/ST/STM32CubeIDE_1.17.0/STM32CubeIDE/plugins/com.st.stm32cube.ide.mcu.externaltools.gnu-tools-for-stm32.12.3.rel1.win32_1.1.0.202410251130/tools/bin/../lib/gcc/arm-none-eabi/12.3.1/thumb/v6-m/nofp\libgcc.a(_thumb1_case_uqi.o)
 .ARM.attributes
                0x0000049f       0x1e C:/ST/STM32CubeIDE_1.17.0/STM32CubeIDE/plugins/com.st.stm32cube.ide.mcu.externaltools.gnu-tools-for-stm32.12.3.rel1.win32_1.1.0.202410251130/tools/bin/../lib/gcc/arm-none-eabi/12.3.1/thumb/v6-m/nofp\libgcc.a(_udivsi3.o)
 .ARM.attributes
                0x000004bd       0x1e C:/ST/STM32CubeIDE_1.17.0/STM32CubeIDE/plugins/com.st.stm32cube.ide.mcu.externaltools.gnu-tools-for-stm32.12.3.rel1.win32_1.1.0.202410251130/tools/bin/../lib/gcc/arm-none-eabi/12.3.1/thumb/v6-m/nofp\libgcc.a(_divsi3.o)
 .ARM.attributes
                0x000004db       0x1e C:/ST/STM32CubeIDE_1.17.0/STM32CubeIDE/plugins/com.st.stm32cube.ide.mcu.externaltools.gnu-tools-for-stm32.12.3.rel1.win32_1.1.0.202410251130/tools/bin/../lib/gcc/arm-none-eabi/12.3.1/thumb/v6-m/nofp\libgcc.a(_dvmd_tls.o)
 .ARM.attributes
                0x000004f9       0x1e C:/ST/STM32CubeIDE_1.17.0/STM32CubeIDE/plugins/com.st.stm32cube.ide.mcu.externaltools.gnu-tools-for-stm32.12.3.rel1.win32_1.1.0.202410251130/tools/bin/../lib/gcc/arm-none-eabi/12.3.1/thumb/v6-m/nofp\libgcc.a(_aeabi_uldivmod.o)
 .ARM.attributes
                0x00000517       0x2c C:/ST/STM32CubeIDE_1.17.0/STM32CubeIDE/plugins/com.st.stm32cube.ide.mcu.externaltools.gnu-tools-for-stm32.12.3.rel1.win32_1.1.0.202410251130/tools/bin/../lib/gcc/arm-none-eabi/12.3.1/thumb/v6-m/nofp\libgcc.a(_udivmoddi4.o)
 .ARM.attributes
                0x00000543       0x1e C:/ST/STM32CubeIDE_1.17.0/STM32CubeIDE/plugins/com.st.stm32cube.ide.mcu.externaltools.gnu-tools-for-stm32.12.3.rel1.win32_1.1.0.202410251130/tools/bin/../lib/gcc/arm-none-eabi/12.3.1/thumb/v6-m/nofp\libgcc.a(_clzdi2.o)
 .ARM.attributes
                0x00000561       0x1e C:/ST/STM32CubeIDE_1.17.0/STM32CubeIDE/plugins/com.st.stm32cube.ide.mcu.externaltools.gnu-tools-for-stm32.12.3.rel1.win32_1.1.0.202410251130/tools/bin/../lib/gcc/arm-none-eabi/12.3.1/thumb/v6-m/nofp\libgcc.a(_clzsi2.o)
OUTPUT(WildlifeSource.elf elf32-littlearm)
LOAD linker stubs
LOAD C:/ST/STM32CubeIDE_1.17.0/STM32CubeIDE/plugins/com.st.stm32cube.ide.mcu.externaltools.gnu-tools-for-stm32.12.3.rel1.win32_1.1.0.202410251130/tools/bin/../lib/gcc/arm-none-eabi/12.3.1/../../../../arm-none-eabi/lib/thumb/v6-m/nofp\libc.a
LOAD C:/ST/STM32CubeIDE_1.17.0/STM32CubeIDE/plugins/com.st.stm32cube.ide.mcu.externaltools.gnu-tools-for-stm32.12.3.rel1.win32_1.1.0.202410251130/tools/bin/../lib/gcc/arm-none-eabi/12.3.1/../../../../arm-none-eabi/lib/thumb/v6-m/nofp\libm.a
LOAD C:/ST/STM32CubeIDE_1.17.0/STM32CubeIDE/plugins/com.st.stm32cube.ide.mcu.externaltools.gnu-tools-for-stm32.12.3.rel1.win32_1.1.0.202410251130/tools/bin/../lib/gcc/arm-none-eabi/12.3.1/thumb/v6-m/nofp\libgcc.a

.comment        0x00000000       0x43
 .comment       0x00000000       0x43 ./Core/Src/BOARD.o
                                 0x44 (size before relaxing)
 .comment       0x00000043       0x44 ./Core/Src/I2C.o
 .comment       0x00000043       0x44 ./Core/Src/TIMERS.o
 .comment       0x00000043       0x44 ./Core/Src/UART.o
 .comment       0x00000043       0x44 ./Core/Src/stm32wb0x_hal_msp.o
 .comment       0x00000043       0x44 ./Core/Src/stm32wb0x_it.o
 .comment       0x00000043       0x44 ./Core/Src/system_stm32wb0x.o
 .comment       0x00000043       0x44 ./Drivers/BSP/STM32WB0x-nucleo/stm32wb0x_nucleo.o
 .comment       0x00000043       0x44 ./Drivers/STM32WB0x_HAL_Driver/Src/stm32wb0x_hal.o
 .comment       0x00000043       0x44 ./Drivers/STM32WB0x_HAL_Driver/Src/stm32wb0x_hal_cortex.o
 .comment       0x00000043       0x44 ./Drivers/STM32WB0x_HAL_Driver/Src/stm32wb0x_hal_dma.o
 .comment       0x00000043       0x44 ./Drivers/STM32WB0x_HAL_Driver/Src/stm32wb0x_hal_gpio.o
 .comment       0x00000043       0x44 ./Drivers/STM32WB0x_HAL_Driver/Src/stm32wb0x_hal_i2c.o
 .comment       0x00000043       0x44 ./Drivers/STM32WB0x_HAL_Driver/Src/stm32wb0x_hal_radio.o
 .comment       0x00000043       0x44 ./Drivers/STM32WB0x_HAL_Driver/Src/stm32wb0x_hal_radio_timer.o
 .comment       0x00000043       0x44 ./Drivers/STM32WB0x_HAL_Driver/Src/stm32wb0x_hal_rcc.o
 .comment       0x00000043       0x44 ./Drivers/STM32WB0x_HAL_Driver/Src/stm32wb0x_hal_rcc_ex.o
 .comment       0x00000043       0x44 ./Drivers/STM32WB0x_HAL_Driver/Src/stm32wb0x_hal_tim.o
 .comment       0x00000043       0x44 ./Drivers/STM32WB0x_HAL_Driver/Src/stm32wb0x_hal_tim_ex.o
 .comment       0x00000043       0x44 ./Drivers/STM32WB0x_HAL_Driver/Src/stm32wb0x_hal_uart.o
 .comment       0x00000043       0x44 ./Drivers/STM32WB0x_HAL_Driver/Src/stm32wb0x_hal_uart_ex.o
 .comment       0x00000043       0x44 ./Drivers/STM32WB0x_HAL_Driver/Src/stm32wb0x_hal_usart.o
 .comment       0x00000043       0x44 ./Drivers/STM32WB0x_HAL_Driver/Src/stm32wb0x_hal_usart_ex.o

.debug_frame    0x00000000       0x9c
 .debug_frame   0x00000000       0x20 C:/ST/STM32CubeIDE_1.17.0/STM32CubeIDE/plugins/com.st.stm32cube.ide.mcu.externaltools.gnu-tools-for-stm32.12.3.rel1.win32_1.1.0.202410251130/tools/bin/../lib/gcc/arm-none-eabi/12.3.1/../../../../arm-none-eabi/lib/thumb/v6-m/nofp\libc_nano.a(libc_a-memset.o)
 .debug_frame   0x00000020       0x20 C:/ST/STM32CubeIDE_1.17.0/STM32CubeIDE/plugins/com.st.stm32cube.ide.mcu.externaltools.gnu-tools-for-stm32.12.3.rel1.win32_1.1.0.202410251130/tools/bin/../lib/gcc/arm-none-eabi/12.3.1/thumb/v6-m/nofp\libgcc.a(_udivsi3.o)
 .debug_frame   0x00000040       0x20 C:/ST/STM32CubeIDE_1.17.0/STM32CubeIDE/plugins/com.st.stm32cube.ide.mcu.externaltools.gnu-tools-for-stm32.12.3.rel1.win32_1.1.0.202410251130/tools/bin/../lib/gcc/arm-none-eabi/12.3.1/thumb/v6-m/nofp\libgcc.a(_divsi3.o)
 .debug_frame   0x00000060       0x3c C:/ST/STM32CubeIDE_1.17.0/STM32CubeIDE/plugins/com.st.stm32cube.ide.mcu.externaltools.gnu-tools-for-stm32.12.3.rel1.win32_1.1.0.202410251130/tools/bin/../lib/gcc/arm-none-eabi/12.3.1/thumb/v6-m/nofp\libgcc.a(_udivmoddi4.o)
