10:30:33 **** Clean-only build of configuration Release for project WildlifeSource ****
make -j12 clean 
rm -rf ./Drivers/STM32WB0x_HAL_Driver/Src/stm32wb0x_hal.cyclo ./Drivers/STM32WB0x_HAL_Driver/Src/stm32wb0x_hal.d ./Drivers/STM32WB0x_HAL_Driver/Src/stm32wb0x_hal.o ./Drivers/STM32WB0x_HAL_Driver/Src/stm32wb0x_hal.su ./Drivers/STM32WB0x_HAL_Driver/Src/stm32wb0x_hal_cortex.cyclo ./Drivers/STM32WB0x_HAL_Driver/Src/stm32wb0x_hal_cortex.d ./Drivers/STM32WB0x_HAL_Driver/Src/stm32wb0x_hal_cortex.o ./Drivers/STM32WB0x_HAL_Driver/Src/stm32wb0x_hal_cortex.su ./Drivers/STM32WB0x_HAL_Driver/Src/stm32wb0x_hal_dma.cyclo ./Drivers/STM32WB0x_HAL_Driver/Src/stm32wb0x_hal_dma.d ./Drivers/STM32WB0x_HAL_Driver/Src/stm32wb0x_hal_dma.o ./Drivers/STM32WB0x_HAL_Driver/Src/stm32wb0x_hal_dma.su ./Drivers/STM32WB0x_HAL_Driver/Src/stm32wb0x_hal_flash.cyclo ./Drivers/STM32WB0x_HAL_Driver/Src/stm32wb0x_hal_flash.d ./Drivers/STM32WB0x_HAL_Driver/Src/stm32wb0x_hal_flash.o ./Drivers/STM32WB0x_HAL_Driver/Src/stm32wb0x_hal_flash.su ./Drivers/STM32WB0x_HAL_Driver/Src/stm32wb0x_hal_flash_ex.cyclo ./Drivers/STM32WB0x_HAL_Driver/Src/stm32wb0x_hal_flash_ex.d ./Drivers/STM32WB0x_HAL_Driver/Src/stm32wb0x_hal_flash_ex.o ./Drivers/STM32WB0x_HAL_Driver/Src/stm32wb0x_hal_flash_ex.su ./Drivers/STM32WB0x_HAL_Driver/Src/stm32wb0x_hal_gpio.cyclo ./Drivers/STM32WB0x_HAL_Driver/Src/stm32wb0x_hal_gpio.d ./Drivers/STM32WB0x_HAL_Driver/Src/stm32wb0x_hal_gpio.o ./Drivers/STM32WB0x_HAL_Driver/Src/stm32wb0x_hal_gpio.su ./Drivers/STM32WB0x_HAL_Driver/Src/stm32wb0x_hal_pwr.cyclo ./Drivers/STM32WB0x_HAL_Driver/Src/stm32wb0x_hal_pwr.d ./Drivers/STM32WB0x_HAL_Driver/Src/stm32wb0x_hal_pwr.o ./Drivers/STM32WB0x_HAL_Driver/Src/stm32wb0x_hal_pwr.su ./Drivers/STM32WB0x_HAL_Driver/Src/stm32wb0x_hal_pwr_ex.cyclo ./Drivers/STM32WB0x_HAL_Driver/Src/stm32wb0x_hal_pwr_ex.d ./Drivers/STM32WB0x_HAL_Driver/Src/stm32wb0x_hal_pwr_ex.o ./Drivers/STM32WB0x_HAL_Driver/Src/stm32wb0x_hal_pwr_ex.su ./Drivers/STM32WB0x_HAL_Driver/Src/stm32wb0x_hal_rcc.cyclo ./Drivers/STM32WB0x_HAL_Driver/Src/stm32wb0x_hal_rcc.d ./Drivers/STM32WB0x_HAL_Driver/Src/stm32wb0x_hal_rcc.o ./Drivers/STM32WB0x_HAL_Driver/Src/stm32wb0x_hal_rcc.su ./Drivers/STM32WB0x_HAL_Driver/Src/stm32wb0x_hal_rcc_ex.cyclo ./Drivers/STM32WB0x_HAL_Driver/Src/stm32wb0x_hal_rcc_ex.d ./Drivers/STM32WB0x_HAL_Driver/Src/stm32wb0x_hal_rcc_ex.o ./Drivers/STM32WB0x_HAL_Driver/Src/stm32wb0x_hal_rcc_ex.su ./Drivers/STM32WB0x_HAL_Driver/Src/stm32wb0x_hal_uart.cyclo ./Drivers/STM32WB0x_HAL_Driver/Src/stm32wb0x_hal_uart.d ./Drivers/STM32WB0x_HAL_Driver/Src/stm32wb0x_hal_uart.o ./Drivers/STM32WB0x_HAL_Driver/Src/stm32wb0x_hal_uart.su ./Drivers/STM32WB0x_HAL_Driver/Src/stm32wb0x_hal_uart_ex.cyclo ./Drivers/STM32WB0x_HAL_Driver/Src/stm32wb0x_hal_uart_ex.d ./Drivers/STM32WB0x_HAL_Driver/Src/stm32wb0x_hal_uart_ex.o ./Drivers/STM32WB0x_HAL_Driver/Src/stm32wb0x_hal_uart_ex.su ./Drivers/STM32WB0x_HAL_Driver/Src/stm32wb0x_hal_usart.cyclo ./Drivers/STM32WB0x_HAL_Driver/Src/stm32wb0x_hal_usart.d ./Drivers/STM32WB0x_HAL_Driver/Src/stm32wb0x_hal_usart.o ./Drivers/STM32WB0x_HAL_Driver/Src/stm32wb0x_hal_usart.su ./Drivers/STM32WB0x_HAL_Driver/Src/stm32wb0x_hal_usart_ex.cyclo ./Drivers/STM32WB0x_HAL_Driver/Src/stm32wb0x_hal_usart_ex.d ./Drivers/STM32WB0x_HAL_Driver/Src/stm32wb0x_hal_usart_ex.o ./Drivers/STM32WB0x_HAL_Driver/Src/stm32wb0x_hal_usart_ex.su
rm -rf ./Drivers/BSP/STM32WB0x-nucleo/stm32wb0x_nucleo.cyclo ./Drivers/BSP/STM32WB0x-nucleo/stm32wb0x_nucleo.d ./Drivers/BSP/STM32WB0x-nucleo/stm32wb0x_nucleo.o ./Drivers/BSP/STM32WB0x-nucleo/stm32wb0x_nucleo.su
rm -rf ./Core/Startup/startup_stm32wb05kzvx.d ./Core/Startup/startup_stm32wb05kzvx.o
rm -rf ./Core/Src/main.cyclo ./Core/Src/main.d ./Core/Src/main.o ./Core/Src/main.su ./Core/Src/main2.cyclo ./Core/Src/main2.d ./Core/Src/main2.o ./Core/Src/main2.su ./Core/Src/stm32wb0x_hal_msp.cyclo ./Core/Src/stm32wb0x_hal_msp.d ./Core/Src/stm32wb0x_hal_msp.o ./Core/Src/stm32wb0x_hal_msp.su ./Core/Src/stm32wb0x_it.cyclo ./Core/Src/stm32wb0x_it.d ./Core/Src/stm32wb0x_it.o ./Core/Src/stm32wb0x_it.su ./Core/Src/syscalls.cyclo ./Core/Src/syscalls.d ./Core/Src/syscalls.o ./Core/Src/syscalls.su ./Core/Src/sysmem.cyclo ./Core/Src/sysmem.d ./Core/Src/sysmem.o ./Core/Src/sysmem.su ./Core/Src/system_stm32wb0x.cyclo ./Core/Src/system_stm32wb0x.d ./Core/Src/system_stm32wb0x.o ./Core/Src/system_stm32wb0x.su
rm -rf WildlifeSource.elf WildlifeSource.hex WildlifeSource.list WildlifeSource.map default.size.stdout
 
10:30:34 **** Incremental Build of configuration Release for project WildlifeSource ****
make -j12 all 
arm-none-eabi-gcc "../Drivers/STM32WB0x_HAL_Driver/Src/stm32wb0x_hal.c" -mcpu=cortex-m0plus -std=gnu11 -DUSE_NUCLEO_64 -DUSE_HAL_DRIVER -DSTM32WB05 -c -I../Core/Inc -I../Drivers/STM32WB0x_HAL_Driver/Inc -I../Drivers/STM32WB0x_HAL_Driver/Inc/Legacy -I../Drivers/BSP/STM32WB0x-nucleo -I../Drivers/CMSIS/Device/ST/STM32WB0X/Include -I../Drivers/CMSIS/Include -Os -ffunction-sections -fdata-sections -Wall -fstack-usage -fcyclomatic-complexity -MMD -MP -MF"Drivers/STM32WB0x_HAL_Driver/Src/stm32wb0x_hal.d" -MT"Drivers/STM32WB0x_HAL_Driver/Src/stm32wb0x_hal.o" --specs=nano.specs -mfloat-abi=soft -mthumb -o "Drivers/STM32WB0x_HAL_Driver/Src/stm32wb0x_hal.o"
arm-none-eabi-gcc "../Drivers/STM32WB0x_HAL_Driver/Src/stm32wb0x_hal_cortex.c" -mcpu=cortex-m0plus -std=gnu11 -DUSE_NUCLEO_64 -DUSE_HAL_DRIVER -DSTM32WB05 -c -I../Core/Inc -I../Drivers/STM32WB0x_HAL_Driver/Inc -I../Drivers/STM32WB0x_HAL_Driver/Inc/Legacy -I../Drivers/BSP/STM32WB0x-nucleo -I../Drivers/CMSIS/Device/ST/STM32WB0X/Include -I../Drivers/CMSIS/Include -Os -ffunction-sections -fdata-sections -Wall -fstack-usage -fcyclomatic-complexity -MMD -MP -MF"Drivers/STM32WB0x_HAL_Driver/Src/stm32wb0x_hal_cortex.d" -MT"Drivers/STM32WB0x_HAL_Driver/Src/stm32wb0x_hal_cortex.o" --specs=nano.specs -mfloat-abi=soft -mthumb -o "Drivers/STM32WB0x_HAL_Driver/Src/stm32wb0x_hal_cortex.o"
arm-none-eabi-gcc "../Drivers/STM32WB0x_HAL_Driver/Src/stm32wb0x_hal_dma.c" -mcpu=cortex-m0plus -std=gnu11 -DUSE_NUCLEO_64 -DUSE_HAL_DRIVER -DSTM32WB05 -c -I../Core/Inc -I../Drivers/STM32WB0x_HAL_Driver/Inc -I../Drivers/STM32WB0x_HAL_Driver/Inc/Legacy -I../Drivers/BSP/STM32WB0x-nucleo -I../Drivers/CMSIS/Device/ST/STM32WB0X/Include -I../Drivers/CMSIS/Include -Os -ffunction-sections -fdata-sections -Wall -fstack-usage -fcyclomatic-complexity -MMD -MP -MF"Drivers/STM32WB0x_HAL_Driver/Src/stm32wb0x_hal_dma.d" -MT"Drivers/STM32WB0x_HAL_Driver/Src/stm32wb0x_hal_dma.o" --specs=nano.specs -mfloat-abi=soft -mthumb -o "Drivers/STM32WB0x_HAL_Driver/Src/stm32wb0x_hal_dma.o"
arm-none-eabi-gcc "../Drivers/STM32WB0x_HAL_Driver/Src/stm32wb0x_hal_flash.c" -mcpu=cortex-m0plus -std=gnu11 -DUSE_NUCLEO_64 -DUSE_HAL_DRIVER -DSTM32WB05 -c -I../Core/Inc -I../Drivers/STM32WB0x_HAL_Driver/Inc -I../Drivers/STM32WB0x_HAL_Driver/Inc/Legacy -I../Drivers/BSP/STM32WB0x-nucleo -I../Drivers/CMSIS/Device/ST/STM32WB0X/Include -I../Drivers/CMSIS/Include -Os -ffunction-sections -fdata-sections -Wall -fstack-usage -fcyclomatic-complexity -MMD -MP -MF"Drivers/STM32WB0x_HAL_Driver/Src/stm32wb0x_hal_flash.d" -MT"Drivers/STM32WB0x_HAL_Driver/Src/stm32wb0x_hal_flash.o" --specs=nano.specs -mfloat-abi=soft -mthumb -o "Drivers/STM32WB0x_HAL_Driver/Src/stm32wb0x_hal_flash.o"
arm-none-eabi-gcc "../Drivers/STM32WB0x_HAL_Driver/Src/stm32wb0x_hal_flash_ex.c" -mcpu=cortex-m0plus -std=gnu11 -DUSE_NUCLEO_64 -DUSE_HAL_DRIVER -DSTM32WB05 -c -I../Core/Inc -I../Drivers/STM32WB0x_HAL_Driver/Inc -I../Drivers/STM32WB0x_HAL_Driver/Inc/Legacy -I../Drivers/BSP/STM32WB0x-nucleo -I../Drivers/CMSIS/Device/ST/STM32WB0X/Include -I../Drivers/CMSIS/Include -Os -ffunction-sections -fdata-sections -Wall -fstack-usage -fcyclomatic-complexity -MMD -MP -MF"Drivers/STM32WB0x_HAL_Driver/Src/stm32wb0x_hal_flash_ex.d" -MT"Drivers/STM32WB0x_HAL_Driver/Src/stm32wb0x_hal_flash_ex.o" --specs=nano.specs -mfloat-abi=soft -mthumb -o "Drivers/STM32WB0x_HAL_Driver/Src/stm32wb0x_hal_flash_ex.o"
arm-none-eabi-gcc "../Drivers/STM32WB0x_HAL_Driver/Src/stm32wb0x_hal_gpio.c" -mcpu=cortex-m0plus -std=gnu11 -DUSE_NUCLEO_64 -DUSE_HAL_DRIVER -DSTM32WB05 -c -I../Core/Inc -I../Drivers/STM32WB0x_HAL_Driver/Inc -I../Drivers/STM32WB0x_HAL_Driver/Inc/Legacy -I../Drivers/BSP/STM32WB0x-nucleo -I../Drivers/CMSIS/Device/ST/STM32WB0X/Include -I../Drivers/CMSIS/Include -Os -ffunction-sections -fdata-sections -Wall -fstack-usage -fcyclomatic-complexity -MMD -MP -MF"Drivers/STM32WB0x_HAL_Driver/Src/stm32wb0x_hal_gpio.d" -MT"Drivers/STM32WB0x_HAL_Driver/Src/stm32wb0x_hal_gpio.o" --specs=nano.specs -mfloat-abi=soft -mthumb -o "Drivers/STM32WB0x_HAL_Driver/Src/stm32wb0x_hal_gpio.o"
arm-none-eabi-gcc "../Drivers/STM32WB0x_HAL_Driver/Src/stm32wb0x_hal_pwr.c" -mcpu=cortex-m0plus -std=gnu11 -DUSE_NUCLEO_64 -DUSE_HAL_DRIVER -DSTM32WB05 -c -I../Core/Inc -I../Drivers/STM32WB0x_HAL_Driver/Inc -I../Drivers/STM32WB0x_HAL_Driver/Inc/Legacy -I../Drivers/BSP/STM32WB0x-nucleo -I../Drivers/CMSIS/Device/ST/STM32WB0X/Include -I../Drivers/CMSIS/Include -Os -ffunction-sections -fdata-sections -Wall -fstack-usage -fcyclomatic-complexity -MMD -MP -MF"Drivers/STM32WB0x_HAL_Driver/Src/stm32wb0x_hal_pwr.d" -MT"Drivers/STM32WB0x_HAL_Driver/Src/stm32wb0x_hal_pwr.o" --specs=nano.specs -mfloat-abi=soft -mthumb -o "Drivers/STM32WB0x_HAL_Driver/Src/stm32wb0x_hal_pwr.o"
arm-none-eabi-gcc "../Drivers/STM32WB0x_HAL_Driver/Src/stm32wb0x_hal_pwr_ex.c" -mcpu=cortex-m0plus -std=gnu11 -DUSE_NUCLEO_64 -DUSE_HAL_DRIVER -DSTM32WB05 -c -I../Core/Inc -I../Drivers/STM32WB0x_HAL_Driver/Inc -I../Drivers/STM32WB0x_HAL_Driver/Inc/Legacy -I../Drivers/BSP/STM32WB0x-nucleo -I../Drivers/CMSIS/Device/ST/STM32WB0X/Include -I../Drivers/CMSIS/Include -Os -ffunction-sections -fdata-sections -Wall -fstack-usage -fcyclomatic-complexity -MMD -MP -MF"Drivers/STM32WB0x_HAL_Driver/Src/stm32wb0x_hal_pwr_ex.d" -MT"Drivers/STM32WB0x_HAL_Driver/Src/stm32wb0x_hal_pwr_ex.o" --specs=nano.specs -mfloat-abi=soft -mthumb -o "Drivers/STM32WB0x_HAL_Driver/Src/stm32wb0x_hal_pwr_ex.o"
arm-none-eabi-gcc "../Drivers/STM32WB0x_HAL_Driver/Src/stm32wb0x_hal_rcc.c" -mcpu=cortex-m0plus -std=gnu11 -DUSE_NUCLEO_64 -DUSE_HAL_DRIVER -DSTM32WB05 -c -I../Core/Inc -I../Drivers/STM32WB0x_HAL_Driver/Inc -I../Drivers/STM32WB0x_HAL_Driver/Inc/Legacy -I../Drivers/BSP/STM32WB0x-nucleo -I../Drivers/CMSIS/Device/ST/STM32WB0X/Include -I../Drivers/CMSIS/Include -Os -ffunction-sections -fdata-sections -Wall -fstack-usage -fcyclomatic-complexity -MMD -MP -MF"Drivers/STM32WB0x_HAL_Driver/Src/stm32wb0x_hal_rcc.d" -MT"Drivers/STM32WB0x_HAL_Driver/Src/stm32wb0x_hal_rcc.o" --specs=nano.specs -mfloat-abi=soft -mthumb -o "Drivers/STM32WB0x_HAL_Driver/Src/stm32wb0x_hal_rcc.o"
arm-none-eabi-gcc "../Drivers/STM32WB0x_HAL_Driver/Src/stm32wb0x_hal_rcc_ex.c" -mcpu=cortex-m0plus -std=gnu11 -DUSE_NUCLEO_64 -DUSE_HAL_DRIVER -DSTM32WB05 -c -I../Core/Inc -I../Drivers/STM32WB0x_HAL_Driver/Inc -I../Drivers/STM32WB0x_HAL_Driver/Inc/Legacy -I../Drivers/BSP/STM32WB0x-nucleo -I../Drivers/CMSIS/Device/ST/STM32WB0X/Include -I../Drivers/CMSIS/Include -Os -ffunction-sections -fdata-sections -Wall -fstack-usage -fcyclomatic-complexity -MMD -MP -MF"Drivers/STM32WB0x_HAL_Driver/Src/stm32wb0x_hal_rcc_ex.d" -MT"Drivers/STM32WB0x_HAL_Driver/Src/stm32wb0x_hal_rcc_ex.o" --specs=nano.specs -mfloat-abi=soft -mthumb -o "Drivers/STM32WB0x_HAL_Driver/Src/stm32wb0x_hal_rcc_ex.o"
arm-none-eabi-gcc "../Drivers/STM32WB0x_HAL_Driver/Src/stm32wb0x_hal_uart.c" -mcpu=cortex-m0plus -std=gnu11 -DUSE_NUCLEO_64 -DUSE_HAL_DRIVER -DSTM32WB05 -c -I../Core/Inc -I../Drivers/STM32WB0x_HAL_Driver/Inc -I../Drivers/STM32WB0x_HAL_Driver/Inc/Legacy -I../Drivers/BSP/STM32WB0x-nucleo -I../Drivers/CMSIS/Device/ST/STM32WB0X/Include -I../Drivers/CMSIS/Include -Os -ffunction-sections -fdata-sections -Wall -fstack-usage -fcyclomatic-complexity -MMD -MP -MF"Drivers/STM32WB0x_HAL_Driver/Src/stm32wb0x_hal_uart.d" -MT"Drivers/STM32WB0x_HAL_Driver/Src/stm32wb0x_hal_uart.o" --specs=nano.specs -mfloat-abi=soft -mthumb -o "Drivers/STM32WB0x_HAL_Driver/Src/stm32wb0x_hal_uart.o"
arm-none-eabi-gcc "../Drivers/STM32WB0x_HAL_Driver/Src/stm32wb0x_hal_uart_ex.c" -mcpu=cortex-m0plus -std=gnu11 -DUSE_NUCLEO_64 -DUSE_HAL_DRIVER -DSTM32WB05 -c -I../Core/Inc -I../Drivers/STM32WB0x_HAL_Driver/Inc -I../Drivers/STM32WB0x_HAL_Driver/Inc/Legacy -I../Drivers/BSP/STM32WB0x-nucleo -I../Drivers/CMSIS/Device/ST/STM32WB0X/Include -I../Drivers/CMSIS/Include -Os -ffunction-sections -fdata-sections -Wall -fstack-usage -fcyclomatic-complexity -MMD -MP -MF"Drivers/STM32WB0x_HAL_Driver/Src/stm32wb0x_hal_uart_ex.d" -MT"Drivers/STM32WB0x_HAL_Driver/Src/stm32wb0x_hal_uart_ex.o" --specs=nano.specs -mfloat-abi=soft -mthumb -o "Drivers/STM32WB0x_HAL_Driver/Src/stm32wb0x_hal_uart_ex.o"
arm-none-eabi-gcc "../Drivers/STM32WB0x_HAL_Driver/Src/stm32wb0x_hal_usart.c" -mcpu=cortex-m0plus -std=gnu11 -DUSE_NUCLEO_64 -DUSE_HAL_DRIVER -DSTM32WB05 -c -I../Core/Inc -I../Drivers/STM32WB0x_HAL_Driver/Inc -I../Drivers/STM32WB0x_HAL_Driver/Inc/Legacy -I../Drivers/BSP/STM32WB0x-nucleo -I../Drivers/CMSIS/Device/ST/STM32WB0X/Include -I../Drivers/CMSIS/Include -Os -ffunction-sections -fdata-sections -Wall -fstack-usage -fcyclomatic-complexity -MMD -MP -MF"Drivers/STM32WB0x_HAL_Driver/Src/stm32wb0x_hal_usart.d" -MT"Drivers/STM32WB0x_HAL_Driver/Src/stm32wb0x_hal_usart.o" --specs=nano.specs -mfloat-abi=soft -mthumb -o "Drivers/STM32WB0x_HAL_Driver/Src/stm32wb0x_hal_usart.o"
arm-none-eabi-gcc "../Drivers/STM32WB0x_HAL_Driver/Src/stm32wb0x_hal_usart_ex.c" -mcpu=cortex-m0plus -std=gnu11 -DUSE_NUCLEO_64 -DUSE_HAL_DRIVER -DSTM32WB05 -c -I../Core/Inc -I../Drivers/STM32WB0x_HAL_Driver/Inc -I../Drivers/STM32WB0x_HAL_Driver/Inc/Legacy -I../Drivers/BSP/STM32WB0x-nucleo -I../Drivers/CMSIS/Device/ST/STM32WB0X/Include -I../Drivers/CMSIS/Include -Os -ffunction-sections -fdata-sections -Wall -fstack-usage -fcyclomatic-complexity -MMD -MP -MF"Drivers/STM32WB0x_HAL_Driver/Src/stm32wb0x_hal_usart_ex.d" -MT"Drivers/STM32WB0x_HAL_Driver/Src/stm32wb0x_hal_usart_ex.o" --specs=nano.specs -mfloat-abi=soft -mthumb -o "Drivers/STM32WB0x_HAL_Driver/Src/stm32wb0x_hal_usart_ex.o"
arm-none-eabi-gcc "../Drivers/BSP/STM32WB0x-nucleo/stm32wb0x_nucleo.c" -mcpu=cortex-m0plus -std=gnu11 -DUSE_NUCLEO_64 -DUSE_HAL_DRIVER -DSTM32WB05 -c -I../Core/Inc -I../Drivers/STM32WB0x_HAL_Driver/Inc -I../Drivers/STM32WB0x_HAL_Driver/Inc/Legacy -I../Drivers/BSP/STM32WB0x-nucleo -I../Drivers/CMSIS/Device/ST/STM32WB0X/Include -I../Drivers/CMSIS/Include -Os -ffunction-sections -fdata-sections -Wall -fstack-usage -fcyclomatic-complexity -MMD -MP -MF"Drivers/BSP/STM32WB0x-nucleo/stm32wb0x_nucleo.d" -MT"Drivers/BSP/STM32WB0x-nucleo/stm32wb0x_nucleo.o" --specs=nano.specs -mfloat-abi=soft -mthumb -o "Drivers/BSP/STM32WB0x-nucleo/stm32wb0x_nucleo.o"
arm-none-eabi-gcc -mcpu=cortex-m0plus -c -x assembler-with-cpp -MMD -MP -MF"Core/Startup/startup_stm32wb05kzvx.d" -MT"Core/Startup/startup_stm32wb05kzvx.o" --specs=nano.specs -mfloat-abi=soft -mthumb -o "Core/Startup/startup_stm32wb05kzvx.o" "../Core/Startup/startup_stm32wb05kzvx.s"
arm-none-eabi-gcc "../Core/Src/main.c" -mcpu=cortex-m0plus -std=gnu11 -DUSE_NUCLEO_64 -DUSE_HAL_DRIVER -DSTM32WB05 -c -I../Core/Inc -I../Drivers/STM32WB0x_HAL_Driver/Inc -I../Drivers/STM32WB0x_HAL_Driver/Inc/Legacy -I../Drivers/BSP/STM32WB0x-nucleo -I../Drivers/CMSIS/Device/ST/STM32WB0X/Include -I../Drivers/CMSIS/Include -Os -ffunction-sections -fdata-sections -Wall -fstack-usage -fcyclomatic-complexity -MMD -MP -MF"Core/Src/main.d" -MT"Core/Src/main.o" --specs=nano.specs -mfloat-abi=soft -mthumb -o "Core/Src/main.o"
arm-none-eabi-gcc "../Core/Src/main2.c" -mcpu=cortex-m0plus -std=gnu11 -DUSE_NUCLEO_64 -DUSE_HAL_DRIVER -DSTM32WB05 -c -I../Core/Inc -I../Drivers/STM32WB0x_HAL_Driver/Inc -I../Drivers/STM32WB0x_HAL_Driver/Inc/Legacy -I../Drivers/BSP/STM32WB0x-nucleo -I../Drivers/CMSIS/Device/ST/STM32WB0X/Include -I../Drivers/CMSIS/Include -Os -ffunction-sections -fdata-sections -Wall -fstack-usage -fcyclomatic-complexity -MMD -MP -MF"Core/Src/main2.d" -MT"Core/Src/main2.o" --specs=nano.specs -mfloat-abi=soft -mthumb -o "Core/Src/main2.o"
arm-none-eabi-gcc "../Core/Src/stm32wb0x_hal_msp.c" -mcpu=cortex-m0plus -std=gnu11 -DUSE_NUCLEO_64 -DUSE_HAL_DRIVER -DSTM32WB05 -c -I../Core/Inc -I../Drivers/STM32WB0x_HAL_Driver/Inc -I../Drivers/STM32WB0x_HAL_Driver/Inc/Legacy -I../Drivers/BSP/STM32WB0x-nucleo -I../Drivers/CMSIS/Device/ST/STM32WB0X/Include -I../Drivers/CMSIS/Include -Os -ffunction-sections -fdata-sections -Wall -fstack-usage -fcyclomatic-complexity -MMD -MP -MF"Core/Src/stm32wb0x_hal_msp.d" -MT"Core/Src/stm32wb0x_hal_msp.o" --specs=nano.specs -mfloat-abi=soft -mthumb -o "Core/Src/stm32wb0x_hal_msp.o"
arm-none-eabi-gcc "../Core/Src/stm32wb0x_it.c" -mcpu=cortex-m0plus -std=gnu11 -DUSE_NUCLEO_64 -DUSE_HAL_DRIVER -DSTM32WB05 -c -I../Core/Inc -I../Drivers/STM32WB0x_HAL_Driver/Inc -I../Drivers/STM32WB0x_HAL_Driver/Inc/Legacy -I../Drivers/BSP/STM32WB0x-nucleo -I../Drivers/CMSIS/Device/ST/STM32WB0X/Include -I../Drivers/CMSIS/Include -Os -ffunction-sections -fdata-sections -Wall -fstack-usage -fcyclomatic-complexity -MMD -MP -MF"Core/Src/stm32wb0x_it.d" -MT"Core/Src/stm32wb0x_it.o" --specs=nano.specs -mfloat-abi=soft -mthumb -o "Core/Src/stm32wb0x_it.o"
arm-none-eabi-gcc "../Core/Src/syscalls.c" -mcpu=cortex-m0plus -std=gnu11 -DUSE_NUCLEO_64 -DUSE_HAL_DRIVER -DSTM32WB05 -c -I../Core/Inc -I../Drivers/STM32WB0x_HAL_Driver/Inc -I../Drivers/STM32WB0x_HAL_Driver/Inc/Legacy -I../Drivers/BSP/STM32WB0x-nucleo -I../Drivers/CMSIS/Device/ST/STM32WB0X/Include -I../Drivers/CMSIS/Include -Os -ffunction-sections -fdata-sections -Wall -fstack-usage -fcyclomatic-complexity -MMD -MP -MF"Core/Src/syscalls.d" -MT"Core/Src/syscalls.o" --specs=nano.specs -mfloat-abi=soft -mthumb -o "Core/Src/syscalls.o"
arm-none-eabi-gcc "../Core/Src/sysmem.c" -mcpu=cortex-m0plus -std=gnu11 -DUSE_NUCLEO_64 -DUSE_HAL_DRIVER -DSTM32WB05 -c -I../Core/Inc -I../Drivers/STM32WB0x_HAL_Driver/Inc -I../Drivers/STM32WB0x_HAL_Driver/Inc/Legacy -I../Drivers/BSP/STM32WB0x-nucleo -I../Drivers/CMSIS/Device/ST/STM32WB0X/Include -I../Drivers/CMSIS/Include -Os -ffunction-sections -fdata-sections -Wall -fstack-usage -fcyclomatic-complexity -MMD -MP -MF"Core/Src/sysmem.d" -MT"Core/Src/sysmem.o" --specs=nano.specs -mfloat-abi=soft -mthumb -o "Core/Src/sysmem.o"
arm-none-eabi-gcc "../Core/Src/system_stm32wb0x.c" -mcpu=cortex-m0plus -std=gnu11 -DUSE_NUCLEO_64 -DUSE_HAL_DRIVER -DSTM32WB05 -c -I../Core/Inc -I../Drivers/STM32WB0x_HAL_Driver/Inc -I../Drivers/STM32WB0x_HAL_Driver/Inc/Legacy -I../Drivers/BSP/STM32WB0x-nucleo -I../Drivers/CMSIS/Device/ST/STM32WB0X/Include -I../Drivers/CMSIS/Include -Os -ffunction-sections -fdata-sections -Wall -fstack-usage -fcyclomatic-complexity -MMD -MP -MF"Core/Src/system_stm32wb0x.d" -MT"Core/Src/system_stm32wb0x.o" --specs=nano.specs -mfloat-abi=soft -mthumb -o "Core/Src/system_stm32wb0x.o"
arm-none-eabi-gcc -o "WildlifeSource.elf" @"objects.list"   -mcpu=cortex-m0plus -T"C:\Users\stipi\Desktop\HWstuff\ECE129\WildlifeSource\WPSSource\WildlifeSource\STM32WB05KZVX_FLASH.ld" --specs=nosys.specs -Wl,-Map="WildlifeSource.map" -Wl,--gc-sections -static --specs=nano.specs -mfloat-abi=soft -mthumb -Wl,--start-group -lc -lm -Wl,--end-group
Finished building target: WildlifeSource.elf
 
arm-none-eabi-size  WildlifeSource.elf 
arm-none-eabi-objdump -h -S WildlifeSource.elf  > "WildlifeSource.list"
arm-none-eabi-objcopy  -O ihex WildlifeSource.elf  "WildlifeSource.hex"
   text	   data	    bss	    dec	    hex	filename
   9512	    108	   3624	  13244	   33bc	WildlifeSource.elf
Finished building: default.size.stdout
 
Finished building: WildlifeSource.hex
 
Finished building: WildlifeSource.list
 
10:31:06 **** Clean-only build of configuration Debug for project WildlifeSource ****
make -j12 clean 
rm -rf ./Drivers/STM32WB0x_HAL_Driver/Src/stm32wb0x_hal.cyclo ./Drivers/STM32WB0x_HAL_Driver/Src/stm32wb0x_hal.d ./Drivers/STM32WB0x_HAL_Driver/Src/stm32wb0x_hal.o ./Drivers/STM32WB0x_HAL_Driver/Src/stm32wb0x_hal.su ./Drivers/STM32WB0x_HAL_Driver/Src/stm32wb0x_hal_cortex.cyclo ./Drivers/STM32WB0x_HAL_Driver/Src/stm32wb0x_hal_cortex.d ./Drivers/STM32WB0x_HAL_Driver/Src/stm32wb0x_hal_cortex.o ./Drivers/STM32WB0x_HAL_Driver/Src/stm32wb0x_hal_cortex.su ./Drivers/STM32WB0x_HAL_Driver/Src/stm32wb0x_hal_dma.cyclo ./Drivers/STM32WB0x_HAL_Driver/Src/stm32wb0x_hal_dma.d ./Drivers/STM32WB0x_HAL_Driver/Src/stm32wb0x_hal_dma.o ./Drivers/STM32WB0x_HAL_Driver/Src/stm32wb0x_hal_dma.su ./Drivers/STM32WB0x_HAL_Driver/Src/stm32wb0x_hal_flash.cyclo ./Drivers/STM32WB0x_HAL_Driver/Src/stm32wb0x_hal_flash.d ./Drivers/STM32WB0x_HAL_Driver/Src/stm32wb0x_hal_flash.o ./Drivers/STM32WB0x_HAL_Driver/Src/stm32wb0x_hal_flash.su ./Drivers/STM32WB0x_HAL_Driver/Src/stm32wb0x_hal_flash_ex.cyclo ./Drivers/STM32WB0x_HAL_Driver/Src/stm32wb0x_hal_flash_ex.d ./Drivers/STM32WB0x_HAL_Driver/Src/stm32wb0x_hal_flash_ex.o ./Drivers/STM32WB0x_HAL_Driver/Src/stm32wb0x_hal_flash_ex.su ./Drivers/STM32WB0x_HAL_Driver/Src/stm32wb0x_hal_gpio.cyclo ./Drivers/STM32WB0x_HAL_Driver/Src/stm32wb0x_hal_gpio.d ./Drivers/STM32WB0x_HAL_Driver/Src/stm32wb0x_hal_gpio.o ./Drivers/STM32WB0x_HAL_Driver/Src/stm32wb0x_hal_gpio.su ./Drivers/STM32WB0x_HAL_Driver/Src/stm32wb0x_hal_pwr.cyclo ./Drivers/STM32WB0x_HAL_Driver/Src/stm32wb0x_hal_pwr.d ./Drivers/STM32WB0x_HAL_Driver/Src/stm32wb0x_hal_pwr.o ./Drivers/STM32WB0x_HAL_Driver/Src/stm32wb0x_hal_pwr.su ./Drivers/STM32WB0x_HAL_Driver/Src/stm32wb0x_hal_pwr_ex.cyclo ./Drivers/STM32WB0x_HAL_Driver/Src/stm32wb0x_hal_pwr_ex.d ./Drivers/STM32WB0x_HAL_Driver/Src/stm32wb0x_hal_pwr_ex.o ./Drivers/STM32WB0x_HAL_Driver/Src/stm32wb0x_hal_pwr_ex.su ./Drivers/STM32WB0x_HAL_Driver/Src/stm32wb0x_hal_rcc.cyclo ./Drivers/STM32WB0x_HAL_Driver/Src/stm32wb0x_hal_rcc.d ./Drivers/STM32WB0x_HAL_Driver/Src/stm32wb0x_hal_rcc.o ./Drivers/STM32WB0x_HAL_Driver/Src/stm32wb0x_hal_rcc.su ./Drivers/STM32WB0x_HAL_Driver/Src/stm32wb0x_hal_rcc_ex.cyclo ./Drivers/STM32WB0x_HAL_Driver/Src/stm32wb0x_hal_rcc_ex.d ./Drivers/STM32WB0x_HAL_Driver/Src/stm32wb0x_hal_rcc_ex.o ./Drivers/STM32WB0x_HAL_Driver/Src/stm32wb0x_hal_rcc_ex.su ./Drivers/STM32WB0x_HAL_Driver/Src/stm32wb0x_hal_uart.cyclo ./Drivers/STM32WB0x_HAL_Driver/Src/stm32wb0x_hal_uart.d ./Drivers/STM32WB0x_HAL_Driver/Src/stm32wb0x_hal_uart.o ./Drivers/STM32WB0x_HAL_Driver/Src/stm32wb0x_hal_uart.su ./Drivers/STM32WB0x_HAL_Driver/Src/stm32wb0x_hal_uart_ex.cyclo ./Drivers/STM32WB0x_HAL_Driver/Src/stm32wb0x_hal_uart_ex.d ./Drivers/STM32WB0x_HAL_Driver/Src/stm32wb0x_hal_uart_ex.o ./Drivers/STM32WB0x_HAL_Driver/Src/stm32wb0x_hal_uart_ex.su ./Drivers/STM32WB0x_HAL_Driver/Src/stm32wb0x_hal_usart.cyclo ./Drivers/STM32WB0x_HAL_Driver/Src/stm32wb0x_hal_usart.d ./Drivers/STM32WB0x_HAL_Driver/Src/stm32wb0x_hal_usart.o ./Drivers/STM32WB0x_HAL_Driver/Src/stm32wb0x_hal_usart.su ./Drivers/STM32WB0x_HAL_Driver/Src/stm32wb0x_hal_usart_ex.cyclo ./Drivers/STM32WB0x_HAL_Driver/Src/stm32wb0x_hal_usart_ex.d ./Drivers/STM32WB0x_HAL_Driver/Src/stm32wb0x_hal_usart_ex.o ./Drivers/STM32WB0x_HAL_Driver/Src/stm32wb0x_hal_usart_ex.su
rm -rf ./Drivers/BSP/STM32WB0x-nucleo/stm32wb0x_nucleo.cyclo ./Drivers/BSP/STM32WB0x-nucleo/stm32wb0x_nucleo.d ./Drivers/BSP/STM32WB0x-nucleo/stm32wb0x_nucleo.o ./Drivers/BSP/STM32WB0x-nucleo/stm32wb0x_nucleo.su
rm -rf ./Core/Startup/startup_stm32wb05kzvx.d ./Core/Startup/startup_stm32wb05kzvx.o
rm -rf ./Core/Src/main.cyclo ./Core/Src/main.d ./Core/Src/main.o ./Core/Src/main.su ./Core/Src/main2.cyclo ./Core/Src/main2.d ./Core/Src/main2.o ./Core/Src/main2.su ./Core/Src/stm32wb0x_hal_msp.cyclo ./Core/Src/stm32wb0x_hal_msp.d ./Core/Src/stm32wb0x_hal_msp.o ./Core/Src/stm32wb0x_hal_msp.su ./Core/Src/stm32wb0x_it.cyclo ./Core/Src/stm32wb0x_it.d ./Core/Src/stm32wb0x_it.o ./Core/Src/stm32wb0x_it.su ./Core/Src/syscalls.cyclo ./Core/Src/syscalls.d ./Core/Src/syscalls.o ./Core/Src/syscalls.su ./Core/Src/sysmem.cyclo ./Core/Src/sysmem.d ./Core/Src/sysmem.o ./Core/Src/sysmem.su ./Core/Src/system_stm32wb0x.cyclo ./Core/Src/system_stm32wb0x.d ./Core/Src/system_stm32wb0x.o ./Core/Src/system_stm32wb0x.su
rm -rf WildlifeSource.elf WildlifeSource.hex WildlifeSource.list WildlifeSource.map default.size.stdout
 
10:31:07 **** Incremental Build of configuration Debug for project WildlifeSource ****
make -j12 all 
arm-none-eabi-gcc "../Drivers/STM32WB0x_HAL_Driver/Src/stm32wb0x_hal.c" -mcpu=cortex-m0plus -std=gnu11 -g3 -DDEBUG -DUSE_NUCLEO_64 -DUSE_HAL_DRIVER -DSTM32WB05 -c -I../Core/Inc -I../Drivers/STM32WB0x_HAL_Driver/Inc -I../Drivers/STM32WB0x_HAL_Driver/Inc/Legacy -I../Drivers/BSP/STM32WB0x-nucleo -I../Drivers/CMSIS/Device/ST/STM32WB0X/Include -I../Drivers/CMSIS/Include -O0 -ffunction-sections -fdata-sections -Wall -fstack-usage -fcyclomatic-complexity -MMD -MP -MF"Drivers/STM32WB0x_HAL_Driver/Src/stm32wb0x_hal.d" -MT"Drivers/STM32WB0x_HAL_Driver/Src/stm32wb0x_hal.o" --specs=nano.specs -mfloat-abi=soft -mthumb -o "Drivers/STM32WB0x_HAL_Driver/Src/stm32wb0x_hal.o"
arm-none-eabi-gcc "../Drivers/STM32WB0x_HAL_Driver/Src/stm32wb0x_hal_cortex.c" -mcpu=cortex-m0plus -std=gnu11 -g3 -DDEBUG -DUSE_NUCLEO_64 -DUSE_HAL_DRIVER -DSTM32WB05 -c -I../Core/Inc -I../Drivers/STM32WB0x_HAL_Driver/Inc -I../Drivers/STM32WB0x_HAL_Driver/Inc/Legacy -I../Drivers/BSP/STM32WB0x-nucleo -I../Drivers/CMSIS/Device/ST/STM32WB0X/Include -I../Drivers/CMSIS/Include -O0 -ffunction-sections -fdata-sections -Wall -fstack-usage -fcyclomatic-complexity -MMD -MP -MF"Drivers/STM32WB0x_HAL_Driver/Src/stm32wb0x_hal_cortex.d" -MT"Drivers/STM32WB0x_HAL_Driver/Src/stm32wb0x_hal_cortex.o" --specs=nano.specs -mfloat-abi=soft -mthumb -o "Drivers/STM32WB0x_HAL_Driver/Src/stm32wb0x_hal_cortex.o"
arm-none-eabi-gcc "../Drivers/STM32WB0x_HAL_Driver/Src/stm32wb0x_hal_dma.c" -mcpu=cortex-m0plus -std=gnu11 -g3 -DDEBUG -DUSE_NUCLEO_64 -DUSE_HAL_DRIVER -DSTM32WB05 -c -I../Core/Inc -I../Drivers/STM32WB0x_HAL_Driver/Inc -I../Drivers/STM32WB0x_HAL_Driver/Inc/Legacy -I../Drivers/BSP/STM32WB0x-nucleo -I../Drivers/CMSIS/Device/ST/STM32WB0X/Include -I../Drivers/CMSIS/Include -O0 -ffunction-sections -fdata-sections -Wall -fstack-usage -fcyclomatic-complexity -MMD -MP -MF"Drivers/STM32WB0x_HAL_Driver/Src/stm32wb0x_hal_dma.d" -MT"Drivers/STM32WB0x_HAL_Driver/Src/stm32wb0x_hal_dma.o" --specs=nano.specs -mfloat-abi=soft -mthumb -o "Drivers/STM32WB0x_HAL_Driver/Src/stm32wb0x_hal_dma.o"
arm-none-eabi-gcc "../Drivers/STM32WB0x_HAL_Driver/Src/stm32wb0x_hal_flash.c" -mcpu=cortex-m0plus -std=gnu11 -g3 -DDEBUG -DUSE_NUCLEO_64 -DUSE_HAL_DRIVER -DSTM32WB05 -c -I../Core/Inc -I../Drivers/STM32WB0x_HAL_Driver/Inc -I../Drivers/STM32WB0x_HAL_Driver/Inc/Legacy -I../Drivers/BSP/STM32WB0x-nucleo -I../Drivers/CMSIS/Device/ST/STM32WB0X/Include -I../Drivers/CMSIS/Include -O0 -ffunction-sections -fdata-sections -Wall -fstack-usage -fcyclomatic-complexity -MMD -MP -MF"Drivers/STM32WB0x_HAL_Driver/Src/stm32wb0x_hal_flash.d" -MT"Drivers/STM32WB0x_HAL_Driver/Src/stm32wb0x_hal_flash.o" --specs=nano.specs -mfloat-abi=soft -mthumb -o "Drivers/STM32WB0x_HAL_Driver/Src/stm32wb0x_hal_flash.o"
arm-none-eabi-gcc "../Drivers/STM32WB0x_HAL_Driver/Src/stm32wb0x_hal_flash_ex.c" -mcpu=cortex-m0plus -std=gnu11 -g3 -DDEBUG -DUSE_NUCLEO_64 -DUSE_HAL_DRIVER -DSTM32WB05 -c -I../Core/Inc -I../Drivers/STM32WB0x_HAL_Driver/Inc -I../Drivers/STM32WB0x_HAL_Driver/Inc/Legacy -I../Drivers/BSP/STM32WB0x-nucleo -I../Drivers/CMSIS/Device/ST/STM32WB0X/Include -I../Drivers/CMSIS/Include -O0 -ffunction-sections -fdata-sections -Wall -fstack-usage -fcyclomatic-complexity -MMD -MP -MF"Drivers/STM32WB0x_HAL_Driver/Src/stm32wb0x_hal_flash_ex.d" -MT"Drivers/STM32WB0x_HAL_Driver/Src/stm32wb0x_hal_flash_ex.o" --specs=nano.specs -mfloat-abi=soft -mthumb -o "Drivers/STM32WB0x_HAL_Driver/Src/stm32wb0x_hal_flash_ex.o"
arm-none-eabi-gcc "../Drivers/STM32WB0x_HAL_Driver/Src/stm32wb0x_hal_gpio.c" -mcpu=cortex-m0plus -std=gnu11 -g3 -DDEBUG -DUSE_NUCLEO_64 -DUSE_HAL_DRIVER -DSTM32WB05 -c -I../Core/Inc -I../Drivers/STM32WB0x_HAL_Driver/Inc -I../Drivers/STM32WB0x_HAL_Driver/Inc/Legacy -I../Drivers/BSP/STM32WB0x-nucleo -I../Drivers/CMSIS/Device/ST/STM32WB0X/Include -I../Drivers/CMSIS/Include -O0 -ffunction-sections -fdata-sections -Wall -fstack-usage -fcyclomatic-complexity -MMD -MP -MF"Drivers/STM32WB0x_HAL_Driver/Src/stm32wb0x_hal_gpio.d" -MT"Drivers/STM32WB0x_HAL_Driver/Src/stm32wb0x_hal_gpio.o" --specs=nano.specs -mfloat-abi=soft -mthumb -o "Drivers/STM32WB0x_HAL_Driver/Src/stm32wb0x_hal_gpio.o"
arm-none-eabi-gcc "../Drivers/STM32WB0x_HAL_Driver/Src/stm32wb0x_hal_pwr.c" -mcpu=cortex-m0plus -std=gnu11 -g3 -DDEBUG -DUSE_NUCLEO_64 -DUSE_HAL_DRIVER -DSTM32WB05 -c -I../Core/Inc -I../Drivers/STM32WB0x_HAL_Driver/Inc -I../Drivers/STM32WB0x_HAL_Driver/Inc/Legacy -I../Drivers/BSP/STM32WB0x-nucleo -I../Drivers/CMSIS/Device/ST/STM32WB0X/Include -I../Drivers/CMSIS/Include -O0 -ffunction-sections -fdata-sections -Wall -fstack-usage -fcyclomatic-complexity -MMD -MP -MF"Drivers/STM32WB0x_HAL_Driver/Src/stm32wb0x_hal_pwr.d" -MT"Drivers/STM32WB0x_HAL_Driver/Src/stm32wb0x_hal_pwr.o" --specs=nano.specs -mfloat-abi=soft -mthumb -o "Drivers/STM32WB0x_HAL_Driver/Src/stm32wb0x_hal_pwr.o"
arm-none-eabi-gcc "../Drivers/STM32WB0x_HAL_Driver/Src/stm32wb0x_hal_pwr_ex.c" -mcpu=cortex-m0plus -std=gnu11 -g3 -DDEBUG -DUSE_NUCLEO_64 -DUSE_HAL_DRIVER -DSTM32WB05 -c -I../Core/Inc -I../Drivers/STM32WB0x_HAL_Driver/Inc -I../Drivers/STM32WB0x_HAL_Driver/Inc/Legacy -I../Drivers/BSP/STM32WB0x-nucleo -I../Drivers/CMSIS/Device/ST/STM32WB0X/Include -I../Drivers/CMSIS/Include -O0 -ffunction-sections -fdata-sections -Wall -fstack-usage -fcyclomatic-complexity -MMD -MP -MF"Drivers/STM32WB0x_HAL_Driver/Src/stm32wb0x_hal_pwr_ex.d" -MT"Drivers/STM32WB0x_HAL_Driver/Src/stm32wb0x_hal_pwr_ex.o" --specs=nano.specs -mfloat-abi=soft -mthumb -o "Drivers/STM32WB0x_HAL_Driver/Src/stm32wb0x_hal_pwr_ex.o"
arm-none-eabi-gcc "../Drivers/STM32WB0x_HAL_Driver/Src/stm32wb0x_hal_rcc.c" -mcpu=cortex-m0plus -std=gnu11 -g3 -DDEBUG -DUSE_NUCLEO_64 -DUSE_HAL_DRIVER -DSTM32WB05 -c -I../Core/Inc -I../Drivers/STM32WB0x_HAL_Driver/Inc -I../Drivers/STM32WB0x_HAL_Driver/Inc/Legacy -I../Drivers/BSP/STM32WB0x-nucleo -I../Drivers/CMSIS/Device/ST/STM32WB0X/Include -I../Drivers/CMSIS/Include -O0 -ffunction-sections -fdata-sections -Wall -fstack-usage -fcyclomatic-complexity -MMD -MP -MF"Drivers/STM32WB0x_HAL_Driver/Src/stm32wb0x_hal_rcc.d" -MT"Drivers/STM32WB0x_HAL_Driver/Src/stm32wb0x_hal_rcc.o" --specs=nano.specs -mfloat-abi=soft -mthumb -o "Drivers/STM32WB0x_HAL_Driver/Src/stm32wb0x_hal_rcc.o"
arm-none-eabi-gcc "../Drivers/STM32WB0x_HAL_Driver/Src/stm32wb0x_hal_rcc_ex.c" -mcpu=cortex-m0plus -std=gnu11 -g3 -DDEBUG -DUSE_NUCLEO_64 -DUSE_HAL_DRIVER -DSTM32WB05 -c -I../Core/Inc -I../Drivers/STM32WB0x_HAL_Driver/Inc -I../Drivers/STM32WB0x_HAL_Driver/Inc/Legacy -I../Drivers/BSP/STM32WB0x-nucleo -I../Drivers/CMSIS/Device/ST/STM32WB0X/Include -I../Drivers/CMSIS/Include -O0 -ffunction-sections -fdata-sections -Wall -fstack-usage -fcyclomatic-complexity -MMD -MP -MF"Drivers/STM32WB0x_HAL_Driver/Src/stm32wb0x_hal_rcc_ex.d" -MT"Drivers/STM32WB0x_HAL_Driver/Src/stm32wb0x_hal_rcc_ex.o" --specs=nano.specs -mfloat-abi=soft -mthumb -o "Drivers/STM32WB0x_HAL_Driver/Src/stm32wb0x_hal_rcc_ex.o"
arm-none-eabi-gcc "../Drivers/STM32WB0x_HAL_Driver/Src/stm32wb0x_hal_uart.c" -mcpu=cortex-m0plus -std=gnu11 -g3 -DDEBUG -DUSE_NUCLEO_64 -DUSE_HAL_DRIVER -DSTM32WB05 -c -I../Core/Inc -I../Drivers/STM32WB0x_HAL_Driver/Inc -I../Drivers/STM32WB0x_HAL_Driver/Inc/Legacy -I../Drivers/BSP/STM32WB0x-nucleo -I../Drivers/CMSIS/Device/ST/STM32WB0X/Include -I../Drivers/CMSIS/Include -O0 -ffunction-sections -fdata-sections -Wall -fstack-usage -fcyclomatic-complexity -MMD -MP -MF"Drivers/STM32WB0x_HAL_Driver/Src/stm32wb0x_hal_uart.d" -MT"Drivers/STM32WB0x_HAL_Driver/Src/stm32wb0x_hal_uart.o" --specs=nano.specs -mfloat-abi=soft -mthumb -o "Drivers/STM32WB0x_HAL_Driver/Src/stm32wb0x_hal_uart.o"
arm-none-eabi-gcc "../Drivers/STM32WB0x_HAL_Driver/Src/stm32wb0x_hal_uart_ex.c" -mcpu=cortex-m0plus -std=gnu11 -g3 -DDEBUG -DUSE_NUCLEO_64 -DUSE_HAL_DRIVER -DSTM32WB05 -c -I../Core/Inc -I../Drivers/STM32WB0x_HAL_Driver/Inc -I../Drivers/STM32WB0x_HAL_Driver/Inc/Legacy -I../Drivers/BSP/STM32WB0x-nucleo -I../Drivers/CMSIS/Device/ST/STM32WB0X/Include -I../Drivers/CMSIS/Include -O0 -ffunction-sections -fdata-sections -Wall -fstack-usage -fcyclomatic-complexity -MMD -MP -MF"Drivers/STM32WB0x_HAL_Driver/Src/stm32wb0x_hal_uart_ex.d" -MT"Drivers/STM32WB0x_HAL_Driver/Src/stm32wb0x_hal_uart_ex.o" --specs=nano.specs -mfloat-abi=soft -mthumb -o "Drivers/STM32WB0x_HAL_Driver/Src/stm32wb0x_hal_uart_ex.o"
arm-none-eabi-gcc "../Drivers/STM32WB0x_HAL_Driver/Src/stm32wb0x_hal_usart.c" -mcpu=cortex-m0plus -std=gnu11 -g3 -DDEBUG -DUSE_NUCLEO_64 -DUSE_HAL_DRIVER -DSTM32WB05 -c -I../Core/Inc -I../Drivers/STM32WB0x_HAL_Driver/Inc -I../Drivers/STM32WB0x_HAL_Driver/Inc/Legacy -I../Drivers/BSP/STM32WB0x-nucleo -I../Drivers/CMSIS/Device/ST/STM32WB0X/Include -I../Drivers/CMSIS/Include -O0 -ffunction-sections -fdata-sections -Wall -fstack-usage -fcyclomatic-complexity -MMD -MP -MF"Drivers/STM32WB0x_HAL_Driver/Src/stm32wb0x_hal_usart.d" -MT"Drivers/STM32WB0x_HAL_Driver/Src/stm32wb0x_hal_usart.o" --specs=nano.specs -mfloat-abi=soft -mthumb -o "Drivers/STM32WB0x_HAL_Driver/Src/stm32wb0x_hal_usart.o"
arm-none-eabi-gcc "../Drivers/STM32WB0x_HAL_Driver/Src/stm32wb0x_hal_usart_ex.c" -mcpu=cortex-m0plus -std=gnu11 -g3 -DDEBUG -DUSE_NUCLEO_64 -DUSE_HAL_DRIVER -DSTM32WB05 -c -I../Core/Inc -I../Drivers/STM32WB0x_HAL_Driver/Inc -I../Drivers/STM32WB0x_HAL_Driver/Inc/Legacy -I../Drivers/BSP/STM32WB0x-nucleo -I../Drivers/CMSIS/Device/ST/STM32WB0X/Include -I../Drivers/CMSIS/Include -O0 -ffunction-sections -fdata-sections -Wall -fstack-usage -fcyclomatic-complexity -MMD -MP -MF"Drivers/STM32WB0x_HAL_Driver/Src/stm32wb0x_hal_usart_ex.d" -MT"Drivers/STM32WB0x_HAL_Driver/Src/stm32wb0x_hal_usart_ex.o" --specs=nano.specs -mfloat-abi=soft -mthumb -o "Drivers/STM32WB0x_HAL_Driver/Src/stm32wb0x_hal_usart_ex.o"
arm-none-eabi-gcc "../Drivers/BSP/STM32WB0x-nucleo/stm32wb0x_nucleo.c" -mcpu=cortex-m0plus -std=gnu11 -g3 -DDEBUG -DUSE_NUCLEO_64 -DUSE_HAL_DRIVER -DSTM32WB05 -c -I../Core/Inc -I../Drivers/STM32WB0x_HAL_Driver/Inc -I../Drivers/STM32WB0x_HAL_Driver/Inc/Legacy -I../Drivers/BSP/STM32WB0x-nucleo -I../Drivers/CMSIS/Device/ST/STM32WB0X/Include -I../Drivers/CMSIS/Include -O0 -ffunction-sections -fdata-sections -Wall -fstack-usage -fcyclomatic-complexity -MMD -MP -MF"Drivers/BSP/STM32WB0x-nucleo/stm32wb0x_nucleo.d" -MT"Drivers/BSP/STM32WB0x-nucleo/stm32wb0x_nucleo.o" --specs=nano.specs -mfloat-abi=soft -mthumb -o "Drivers/BSP/STM32WB0x-nucleo/stm32wb0x_nucleo.o"
arm-none-eabi-gcc -mcpu=cortex-m0plus -g3 -DDEBUG -c -x assembler-with-cpp -MMD -MP -MF"Core/Startup/startup_stm32wb05kzvx.d" -MT"Core/Startup/startup_stm32wb05kzvx.o" --specs=nano.specs -mfloat-abi=soft -mthumb -o "Core/Startup/startup_stm32wb05kzvx.o" "../Core/Startup/startup_stm32wb05kzvx.s"
arm-none-eabi-gcc "../Core/Src/main.c" -mcpu=cortex-m0plus -std=gnu11 -g3 -DDEBUG -DUSE_NUCLEO_64 -DUSE_HAL_DRIVER -DSTM32WB05 -c -I../Core/Inc -I../Drivers/STM32WB0x_HAL_Driver/Inc -I../Drivers/STM32WB0x_HAL_Driver/Inc/Legacy -I../Drivers/BSP/STM32WB0x-nucleo -I../Drivers/CMSIS/Device/ST/STM32WB0X/Include -I../Drivers/CMSIS/Include -O0 -ffunction-sections -fdata-sections -Wall -fstack-usage -fcyclomatic-complexity -MMD -MP -MF"Core/Src/main.d" -MT"Core/Src/main.o" --specs=nano.specs -mfloat-abi=soft -mthumb -o "Core/Src/main.o"
arm-none-eabi-gcc "../Core/Src/main2.c" -mcpu=cortex-m0plus -std=gnu11 -g3 -DDEBUG -DUSE_NUCLEO_64 -DUSE_HAL_DRIVER -DSTM32WB05 -c -I../Core/Inc -I../Drivers/STM32WB0x_HAL_Driver/Inc -I../Drivers/STM32WB0x_HAL_Driver/Inc/Legacy -I../Drivers/BSP/STM32WB0x-nucleo -I../Drivers/CMSIS/Device/ST/STM32WB0X/Include -I../Drivers/CMSIS/Include -O0 -ffunction-sections -fdata-sections -Wall -fstack-usage -fcyclomatic-complexity -MMD -MP -MF"Core/Src/main2.d" -MT"Core/Src/main2.o" --specs=nano.specs -mfloat-abi=soft -mthumb -o "Core/Src/main2.o"
arm-none-eabi-gcc "../Core/Src/stm32wb0x_hal_msp.c" -mcpu=cortex-m0plus -std=gnu11 -g3 -DDEBUG -DUSE_NUCLEO_64 -DUSE_HAL_DRIVER -DSTM32WB05 -c -I../Core/Inc -I../Drivers/STM32WB0x_HAL_Driver/Inc -I../Drivers/STM32WB0x_HAL_Driver/Inc/Legacy -I../Drivers/BSP/STM32WB0x-nucleo -I../Drivers/CMSIS/Device/ST/STM32WB0X/Include -I../Drivers/CMSIS/Include -O0 -ffunction-sections -fdata-sections -Wall -fstack-usage -fcyclomatic-complexity -MMD -MP -MF"Core/Src/stm32wb0x_hal_msp.d" -MT"Core/Src/stm32wb0x_hal_msp.o" --specs=nano.specs -mfloat-abi=soft -mthumb -o "Core/Src/stm32wb0x_hal_msp.o"
arm-none-eabi-gcc "../Core/Src/stm32wb0x_it.c" -mcpu=cortex-m0plus -std=gnu11 -g3 -DDEBUG -DUSE_NUCLEO_64 -DUSE_HAL_DRIVER -DSTM32WB05 -c -I../Core/Inc -I../Drivers/STM32WB0x_HAL_Driver/Inc -I../Drivers/STM32WB0x_HAL_Driver/Inc/Legacy -I../Drivers/BSP/STM32WB0x-nucleo -I../Drivers/CMSIS/Device/ST/STM32WB0X/Include -I../Drivers/CMSIS/Include -O0 -ffunction-sections -fdata-sections -Wall -fstack-usage -fcyclomatic-complexity -MMD -MP -MF"Core/Src/stm32wb0x_it.d" -MT"Core/Src/stm32wb0x_it.o" --specs=nano.specs -mfloat-abi=soft -mthumb -o "Core/Src/stm32wb0x_it.o"
arm-none-eabi-gcc "../Core/Src/syscalls.c" -mcpu=cortex-m0plus -std=gnu11 -g3 -DDEBUG -DUSE_NUCLEO_64 -DUSE_HAL_DRIVER -DSTM32WB05 -c -I../Core/Inc -I../Drivers/STM32WB0x_HAL_Driver/Inc -I../Drivers/STM32WB0x_HAL_Driver/Inc/Legacy -I../Drivers/BSP/STM32WB0x-nucleo -I../Drivers/CMSIS/Device/ST/STM32WB0X/Include -I../Drivers/CMSIS/Include -O0 -ffunction-sections -fdata-sections -Wall -fstack-usage -fcyclomatic-complexity -MMD -MP -MF"Core/Src/syscalls.d" -MT"Core/Src/syscalls.o" --specs=nano.specs -mfloat-abi=soft -mthumb -o "Core/Src/syscalls.o"
arm-none-eabi-gcc "../Core/Src/sysmem.c" -mcpu=cortex-m0plus -std=gnu11 -g3 -DDEBUG -DUSE_NUCLEO_64 -DUSE_HAL_DRIVER -DSTM32WB05 -c -I../Core/Inc -I../Drivers/STM32WB0x_HAL_Driver/Inc -I../Drivers/STM32WB0x_HAL_Driver/Inc/Legacy -I../Drivers/BSP/STM32WB0x-nucleo -I../Drivers/CMSIS/Device/ST/STM32WB0X/Include -I../Drivers/CMSIS/Include -O0 -ffunction-sections -fdata-sections -Wall -fstack-usage -fcyclomatic-complexity -MMD -MP -MF"Core/Src/sysmem.d" -MT"Core/Src/sysmem.o" --specs=nano.specs -mfloat-abi=soft -mthumb -o "Core/Src/sysmem.o"
arm-none-eabi-gcc "../Core/Src/system_stm32wb0x.c" -mcpu=cortex-m0plus -std=gnu11 -g3 -DDEBUG -DUSE_NUCLEO_64 -DUSE_HAL_DRIVER -DSTM32WB05 -c -I../Core/Inc -I../Drivers/STM32WB0x_HAL_Driver/Inc -I../Drivers/STM32WB0x_HAL_Driver/Inc/Legacy -I../Drivers/BSP/STM32WB0x-nucleo -I../Drivers/CMSIS/Device/ST/STM32WB0X/Include -I../Drivers/CMSIS/Include -O0 -ffunction-sections -fdata-sections -Wall -fstack-usage -fcyclomatic-complexity -MMD -MP -MF"Core/Src/system_stm32wb0x.d" -MT"Core/Src/system_stm32wb0x.o" --specs=nano.specs -mfloat-abi=soft -mthumb -o "Core/Src/system_stm32wb0x.o"
arm-none-eabi-gcc -o "WildlifeSource.elf" @"objects.list"   -mcpu=cortex-m0plus -T"C:\Users\stipi\Desktop\HWstuff\ECE129\WildlifeSource\WPSSource\WildlifeSource\STM32WB05KZVX_FLASH.ld" --specs=nosys.specs -Wl,-Map="WildlifeSource.map" -Wl,--gc-sections -static --specs=nano.specs -mfloat-abi=soft -mthumb -Wl,--start-group -lc -lm -Wl,--end-group
Finished building target: WildlifeSource.elf
 
arm-none-eabi-size  WildlifeSource.elf 
arm-none-eabi-objdump -h -S WildlifeSource.elf  > "WildlifeSource.list"
arm-none-eabi-objcopy  -O ihex WildlifeSource.elf  "WildlifeSource.hex"
   text	   data	    bss	    dec	    hex	filename
  14300	    156	   3624	  18080	   46a0	WildlifeSource.elf
Finished building: default.size.stdout
 
Finished building: WildlifeSource.hex
 
Finished building: WildlifeSource.list
 
11:15:17 **** Incremental Build of configuration Debug for project WildlifeSource ****
make -j12 all 
arm-none-eabi-gcc "../Core/Src/main.c" -mcpu=cortex-m0plus -std=gnu11 -g3 -DDEBUG -DUSE_NUCLEO_64 -DUSE_HAL_DRIVER -DSTM32WB05 -c -I../Core/Inc -I../Drivers/STM32WB0x_HAL_Driver/Inc -I../Drivers/STM32WB0x_HAL_Driver/Inc/Legacy -I../Drivers/BSP/STM32WB0x-nucleo -I../Drivers/CMSIS/Device/ST/STM32WB0X/Include -I../Drivers/CMSIS/Include -O0 -ffunction-sections -fdata-sections -Wall -fstack-usage -fcyclomatic-complexity -MMD -MP -MF"Core/Src/main.d" -MT"Core/Src/main.o" --specs=nano.specs -mfloat-abi=soft -mthumb -o "Core/Src/main.o"
arm-none-eabi-gcc -o "WildlifeSource.elf" @"objects.list"   -mcpu=cortex-m0plus -T"C:\Users\stipi\Desktop\HWstuff\ECE129\WildlifeSource\WPSSource\WildlifeSource\STM32WB05KZVX_FLASH.ld" --specs=nosys.specs -Wl,-Map="WildlifeSource.map" -Wl,--gc-sections -static --specs=nano.specs -mfloat-abi=soft -mthumb -Wl,--start-group -lc -lm -Wl,--end-group
Finished building target: WildlifeSource.elf
 
arm-none-eabi-size  WildlifeSource.elf 
arm-none-eabi-objdump -h -S WildlifeSource.elf  > "WildlifeSource.list"
arm-none-eabi-objcopy  -O ihex WildlifeSource.elf  "WildlifeSource.hex"
   text	   data	    bss	    dec	    hex	filename
  14516	    156	   3624	  18296	   4778	WildlifeSource.elf
Finished building: default.size.stdout
 
Finished building: WildlifeSource.list
 
Finished building: WildlifeSource.hex
 
