12:16:53 **** Incremental Build of configuration Debug for project WildlifeSource ****
make -j12 all 
arm-none-eabi-gcc "../Core/Src/main.c" -mcpu=cortex-m0plus -std=gnu11 -g3 -DDEBUG -DUSE_HAL_DRIVER -DSTM32WB05 -c -I../Core/Inc -I../Drivers/STM32WB0x_HAL_Driver/Inc -I../Drivers/STM32WB0x_HAL_Driver/Inc/Legacy -I../Drivers/CMSIS/Device/ST/STM32WB0X/Include -I../Drivers/CMSIS/Include -O0 -ffunction-sections -fdata-sections -Wall -fstack-usage -fcyclomatic-complexity -MMD -MP -MF"Core/Src/main.d" -MT"Core/Src/main.o" --specs=nano.specs -mfloat-abi=soft -mthumb -o "Core/Src/main.o"
../Core/Src/main.c:138:13: warning: 'MX_GPIO_Init' defined but not used [-Wunused-function]
  138 | static void MX_GPIO_Init(void)
      |             ^~~~~~~~~~~~
../Core/Src/main.c:100:13: warning: 'MX_I2C1_Init' defined but not used [-Wunused-function]
  100 | static void MX_I2C1_Init(void)
      |             ^~~~~~~~~~~~
arm-none-eabi-gcc -o "WildlifeSource.elf" @"objects.list"   -mcpu=cortex-m0plus -T"C:\Users\stipi\Desktop\HWstuff\ECE129\WildlifeSource\WPSSource\WildlifeSource\STM32WB05KZVX_FLASH.ld" --specs=nosys.specs -Wl,-Map="WildlifeSource.map" -Wl,--gc-sections -static --specs=nano.specs -mfloat-abi=soft -mthumb -Wl,--start-group -lc -lm -Wl,--end-group
Finished building target: WildlifeSource.elf
 
arm-none-eabi-size  WildlifeSource.elf 
arm-none-eabi-objdump -h -S WildlifeSource.elf  > "WildlifeSource.list"
arm-none-eabi-objcopy  -O ihex WildlifeSource.elf  "WildlifeSource.hex"
   text	   data	    bss	    dec	    hex	filename
   7808	     12	   3268	  11088	   2b50	WildlifeSource.elf
Finished building: default.size.stdout
 
Finished building: WildlifeSource.hex
 
Finished building: WildlifeSource.list
 

12:16:54 Build Finished. 0 errors, 2 warnings. (took 1s.5ms)

