11:15:17 **** Incremental Build of configuration Debug for project WildlifeSource ****
make -j12 all 
arm-none-eabi-gcc "../Core/Src/main.c" -mcpu=cortex-m0plus -std=gnu11 -g3 -DDEBUG -DUSE_NUCLEO_64 -DUSE_HAL_DRIVER -DSTM32WB05 -c -I../Core/Inc -I../Drivers/STM32WB0x_HAL_Driver/Inc -I../Drivers/STM32WB0x_HAL_Driver/Inc/Legacy -I../Drivers/BSP/STM32WB0x-nucleo -I../Drivers/CMSIS/Device/ST/STM32WB0X/Include -I../Drivers/CMSIS/Include -O0 -ffunction-sections -fdata-sections -Wall -fstack-usage -fcyclomatic-complexity -MMD -MP -MF"Core/Src/main.d" -MT"Core/Src/main.o" --specs=nano.specs -mfloat-abi=soft -mthumb -o "Core/Src/main.o"
arm-none-eabi-gcc -o "WildlifeSource.elf" @"objects.list"   -mcpu=cortex-m0plus -T"C:\Users\stipi\Desktop\HWstuff\ECE129\WildlifeSource\WPSSource\WildlifeSource\STM32WB05KZVX_FLASH.ld" --specs=nosys.specs -Wl,-Map="WildlifeSource.map" -Wl,--gc-sections -static --specs=nano.specs -mfloat-abi=soft -mthumb -Wl,--start-group -lc -lm -Wl,--end-group
Finished building target: WildlifeSource.elf
 
arm-none-eabi-size  WildlifeSource.elf 
arm-none-eabi-objdump -h -S WildlifeSource.elf  > "WildlifeSource.list"
arm-none-eabi-objcopy  -O ihex WildlifeSource.elf  "WildlifeSource.hex"
   text	   data	    bss	    dec	    hex	filename
  14516	    156	   3624	  18296	   4778	WildlifeSource.elf
Finished building: default.size.stdout
 
Finished building: WildlifeSource.list
 
Finished building: WildlifeSource.hex
 

11:15:25 Build Finished. 0 errors, 0 warnings. (took 8s.65ms)

