Archive member included to satisfy reference by file (symbol)

C:/ST/STM32CubeIDE_1.17.0/STM32CubeIDE/plugins/com.st.stm32cube.ide.mcu.externaltools.gnu-tools-for-stm32.12.3.rel1.win32_1.1.0.202410251130/tools/bin/../lib/gcc/arm-none-eabi/12.3.1/../../../../arm-none-eabi/lib/thumb/v6-m/nofp\libc_nano.a(libc_a-exit.o)
                              C:/ST/STM32CubeIDE_1.17.0/STM32CubeIDE/plugins/com.st.stm32cube.ide.mcu.externaltools.gnu-tools-for-stm32.12.3.rel1.win32_1.1.0.202410251130/tools/bin/../lib/gcc/arm-none-eabi/12.3.1/../../../../arm-none-eabi/lib/thumb/v6-m/nofp/crt0.o (exit)
C:/ST/STM32CubeIDE_1.17.0/STM32CubeIDE/plugins/com.st.stm32cube.ide.mcu.externaltools.gnu-tools-for-stm32.12.3.rel1.win32_1.1.0.202410251130/tools/bin/../lib/gcc/arm-none-eabi/12.3.1/../../../../arm-none-eabi/lib/thumb/v6-m/nofp\libc_nano.a(libc_a-findfp.o)
                              C:/ST/STM32CubeIDE_1.17.0/STM32CubeIDE/plugins/com.st.stm32cube.ide.mcu.externaltools.gnu-tools-for-stm32.12.3.rel1.win32_1.1.0.202410251130/tools/bin/../lib/gcc/arm-none-eabi/12.3.1/../../../../arm-none-eabi/lib/thumb/v6-m/nofp\libc_nano.a(libc_a-exit.o) (__stdio_exit_handler)
C:/ST/STM32CubeIDE_1.17.0/STM32CubeIDE/plugins/com.st.stm32cube.ide.mcu.externaltools.gnu-tools-for-stm32.12.3.rel1.win32_1.1.0.202410251130/tools/bin/../lib/gcc/arm-none-eabi/12.3.1/../../../../arm-none-eabi/lib/thumb/v6-m/nofp\libc_nano.a(libc_a-fwalk.o)
                              C:/ST/STM32CubeIDE_1.17.0/STM32CubeIDE/plugins/com.st.stm32cube.ide.mcu.externaltools.gnu-tools-for-stm32.12.3.rel1.win32_1.1.0.202410251130/tools/bin/../lib/gcc/arm-none-eabi/12.3.1/../../../../arm-none-eabi/lib/thumb/v6-m/nofp\libc_nano.a(libc_a-findfp.o) (_fwalk_sglue)
C:/ST/STM32CubeIDE_1.17.0/STM32CubeIDE/plugins/com.st.stm32cube.ide.mcu.externaltools.gnu-tools-for-stm32.12.3.rel1.win32_1.1.0.202410251130/tools/bin/../lib/gcc/arm-none-eabi/12.3.1/../../../../arm-none-eabi/lib/thumb/v6-m/nofp\libc_nano.a(libc_a-stdio.o)
                              C:/ST/STM32CubeIDE_1.17.0/STM32CubeIDE/plugins/com.st.stm32cube.ide.mcu.externaltools.gnu-tools-for-stm32.12.3.rel1.win32_1.1.0.202410251130/tools/bin/../lib/gcc/arm-none-eabi/12.3.1/../../../../arm-none-eabi/lib/thumb/v6-m/nofp\libc_nano.a(libc_a-findfp.o) (__sread)
C:/ST/STM32CubeIDE_1.17.0/STM32CubeIDE/plugins/com.st.stm32cube.ide.mcu.externaltools.gnu-tools-for-stm32.12.3.rel1.win32_1.1.0.202410251130/tools/bin/../lib/gcc/arm-none-eabi/12.3.1/../../../../arm-none-eabi/lib/thumb/v6-m/nofp\libc_nano.a(libc_a-memset.o)
                              C:/ST/STM32CubeIDE_1.17.0/STM32CubeIDE/plugins/com.st.stm32cube.ide.mcu.externaltools.gnu-tools-for-stm32.12.3.rel1.win32_1.1.0.202410251130/tools/bin/../lib/gcc/arm-none-eabi/12.3.1/../../../../arm-none-eabi/lib/thumb/v6-m/nofp/crt0.o (memset)
C:/ST/STM32CubeIDE_1.17.0/STM32CubeIDE/plugins/com.st.stm32cube.ide.mcu.externaltools.gnu-tools-for-stm32.12.3.rel1.win32_1.1.0.202410251130/tools/bin/../lib/gcc/arm-none-eabi/12.3.1/../../../../arm-none-eabi/lib/thumb/v6-m/nofp\libc_nano.a(libc_a-closer.o)
                              C:/ST/STM32CubeIDE_1.17.0/STM32CubeIDE/plugins/com.st.stm32cube.ide.mcu.externaltools.gnu-tools-for-stm32.12.3.rel1.win32_1.1.0.202410251130/tools/bin/../lib/gcc/arm-none-eabi/12.3.1/../../../../arm-none-eabi/lib/thumb/v6-m/nofp\libc_nano.a(libc_a-stdio.o) (_close_r)
C:/ST/STM32CubeIDE_1.17.0/STM32CubeIDE/plugins/com.st.stm32cube.ide.mcu.externaltools.gnu-tools-for-stm32.12.3.rel1.win32_1.1.0.202410251130/tools/bin/../lib/gcc/arm-none-eabi/12.3.1/../../../../arm-none-eabi/lib/thumb/v6-m/nofp\libc_nano.a(libc_a-reent.o)
                              C:/ST/STM32CubeIDE_1.17.0/STM32CubeIDE/plugins/com.st.stm32cube.ide.mcu.externaltools.gnu-tools-for-stm32.12.3.rel1.win32_1.1.0.202410251130/tools/bin/../lib/gcc/arm-none-eabi/12.3.1/../../../../arm-none-eabi/lib/thumb/v6-m/nofp\libc_nano.a(libc_a-closer.o) (errno)
C:/ST/STM32CubeIDE_1.17.0/STM32CubeIDE/plugins/com.st.stm32cube.ide.mcu.externaltools.gnu-tools-for-stm32.12.3.rel1.win32_1.1.0.202410251130/tools/bin/../lib/gcc/arm-none-eabi/12.3.1/../../../../arm-none-eabi/lib/thumb/v6-m/nofp\libc_nano.a(libc_a-impure.o)
                              C:/ST/STM32CubeIDE_1.17.0/STM32CubeIDE/plugins/com.st.stm32cube.ide.mcu.externaltools.gnu-tools-for-stm32.12.3.rel1.win32_1.1.0.202410251130/tools/bin/../lib/gcc/arm-none-eabi/12.3.1/../../../../arm-none-eabi/lib/thumb/v6-m/nofp\libc_nano.a(libc_a-reent.o) (_impure_ptr)
C:/ST/STM32CubeIDE_1.17.0/STM32CubeIDE/plugins/com.st.stm32cube.ide.mcu.externaltools.gnu-tools-for-stm32.12.3.rel1.win32_1.1.0.202410251130/tools/bin/../lib/gcc/arm-none-eabi/12.3.1/../../../../arm-none-eabi/lib/thumb/v6-m/nofp\libc_nano.a(libc_a-lseekr.o)
[...]
Memory Configuration

Name             Origin             Length             Attributes
RAM              0x20000000         0x00006000         xrw
FLASH            0x10040000         0x0002f000         xr
REGION_NVM       0x1006f000         0x00001000         xr
REGION_ROM       0x10000000         0x00001800         xr
*default*        0x00000000         0xffffffff

Linker script and memory map

LOAD C:/ST/STM32CubeIDE_1.17.0/STM32CubeIDE/plugins/com.st.stm32cube.ide.mcu.externaltools.gnu-tools-for-stm32.12.3.rel1.win32_1.1.0.202410251130/tools/bin/../lib/gcc/arm-none-eabi/12.3.1/thumb/v6-m/nofp/crti.o
LOAD C:/ST/STM32CubeIDE_1.17.0/STM32CubeIDE/plugins/com.st.stm32cube.ide.mcu.externaltools.gnu-tools-for-stm32.12.3.rel1.win32_1.1.0.202410251130/tools/bin/../lib/gcc/arm-none-eabi/12.3.1/thumb/v6-m/nofp/crtbegin.o
LOAD C:/ST/STM32CubeIDE_1.17.0/STM32CubeIDE/plugins/com.st.stm32cube.ide.mcu.externaltools.gnu-tools-for-stm32.12.3.rel1.win32_1.1.0.202410251130/tools/bin/../lib/gcc/arm-none-eabi/12.3.1/../../../../arm-none-eabi/lib/thumb/v6-m/nofp/crt0.o
LOAD ./Core/Src/BOARD.o
LOAD ./Core/Src/GPIO.o
LOAD ./Core/Src/UART.o
LOAD ./Core/Src/main.o
LOAD ./Core/Src/mainUnused.o
LOAD ./Core/Src/stm32wb0x_hal_msp.o
LOAD ./Core/Src/stm32wb0x_it.o
LOAD ./Core/Src/syscalls.o
LOAD ./Core/Src/sysmem.o
LOAD ./Core/Src/system_stm32wb0x.o
LOAD ./Core/Startup/startup_stm32wb05kzvx.o
LOAD ./Drivers/BSP/STM32WB0x-nucleo/stm32wb0x_nucleo.o
LOAD ./Drivers/STM32WB0x_HAL_Driver/Src/stm32wb0x_hal.o
LOAD ./Drivers/STM32WB0x_HAL_Driver/Src/stm32wb0x_hal_cortex.o
LOAD ./Drivers/STM32WB0x_HAL_Driver/Src/stm32wb0x_hal_dma.o
LOAD ./Drivers/STM32WB0x_HAL_Driver/Src/stm32wb0x_hal_flash.o
LOAD ./Drivers/STM32WB0x_HAL_Driver/Src/stm32wb0x_hal_flash_ex.o
LOAD ./Drivers/STM32WB0x_HAL_Driver/Src/stm32wb0x_hal_gpio.o
LOAD ./Drivers/STM32WB0x_HAL_Driver/Src/stm32wb0x_hal_pwr.o
LOAD ./Drivers/STM32WB0x_HAL_Driver/Src/stm32wb0x_hal_pwr_ex.o
LOAD ./Drivers/STM32WB0x_HAL_Driver/Src/stm32wb0x_hal_rcc.o
LOAD ./Drivers/STM32WB0x_HAL_Driver/Src/stm32wb0x_hal_rcc_ex.o
LOAD ./Drivers/STM32WB0x_HAL_Driver/Src/stm32wb0x_hal_uart.o
LOAD ./Drivers/STM32WB0x_HAL_Driver/Src/stm32wb0x_hal_uart_ex.o
START GROUP
LOAD C:/ST/STM32CubeIDE_1.17.0/STM32CubeIDE/plugins/com.st.stm32cube.ide.mcu.externaltools.gnu-tools-for-stm32.12.3.rel1.win32_1.1.0.202410251130/tools/bin/../lib/gcc/arm-none-eabi/12.3.1/../../../../arm-none-eabi/lib/thumb/v6-m/nofp\libc_nano.a
LOAD C:/ST/STM32CubeIDE_1.17.0/STM32CubeIDE/plugins/com.st.stm32cube.ide.mcu.externaltools.gnu-tools-for-stm32.12.3.rel1.win32_1.1.0.202410251130/tools/bin/../lib/gcc/arm-none-eabi/12.3.1/../../../../arm-none-eabi/lib/thumb/v6-m/nofp\libm.a
END GROUP
START GROUP
LOAD C:/ST/STM32CubeIDE_1.17.0/STM32CubeIDE/plugins/com.st.stm32cube.ide.mcu.externaltools.gnu-tools-for-stm32.12.3.rel1.win32_1.1.0.202410251130/tools/bin/../lib/gcc/arm-none-eabi/12.3.1/thumb/v6-m/nofp\libgcc.a
LOAD C:/ST/STM32CubeIDE_1.17.0/STM32CubeIDE/plugins/com.st.stm32cube.ide.mcu.externaltools.gnu-tools-for-stm32.12.3.rel1.win32_1.1.0.202410251130/tools/bin/../lib/gcc/arm-none-eabi/12.3.1/../../../../arm-none-eabi/lib/thumb/v6-m/nofp\libc_nano.a
END GROUP
START GROUP
LOAD C:/ST/STM32CubeIDE_1.17.0/STM32CubeIDE/plugins/com.st.stm32cube.ide.mcu.externaltools.gnu-tools-for-stm32.12.3.rel1.win32_1.1.0.202410251130/tools/bin/../lib/gcc/arm-none-eabi/12.3.1/thumb/v6-m/nofp\libgcc.a
LOAD C:/ST/STM32CubeIDE_1.17.0/STM32CubeIDE/plugins/com.st.stm32cube.ide.mcu.externaltools.gnu-tools-for-stm32.12.3.rel1.win32_1.1.0.202410251130/tools/bin/../lib/gcc/arm-none-eabi/12.3.1/../../../../arm-none-eabi/lib/thumb/v6-m/nofp\libc_nano.a
LOAD C:/ST/STM32CubeIDE_1.17.0/STM32CubeIDE/plugins/com.st.stm32cube.ide.mcu.externaltools.gnu-tools-for-stm32.12.3.rel1.win32_1.1.0.202410251130/tools/bin/../lib/gcc/arm-none-eabi/12.3.1/../../../../arm-none-eabi/lib/thumb/v6-m/nofp\libnosys.a
END GROUP
START GROUP
LOAD C:/ST/STM32CubeIDE_1.17.0/STM32CubeIDE/plugins/com.st.stm32cube.ide.mcu.externaltools.gnu-tools-for-stm32.12.3.rel1.win32_1.1.0.202410251130/tools/bin/../lib/gcc/arm-none-eabi/12.3.1/thumb/v6-m/nofp\libgcc.a
LOAD C:/ST/STM32CubeIDE_1.17.0/STM32CubeIDE/plugins/com.st.stm32cube.ide.mcu.externaltools.gnu-tools-for-stm32.12.3.rel1.win32_1.1.0.202410251130/tools/bin/../lib/gcc/arm-none-eabi/12.3.1/../../../../arm-none-eabi/lib/thumb/v6-m/nofp\libc_nano.a
LOAD C:/ST/STM32CubeIDE_1.17.0/STM32CubeIDE/plugins/com.st.stm32cube.ide.mcu.externaltools.gnu-tools-for-stm32.12.3.rel1.win32_1.1.0.202410251130/tools/bin/../lib/gcc/arm-none-eabi/12.3.1/../../../../arm-none-eabi/lib/thumb/v6-m/nofp\libnosys.a
END GROUP
LOAD C:/ST/STM32CubeIDE_1.17.0/STM32CubeIDE/plugins/com.st.stm32cube.ide.mcu.externaltools.gnu-tools-for-stm32.12.3.rel1.win32_1.1.0.202410251130/tools/bin/../lib/gcc/arm-none-eabi/12.3.1/thumb/v6-m/nofp/crtend.o
LOAD C:/ST/STM32CubeIDE_1.17.0/STM32CubeIDE/plugins/com.st.stm32cube.ide.mcu.externaltools.gnu-tools-for-stm32.12.3.rel1.win32_1.1.0.202410251130/tools/bin/../lib/gcc/arm-none-eabi/12.3.1/thumb/v6-m/nofp/crtn.o
                0x20000000                        _MEMORY_RAM_BEGIN_ = 0x20000000
                0x00006000                        _MEMORY_RAM_SIZE_ = 0x6000
                0x20005fff                        _MEMORY_RAM_END_ = 0x20005fff
                0x10040000                        _MEMORY_FLASH_BEGIN_ = 0x10040000
                0x00030000                        _MEMORY_FLASH_SIZE_ = 0x30000
                0x1006ffff                        _MEMORY_FLASH_END_ = 0x1006ffff
                0x10000000                        _MEMORY_ROM_BEGIN_ = 0x10000000
                0x00001800                        _MEMORY_ROM_SIZE_ = 0x1800
                0x100017ff                        _MEMORY_ROM_END_ = 0x100017ff
                0x00001000                        FLASH_NVM_DATASIZE = 0x1000
                0x00000000                        MEMORY_FLASH_APP_OFFSET = DEFINED (MEMORY_FLASH_APP_OFFSET)?MEMORY_FLASH_APP_OFFSET:0x0
                0x0002f000                        MEMORY_FLASH_APP_SIZE = DEFINED (MEMORY_FLASH_APP_SIZE)?MEMORY_FLASH_APP_SIZE:((_MEMORY_FLASH_SIZE_ - FLASH_NVM_DATASIZE) - MEMORY_FLASH_APP_OFFSET)
                0x00000000                        _Min_Heap_Size = 0x0
                0x00000c00                        _Min_Stack_Size = 0xc00

.intvec         0x10040000       0xc0
                0x10040000                        . = ALIGN (0x4)
 *(.intvec)
 .intvec        0x10040000       0xc0 ./Core/Startup/startup_stm32wb05kzvx.o
                0x10040000                __vector_table
                0x100400c0                        . = ALIGN (0x4)

.text           0x100400c0     0x2444
                0x100400c0                        . = ALIGN (0x4)
 *(TAG_OTA_START)
 *(.cmd_call_table)
 *(.text)
 .text          0x100400c0      0x114 C:/ST/STM32CubeIDE_1.17.0/STM32CubeIDE/plugins/com.st.stm32cube.ide.mcu.externaltools.gnu-tools-for-stm32.12.3.rel1.win32_1.1.0.202410251130/tools/bin/../lib/gcc/arm-none-eabi/12.3.1/thumb/v6-m/nofp\libgcc.a(_udivsi3.o)
                0x100400c0                __aeabi_uidiv
                0x100400c0                __udivsi3
                0x100401cc                __aeabi_uidivmod
 .text          0x100401d4      0x1d4 C:/ST/STM32CubeIDE_1.17.0/STM32CubeIDE/plugins/com.st.stm32cube.ide.mcu.externaltools.gnu-tools-for-stm32.12.3.rel1.win32_1.1.0.202410251130/tools/bin/../lib/gcc/arm-none-eabi/12.3.1/thumb/v6-m/nofp\libgcc.a(_divsi3.o)
                0x100401d4                __divsi3
                0x100401d4                __aeabi_idiv
                0x100403a0                __aeabi_idivmod
 .text          0x100403a8        0x4 C:/ST/STM32CubeIDE_1.17.0/STM32CubeIDE/plugins/com.st.stm32cube.ide.mcu.externaltools.gnu-tools-for-stm32.12.3.rel1.win32_1.1.0.202410251130/tools/bin/../lib/gcc/arm-none-eabi/12.3.1/thumb/v6-m/nofp\libgcc.a(_dvmd_tls.o)
                0x100403a8                __aeabi_idiv0
                0x100403a8                __aeabi_ldiv0
 .text          0x100403ac       0x40 C:/ST/STM32CubeIDE_1.17.0/STM32CubeIDE/plugins/com.st.stm32cube.ide.mcu.externaltools.gnu-tools-for-stm32.12.3.rel1.win32_1.1.0.202410251130/tools/bin/../lib/gcc/arm-none-eabi/12.3.1/thumb/v6-m/nofp\libgcc.a(_aeabi_uldivmod.o)
                0x100403ac                __aeabi_uldivmod
 .text          0x100403ec      0x198 C:/ST/STM32CubeIDE_1.17.0/STM32CubeIDE/plugins/com.st.stm32cube.ide.mcu.externaltools.gnu-tools-for-stm32.12.3.rel1.win32_1.1.0.202410251130/tools/bin/../lib/gcc/arm-none-eabi/12.3.1/thumb/v6-m/nofp\libgcc.a(_udivmoddi4.o)
                0x100403ec                __udivmoddi4
 .text          0x10040584       0x18 C:/ST/STM32CubeIDE_1.17.0/STM32CubeIDE/plugins/com.st.stm32cube.ide.mcu.externaltools.gnu-tools-for-stm32.12.3.rel1.win32_1.1.0.202410251130/tools/bin/../lib/gcc/arm-none-eabi/12.3.1/thumb/v6-m/nofp\libgcc.a(_clzdi2.o)
                0x10040584                __clzdi2
 .text          0x1004059c       0x3c C:/ST/STM32CubeIDE_1.17.0/STM32CubeIDE/plugins/com.st.stm32cube.ide.mcu.externaltools.gnu-tools-for-stm32.12.3.rel1.win32_1.1.0.202410251130/tools/bin/../lib/gcc/arm-none-eabi/12.3.1/thumb/v6-m/nofp\libgcc.a(_clzsi2.o)
                0x1004059c                __clzsi2
 *(.text*)
 .text.SystemClock_Config
                0x100405d8       0x3c ./Core/Src/BOARD.o
                0x100405d8                SystemClock_Config
 .text.PeriphCommonClock_Config
                0x10040614       0x3c ./Core/Src/BOARD.o
                0x10040614                PeriphCommonClock_Config
 .text.BOARD_Init
                0x10040650       0x2c ./Core/Src/BOARD.o
                0x10040650                BOARD_Init
 .text.BOARD_CrashHandler
                0x1004067c        0xc ./Core/Src/BOARD.o
                0x1004067c                BOARD_CrashHandler
 .text.LL_LPUART_IsActiveFlag_TXE_TXFNF
                0x10040688       0x22 ./Core/Src/UART.o
 *fill*         0x100406aa        0x2 
 .text.MX_LPUART1_UART_Init
                0x100406ac       0x88 ./Core/Src/UART.o
 .text.UART_Init
                0x10040734       0x10 ./Core/Src/UART.o
                0x10040734                UART_Init
 .text.UART_WriteTx
                0x10040744       0x2c ./Core/Src/UART.o
                0x10040744                UART_WriteTx
 .text.main     0x10040770       0x42 ./Core/Src/UART.o
                0x10040770                main
 *fill*         0x100407b2        0x2 
 .text.LL_PWR_SetNoPullB
                0x100407b4       0x30 ./Core/Src/stm32wb0x_hal_msp.o
 .text.LL_AHB1_GRP1_EnableClock
                0x100407e4       0x2c ./Core/Src/stm32wb0x_hal_msp.o
 .text.LL_APB0_GRP1_EnableClock
                0x10040810       0x2c ./Core/Src/stm32wb0x_hal_msp.o
 .text.LL_APB1_GRP1_EnableClock
                0x1004083c       0x2c ./Core/Src/stm32wb0x_hal_msp.o
 .text.HAL_MspInit
                0x10040868       0x14 ./Core/Src/stm32wb0x_hal_msp.o
                0x10040868                HAL_MspInit
 .text.HAL_UART_MspInit
                0x1004087c       0xcc ./Core/Src/stm32wb0x_hal_msp.o
                0x1004087c                HAL_UART_MspInit
 .text.NMI_Handler
                0x10040948        0x8 ./Core/Src/stm32wb0x_it.o
                0x10040948                NMI_Handler
 .text.HardFault_Handler
                0x10040950        0x8 ./Core/Src/stm32wb0x_it.o
                0x10040950                HardFault_Handler
 .text.SVC_Handler
                0x10040958        0xa ./Core/Src/stm32wb0x_it.o
                0x10040958                SVC_Handler
 .text.PendSV_Handler
                0x10040962        0xa ./Core/Src/stm32wb0x_it.o
                0x10040962                PendSV_Handler
 .text.SysTick_Handler
                0x1004096c        0xe ./Core/Src/stm32wb0x_it.o
                0x1004096c                SysTick_Handler
 *fill*         0x1004097a        0x2 
 .text.__NVIC_SetPriority
                0x1004097c       0xdc ./Core/Src/system_stm32wb0x.o
 .text.__NVIC_SystemReset
                0x10040a58       0x24 ./Core/Src/system_stm32wb0x.o
 .text.SystemInit
                0x10040a7c      0x1b0 ./Core/Src/system_stm32wb0x.o
                0x10040a7c                SystemInit
 .text.SystemCoreClockUpdate
                0x10040c2c       0x64 ./Core/Src/system_stm32wb0x.o
                0x10040c2c                SystemCoreClockUpdate
 .text.CPUcontextRestore
                0x10040c90        0xa ./Core/Src/system_stm32wb0x.o
                0x10040c90                CPUcontextRestore
 *fill*         0x10040c9a        0x2 
 .text.Reset_Handler
                0x10040c9c       0x64 ./Core/Startup/startup_stm32wb05kzvx.o
                0x10040c9c                Reset_Handler
 .text.Default_Handler
                0x10040d00        0x2 ./Core/Startup/startup_stm32wb05kzvx.o
                0x10040d00                RADIO_TXRX_SEQ_IRQHandler
                0x10040d00                GPIOB_IRQHandler
                0x10040d00                GPIOA_IRQHandler
                0x10040d00                PVD_IRQHandler
                0x10040d00                I2C1_IRQHandler
                0x10040d00                PKA_IRQHandler
                0x10040d00                TIM17_IRQHandler
                0x10040d00                RTC_IRQHandler
                0x10040d00                RADIO_TXRX_IRQHandler
                0x10040d00                TIM16_IRQHandler
                0x10040d00                RCC_IRQHandler
                0x10040d00                RADIO_TIMER_CPU_WKUP_IRQHandler
                0x10040d00                Default_Handler
                0x10040d00                ADC_IRQHandler
                0x10040d00                LPUART1_IRQHandler
                0x10040d00                TIM2_IRQHandler
                0x10040d00                RADIO_TIMER_ERROR_IRQHandler
                0x10040d00                DMA_IRQHandler
                0x10040d00                FLASH_IRQHandler
                0x10040d00                USART1_IRQHandler
                0x10040d00                SPI3_IRQHandler
                0x10040d00                RADIO_TIMER_TXRX_WKUP_IRQHandler
 *fill*         0x10040d02        0x2 
 .text.LL_PWR_IsEnabledPUPDCfg
                0x10040d04       0x20 ./Drivers/BSP/STM32WB0x-nucleo/stm32wb0x_nucleo.o
 .text.LL_PWR_EnableGPIOPullUp
                0x10040d24       0x30 ./Drivers/BSP/STM32WB0x-nucleo/stm32wb0x_nucleo.o
 .text.LL_AHB1_GRP1_EnableClock
                0x10040d54       0x2c ./Drivers/BSP/STM32WB0x-nucleo/stm32wb0x_nucleo.o
 .text.BSP_LED_Init
                0x10040d80       0xec ./Drivers/BSP/STM32WB0x-nucleo/stm32wb0x_nucleo.o
                0x10040d80                BSP_LED_Init
 .text.BSP_LED_Toggle
                0x10040e6c       0x38 ./Drivers/BSP/STM32WB0x-nucleo/stm32wb0x_nucleo.o
                0x10040e6c                BSP_LED_Toggle
 .text.HAL_Init
                0x10040ea4       0x2e ./Drivers/STM32WB0x_HAL_Driver/Src/stm32wb0x_hal.o
                0x10040ea4                HAL_Init
 *fill*         0x10040ed2        0x2 
 .text.HAL_InitTick
                0x10040ed4       0x90 ./Drivers/STM32WB0x_HAL_Driver/Src/stm32wb0x_hal.o
                0x10040ed4                HAL_InitTick
 .text.HAL_IncTick
                0x10040f64       0x24 ./Drivers/STM32WB0x_HAL_Driver/Src/stm32wb0x_hal.o
                0x10040f64                HAL_IncTick
 .text.HAL_GetTick
                0x10040f88       0x14 ./Drivers/STM32WB0x_HAL_Driver/Src/stm32wb0x_hal.o
                0x10040f88                HAL_GetTick
 .text.HAL_GetTickPrio
                0x10040f9c       0x14 ./Drivers/STM32WB0x_HAL_Driver/Src/stm32wb0x_hal.o
                0x10040f9c                HAL_GetTickPrio
 .text.HAL_Delay
                0x10040fb0       0x48 ./Drivers/STM32WB0x_HAL_Driver/Src/stm32wb0x_hal.o
                0x10040fb0                HAL_Delay
 .text.__NVIC_SetPriority
                0x10040ff8       0xdc ./Drivers/STM32WB0x_HAL_Driver/Src/stm32wb0x_hal_cortex.o
 .text.SysTick_Config
                0x100410d4       0x48 ./Drivers/STM32WB0x_HAL_Driver/Src/stm32wb0x_hal_cortex.o
 .text.HAL_NVIC_SetPriority
                0x1004111c       0x2a ./Drivers/STM32WB0x_HAL_Driver/Src/stm32wb0x_hal_cortex.o
                0x1004111c                HAL_NVIC_SetPriority
 .text.HAL_SYSTICK_Config
                0x10041146       0x1a ./Drivers/STM32WB0x_HAL_Driver/Src/stm32wb0x_hal_cortex.o
                0x10041146                HAL_SYSTICK_Config
 .text.HAL_GPIO_Init
                0x10041160      0x352 ./Drivers/STM32WB0x_HAL_Driver/Src/stm32wb0x_hal_gpio.o
                0x10041160                HAL_GPIO_Init
 .text.HAL_GPIO_WritePin
                0x100414b2       0x3a ./Drivers/STM32WB0x_HAL_Driver/Src/stm32wb0x_hal_gpio.o
                0x100414b2                HAL_GPIO_WritePin
 .text.HAL_GPIO_TogglePin
                0x100414ec       0x36 ./Drivers/STM32WB0x_HAL_Driver/Src/stm32wb0x_hal_gpio.o
                0x100414ec                HAL_GPIO_TogglePin
 *fill*         0x10041522        0x2 
 .text.LL_RCC_HSE_IsReady
                0x10041524       0x28 ./Drivers/STM32WB0x_HAL_Driver/Src/stm32wb0x_hal_rcc.o
 .text.LL_RCC_HSI_Enable
                0x1004154c       0x28 ./Drivers/STM32WB0x_HAL_Driver/Src/stm32wb0x_hal_rcc.o
 .text.LL_RCC_HSI_IsReady
                0x10041574       0x28 ./Drivers/STM32WB0x_HAL_Driver/Src/stm32wb0x_hal_rcc.o
 .text.LL_RCC_DIRECT_HSE_Enable
                0x1004159c       0x4c ./Drivers/STM32WB0x_HAL_Driver/Src/stm32wb0x_hal_rcc.o
 .text.LL_RCC_RC64MPLL_Enable
                0x100415e8       0x1c ./Drivers/STM32WB0x_HAL_Driver/Src/stm32wb0x_hal_rcc.o
 .text.LL_RCC_RC64MPLL_Disable
                0x10041604       0x20 ./Drivers/STM32WB0x_HAL_Driver/Src/stm32wb0x_hal_rcc.o
 .text.LL_RCC_RC64MPLL_IsReady
                0x10041624       0x28 ./Drivers/STM32WB0x_HAL_Driver/Src/stm32wb0x_hal_rcc.o
 .text.LL_RCC_SetRC64MPLLPrescaler
                0x1004164c       0x28 ./Drivers/STM32WB0x_HAL_Driver/Src/stm32wb0x_hal_rcc.o
 .text.HAL_RCC_ClockConfig
                0x10041674      0x158 ./Drivers/STM32WB0x_HAL_Driver/Src/stm32wb0x_hal_rcc.o
                0x10041674                HAL_RCC_ClockConfig
 .text.HAL_RCC_GetSysClockFreq
                0x100417cc       0x14 ./Drivers/STM32WB0x_HAL_Driver/Src/stm32wb0x_hal_rcc.o
                0x100417cc                HAL_RCC_GetSysClockFreq
 .text.LL_RCC_HSE_IsReady
                0x100417e0       0x28 ./Drivers/STM32WB0x_HAL_Driver/Src/stm32wb0x_hal_rcc_ex.o
 .text.LL_RCC_DIRECT_HSE_IsEnabled
                0x10041808       0x20 ./Drivers/STM32WB0x_HAL_Driver/Src/stm32wb0x_hal_rcc_ex.o
 .text.LL_RCC_LSCO_SetSource
                0x10041828       0x2c ./Drivers/STM32WB0x_HAL_Driver/Src/stm32wb0x_hal_rcc_ex.o
 .text.LL_RCC_LSCO_GetSource
                0x10041854       0x18 ./Drivers/STM32WB0x_HAL_Driver/Src/stm32wb0x_hal_rcc_ex.o
 .text.LL_RCC_SetRFClock
                0x1004186c       0x28 ./Drivers/STM32WB0x_HAL_Driver/Src/stm32wb0x_hal_rcc_ex.o
 .text.LL_RCC_GetRFClock
                0x10041894       0x18 ./Drivers/STM32WB0x_HAL_Driver/Src/stm32wb0x_hal_rcc_ex.o
 .text.LL_RCC_SetSMPSPrescaler
                0x100418ac       0x2c ./Drivers/STM32WB0x_HAL_Driver/Src/stm32wb0x_hal_rcc_ex.o
 .text.LL_RCC_GetSMPSPrescaler
                0x100418d8       0x18 ./Drivers/STM32WB0x_HAL_Driver/Src/stm32wb0x_hal_rcc_ex.o
 .text.LL_RCC_SetLPUARTClockSource
                0x100418f0       0x2c ./Drivers/STM32WB0x_HAL_Driver/Src/stm32wb0x_hal_rcc_ex.o
 .text.LL_RCC_GetLPUARTClockSource
                0x1004191c       0x18 ./Drivers/STM32WB0x_HAL_Driver/Src/stm32wb0x_hal_rcc_ex.o
 .text.LL_RCC_SetSPI3I2SClockSource
                0x10041934       0x2c ./Drivers/STM32WB0x_HAL_Driver/Src/stm32wb0x_hal_rcc_ex.o
 .text.LL_RCC_GetSPI3I2SClockSource
                0x10041960       0x18 ./Drivers/STM32WB0x_HAL_Driver/Src/stm32wb0x_hal_rcc_ex.o
 .text.LL_RCC_RC64MPLL_IsReady
                0x10041978       0x28 ./Drivers/STM32WB0x_HAL_Driver/Src/stm32wb0x_hal_rcc_ex.o
 .text.HAL_RCCEx_PeriphCLKConfig
                0x100419a0       0x76 ./Drivers/STM32WB0x_HAL_Driver/Src/stm32wb0x_hal_rcc_ex.o
                0x100419a0                HAL_RCCEx_PeriphCLKConfig
 *fill*         0x10041a16        0x2 
 .text.HAL_RCCEx_GetPeriphCLKFreq
                0x10041a18      0x138 ./Drivers/STM32WB0x_HAL_Driver/Src/stm32wb0x_hal_rcc_ex.o
                0x10041a18                HAL_RCCEx_GetPeriphCLKFreq
 .text.HAL_UART_Init
                0x10041b50       0xac ./Drivers/STM32WB0x_HAL_Driver/Src/stm32wb0x_hal_uart.o
                0x10041b50                HAL_UART_Init
 .text.UART_SetConfig
                0x10041bfc      0x2d0 ./Drivers/STM32WB0x_HAL_Driver/Src/stm32wb0x_hal_uart.o
                0x10041bfc                UART_SetConfig
 .text.UART_AdvFeatureConfig
                0x10041ecc      0x168 ./Drivers/STM32WB0x_HAL_Driver/Src/stm32wb0x_hal_uart.o
                0x10041ecc                UART_AdvFeatureConfig
 .text.UART_CheckIdleState
                0x10042034      0x154 ./Drivers/STM32WB0x_HAL_Driver/Src/stm32wb0x_hal_uart.o
                0x10042034                UART_CheckIdleState
 .text.UART_WaitOnFlagUntilTimeout
                0x10042188       0xde ./Drivers/STM32WB0x_HAL_Driver/Src/stm32wb0x_hal_uart.o
                0x10042188                UART_WaitOnFlagUntilTimeout
 *fill*         0x10042266        0x2 
 .text.UART_EndRxTransfer
                0x10042268       0xcc ./Drivers/STM32WB0x_HAL_Driver/Src/stm32wb0x_hal_uart.o
 .text.HAL_UARTEx_SetTxFifoThreshold
                0x10042334       0x7e ./Drivers/STM32WB0x_HAL_Driver/Src/stm32wb0x_hal_uart_ex.o
                0x10042334                HAL_UARTEx_SetTxFifoThreshold
 *fill*         0x100423b2        0x2 
 .text.HAL_UARTEx_SetRxFifoThreshold
                0x100423b4       0x84 ./Drivers/STM32WB0x_HAL_Driver/Src/stm32wb0x_hal_uart_ex.o
                0x100423b4                HAL_UARTEx_SetRxFifoThreshold
 .text.UARTEx_SetNbDataToProcess
                0x10042438       0xbc ./Drivers/STM32WB0x_HAL_Driver/Src/stm32wb0x_hal_uart_ex.o
 .text.memset   0x100424f4       0x10 C:/ST/STM32CubeIDE_1.17.0/STM32CubeIDE/plugins/com.st.stm32cube.ide.mcu.externaltools.gnu-tools-for-stm32.12.3.rel1.win32_1.1.0.202410251130/tools/bin/../lib/gcc/arm-none-eabi/12.3.1/../../../../arm-none-eabi/lib/thumb/v6-m/nofp\libc_nano.a(libc_a-memset.o)
                0x100424f4                memset
 *(i.*)
 *(.constdata)
 *(.glue_7)
 .glue_7        0x10042504        0x0 linker stubs
 *(.glue_7t)
 .glue_7t       0x10042504        0x0 linker stubs
                0x10042504                        . = ALIGN (0x4)
                0x10042504                        _etext = .

.vfp11_veneer   0x10042504        0x0
 .vfp11_veneer  0x10042504        0x0 linker stubs

.v4_bx          0x10042504        0x0
 .v4_bx         0x10042504        0x0 linker stubs

.init           0x10042504        0x4
 .init          0x10042504        0x4 C:/ST/STM32CubeIDE_1.17.0/STM32CubeIDE/plugins/com.st.stm32cube.ide.mcu.externaltools.gnu-tools-for-stm32.12.3.rel1.win32_1.1.0.202410251130/tools/bin/../lib/gcc/arm-none-eabi/12.3.1/thumb/v6-m/nofp/crti.o
                0x10042504                _init

.fini           0x10042508        0x4
 .fini          0x10042508        0x4 C:/ST/STM32CubeIDE_1.17.0/STM32CubeIDE/plugins/com.st.stm32cube.ide.mcu.externaltools.gnu-tools-for-stm32.12.3.rel1.win32_1.1.0.202410251130/tools/bin/../lib/gcc/arm-none-eabi/12.3.1/thumb/v6-m/nofp/crti.o
                0x10042508                _fini

.iplt           0x1004250c        0x0
 .iplt          0x1004250c        0x0 ./Core/Src/BOARD.o

.rodata         0x1004250c       0xac
                0x1004250c                        . = ALIGN (0x4)
 *(.rodata)
 *(.rodata*)
 .rodata.HAL_RCCEx_GetPeriphCLKFreq
                0x1004250c       0x84 ./Drivers/STM32WB0x_HAL_Driver/Src/stm32wb0x_hal_rcc_ex.o
 .rodata.UARTPrescTable
                0x10042590       0x18 ./Drivers/STM32WB0x_HAL_Driver/Src/stm32wb0x_hal_uart.o
                0x10042590                UARTPrescTable
 .rodata.numerator.1
                0x100425a8        0x8 ./Drivers/STM32WB0x_HAL_Driver/Src/stm32wb0x_hal_uart_ex.o
 .rodata.denominator.0
                0x100425b0        0x8 ./Drivers/STM32WB0x_HAL_Driver/Src/stm32wb0x_hal_uart_ex.o
                0x100425b8                        . = ALIGN (0x4)

.ARM.extab
 *(.ARM.extab*)

.ARM            0x100425b8        0x8
                0x100425b8                        __exidx_start = .
 *(.ARM.exidx*)
 .ARM.exidx     0x100425b8        0x8 C:/ST/STM32CubeIDE_1.17.0/STM32CubeIDE/plugins/com.st.stm32cube.ide.mcu.externaltools.gnu-tools-for-stm32.12.3.rel1.win32_1.1.0.202410251130/tools/bin/../lib/gcc/arm-none-eabi/12.3.1/thumb/v6-m/nofp\libgcc.a(_udivmoddi4.o)
                0x100425c0                        __exidx_end = .
                0x100425c0                        _sidata = LOADADDR (.data)

.rel.dyn        0x100425c0        0x0
 .rel.iplt      0x100425c0        0x0 ./Core/Src/BOARD.o

.ram_preamble   0x20000004       0x2c
 *(.ram_vr)
 .ram_vr        0x20000004       0x2c ./Core/Src/system_stm32wb0x.o
                0x20000004                RAM_VR

.ram_preamble_2
 *(.crash_info_ram_vr)

.bss.blueRAM    0x200000c0        0x0
                0x200000c0                        . = ALIGN (0x4)
                0x200000c0                        _sbssblue = .
 *(.bss.__blue_RAM)
                0x200000c0                        . = ALIGN (0x4)
                0x200000c0                        _ebssblue = .

.bss            0x200000c0       0x98
                0x200000c0                        . = ALIGN (0x4)
                0x200000c0                        _sbss = .
 *(.bss)
 *(.bss*)
 .bss.hlpuart1  0x200000c0       0x94 ./Core/Src/UART.o
                0x200000c0                hlpuart1
 .bss.uwTick    0x20000154        0x4 ./Drivers/STM32WB0x_HAL_Driver/Src/stm32wb0x_hal.o
                0x20000154                uwTick
 *(COMMON)
                0x20000158                        . = ALIGN (0x4)
                0x20000158                        _ebss = .

.data           0x20000158       0x20 load address 0x100425c0
                0x20000158                        . = ALIGN (0x4)
                0x20000158                        _sdata = .
 *(.data)
 *(.data*)
 .data.SystemCoreClock
                0x20000158        0x4 ./Core/Src/system_stm32wb0x.o
                0x20000158                SystemCoreClock
 .data.LED_PIN  0x2000015c        0x6 ./Drivers/BSP/STM32WB0x-nucleo/stm32wb0x_nucleo.o
 *fill*         0x20000162        0x2 
 .data.LED_PORT
                0x20000164        0xc ./Drivers/BSP/STM32WB0x-nucleo/stm32wb0x_nucleo.o
 .data.uwTickPrio
                0x20000170        0x4 ./Drivers/STM32WB0x_HAL_Driver/Src/stm32wb0x_hal.o
                0x20000170                uwTickPrio
 .data.uwTickFreq
                0x20000174        0x1 ./Drivers/STM32WB0x_HAL_Driver/Src/stm32wb0x_hal.o
                0x20000174                uwTickFreq
                0x20000178                        . = ALIGN (0x4)
 *fill*         0x20000175        0x3 
                0x20000178                        _edata = .

.igot.plt       0x20000178        0x0 load address 0x100425e0
 .igot.plt      0x20000178        0x0 ./Core/Src/BOARD.o

.noinit         0x20000178        0x0 load address 0x100425e0
                0x20000178                        . = ALIGN (0x4)
 *(.noinit)
                0x20000178                        . = ALIGN (0x4)

.ota_region_end
                0x100425e0        0x0
                0x100425e0                        . = ALIGN (0x4)
 *(TAG_OTA_END)
                0x100425e0                        . = ALIGN (0x4)

.heap           0x20000178        0x0
                0x20000178                        . = ALIGN (0x4)
                [!provide]                        PROVIDE (end = .)
                0x20000178                        PROVIDE (_end = .)
                0x20000178                        . = (. + _Min_Heap_Size)
                0x20000178                        . = ALIGN (0x4)

.stack          0x20005400      0xc00
                0x20005400                        . = ALIGN (0x4)
                0x20006000                        . = (. + _Min_Stack_Size)
 *fill*         0x20005400      0xc00 
                0x20006000                        . = ALIGN (0x4)
                0x20006000                        _estack = .
                0x20006000                        . = ALIGN (0x4)

.rom_info       0x10000000        0x0
                0x10000000                        . = ALIGN (0x4)
 *(.rom_info)
                0x10000000                        . = ALIGN (0x4)

/DISCARD/
 libc.a(*)
 libm.a(*)
 libgcc.a(*)

.ARM.attributes
                0x00000000       0x28
 *(.ARM.attributes)
 .ARM.attributes
                0x00000000       0x1e C:/ST/STM32CubeIDE_1.17.0/STM32CubeIDE/plugins/com.st.stm32cube.ide.mcu.externaltools.gnu-tools-for-stm32.12.3.rel1.win32_1.1.0.202410251130/tools/bin/../lib/gcc/arm-none-eabi/12.3.1/thumb/v6-m/nofp/crti.o
 .ARM.attributes
                0x0000001e       0x2c ./Core/Src/BOARD.o
 .ARM.attributes
                0x0000004a       0x2c ./Core/Src/UART.o
 .ARM.attributes
                0x00000076       0x2c ./Core/Src/stm32wb0x_hal_msp.o
 .ARM.attributes
                0x000000a2       0x2c ./Core/Src/stm32wb0x_it.o
 .ARM.attributes
                0x000000ce       0x2c ./Core/Src/system_stm32wb0x.o
 .ARM.attributes
                0x000000fa       0x22 ./Core/Startup/startup_stm32wb05kzvx.o
 .ARM.attributes
                0x0000011c       0x2c ./Drivers/BSP/STM32WB0x-nucleo/stm32wb0x_nucleo.o
 .ARM.attributes
                0x00000148       0x2c ./Drivers/STM32WB0x_HAL_Driver/Src/stm32wb0x_hal.o
 .ARM.attributes
                0x00000174       0x2c ./Drivers/STM32WB0x_HAL_Driver/Src/stm32wb0x_hal_cortex.o
 .ARM.attributes
                0x000001a0       0x2c ./Drivers/STM32WB0x_HAL_Driver/Src/stm32wb0x_hal_gpio.o
 .ARM.attributes
                0x000001cc       0x2c ./Drivers/STM32WB0x_HAL_Driver/Src/stm32wb0x_hal_rcc.o
 .ARM.attributes
                0x000001f8       0x2c ./Drivers/STM32WB0x_HAL_Driver/Src/stm32wb0x_hal_rcc_ex.o
 .ARM.attributes
                0x00000224       0x2c ./Drivers/STM32WB0x_HAL_Driver/Src/stm32wb0x_hal_uart.o
 .ARM.attributes
                0x00000250       0x2c ./Drivers/STM32WB0x_HAL_Driver/Src/stm32wb0x_hal_uart_ex.o
 .ARM.attributes
                0x0000027c       0x2c C:/ST/STM32CubeIDE_1.17.0/STM32CubeIDE/plugins/com.st.stm32cube.ide.mcu.externaltools.gnu-tools-for-stm32.12.3.rel1.win32_1.1.0.202410251130/tools/bin/../lib/gcc/arm-none-eabi/12.3.1/../../../../arm-none-eabi/lib/thumb/v6-m/nofp\libc_nano.a(libc_a-memset.o)
 .ARM.attributes
                0x000002a8       0x1e C:/ST/STM32CubeIDE_1.17.0/STM32CubeIDE/plugins/com.st.stm32cube.ide.mcu.externaltools.gnu-tools-for-stm32.12.3.rel1.win32_1.1.0.202410251130/tools/bin/../lib/gcc/arm-none-eabi/12.3.1/thumb/v6-m/nofp\libgcc.a(_udivsi3.o)
 .ARM.attributes
                0x000002c6       0x1e C:/ST/STM32CubeIDE_1.17.0/STM32CubeIDE/plugins/com.st.stm32cube.ide.mcu.externaltools.gnu-tools-for-stm32.12.3.rel1.win32_1.1.0.202410251130/tools/bin/../lib/gcc/arm-none-eabi/12.3.1/thumb/v6-m/nofp\libgcc.a(_divsi3.o)
 .ARM.attributes
                0x000002e4       0x1e C:/ST/STM32CubeIDE_1.17.0/STM32CubeIDE/plugins/com.st.stm32cube.ide.mcu.externaltools.gnu-tools-for-stm32.12.3.rel1.win32_1.1.0.202410251130/tools/bin/../lib/gcc/arm-none-eabi/12.3.1/thumb/v6-m/nofp\libgcc.a(_dvmd_tls.o)
 .ARM.attributes
                0x00000302       0x1e C:/ST/STM32CubeIDE_1.17.0/STM32CubeIDE/plugins/com.st.stm32cube.ide.mcu.externaltools.gnu-tools-for-stm32.12.3.rel1.win32_1.1.0.202410251130/tools/bin/../lib/gcc/arm-none-eabi/12.3.1/thumb/v6-m/nofp\libgcc.a(_aeabi_uldivmod.o)
 .ARM.attributes
                0x00000320       0x2c C:/ST/STM32CubeIDE_1.17.0/STM32CubeIDE/plugins/com.st.stm32cube.ide.mcu.externaltools.gnu-tools-for-stm32.12.3.rel1.win32_1.1.0.202410251130/tools/bin/../lib/gcc/arm-none-eabi/12.3.1/thumb/v6-m/nofp\libgcc.a(_udivmoddi4.o)
 .ARM.attributes
                0x0000034c       0x1e C:/ST/STM32CubeIDE_1.17.0/STM32CubeIDE/plugins/com.st.stm32cube.ide.mcu.externaltools.gnu-tools-for-stm32.12.3.rel1.win32_1.1.0.202410251130/tools/bin/../lib/gcc/arm-none-eabi/12.3.1/thumb/v6-m/nofp\libgcc.a(_clzdi2.o)
 .ARM.attributes
                0x0000036a       0x1e C:/ST/STM32CubeIDE_1.17.0/STM32CubeIDE/plugins/com.st.stm32cube.ide.mcu.externaltools.gnu-tools-for-stm32.12.3.rel1.win32_1.1.0.202410251130/tools/bin/../lib/gcc/arm-none-eabi/12.3.1/thumb/v6-m/nofp\libgcc.a(_clzsi2.o)
OUTPUT(WildlifeSource.elf elf32-littlearm)
LOAD linker stubs
LOAD C:/ST/STM32CubeIDE_1.17.0/STM32CubeIDE/plugins/com.st.stm32cube.ide.mcu.externaltools.gnu-tools-for-stm32.12.3.rel1.win32_1.1.0.202410251130/tools/bin/../lib/gcc/arm-none-eabi/12.3.1/../../../../arm-none-eabi/lib/thumb/v6-m/nofp\libc.a
LOAD C:/ST/STM32CubeIDE_1.17.0/STM32CubeIDE/plugins/com.st.stm32cube.ide.mcu.externaltools.gnu-tools-for-stm32.12.3.rel1.win32_1.1.0.202410251130/tools/bin/../lib/gcc/arm-none-eabi/12.3.1/../../../../arm-none-eabi/lib/thumb/v6-m/nofp\libm.a
LOAD C:/ST/STM32CubeIDE_1.17.0/STM32CubeIDE/plugins/com.st.stm32cube.ide.mcu.externaltools.gnu-tools-for-stm32.12.3.rel1.win32_1.1.0.202410251130/tools/bin/../lib/gcc/arm-none-eabi/12.3.1/thumb/v6-m/nofp\libgcc.a

.debug_info     0x00000000     0xb3ba
 .debug_info    0x00000000      0x22e ./Core/Src/BOARD.o
 .debug_info    0x0000022e      0x904 ./Core/Src/UART.o
 .debug_info    0x00000b32      0xcbb ./Core/Src/stm32wb0x_hal_msp.o
 .debug_info    0x000017ed       0xd2 ./Core/Src/stm32wb0x_it.o
 .debug_info    0x000018bf      0x837 ./Core/Src/system_stm32wb0x.o
 .debug_info    0x000020f6       0x30 ./Core/Startup/startup_stm32wb05kzvx.o
 .debug_info    0x00002126     0x149d ./Drivers/BSP/STM32WB0x-nucleo/stm32wb0x_nucleo.o
 .debug_info    0x000035c3      0x8ce ./Drivers/STM32WB0x_HAL_Driver/Src/stm32wb0x_hal.o
 .debug_info    0x00003e91      0x80b ./Drivers/STM32WB0x_HAL_Driver/Src/stm32wb0x_hal_cortex.o
 .debug_info    0x0000469c      0x561 ./Drivers/STM32WB0x_HAL_Driver/Src/stm32wb0x_hal_gpio.o
 .debug_info    0x00004bfd      0xc06 ./Drivers/STM32WB0x_HAL_Driver/Src/stm32wb0x_hal_rcc.o
 .debug_info    0x00005803      0x6ec ./Drivers/STM32WB0x_HAL_Driver/Src/stm32wb0x_hal_rcc_ex.o
 .debug_info    0x00005eef     0x45e3 ./Drivers/STM32WB0x_HAL_Driver/Src/stm32wb0x_hal_uart.o
 .debug_info    0x0000a4d2      0xee8 ./Drivers/STM32WB0x_HAL_Driver/Src/stm32wb0x_hal_uart_ex.o

.debug_abbrev   0x00000000     0x1dc8
 .debug_abbrev  0x00000000      0x110 ./Core/Src/BOARD.o
 .debug_abbrev  0x00000110      0x287 ./Core/Src/UART.o
 .debug_abbrev  0x00000397      0x22d ./Core/Src/stm32wb0x_hal_msp.o
 .debug_abbrev  0x000005c4       0x73 ./Core/Src/stm32wb0x_it.o
 .debug_abbrev  0x00000637      0x26c ./Core/Src/system_stm32wb0x.o
 .debug_abbrev  0x000008a3       0x24 ./Core/Startup/startup_stm32wb05kzvx.o
 .debug_abbrev  0x000008c7      0x311 ./Drivers/BSP/STM32WB0x-nucleo/stm32wb0x_nucleo.o
 .debug_abbrev  0x00000bd8      0x28e ./Drivers/STM32WB0x_HAL_Driver/Src/stm32wb0x_hal.o
 .debug_abbrev  0x00000e66      0x29a ./Drivers/STM32WB0x_HAL_Driver/Src/stm32wb0x_hal_cortex.o
 .debug_abbrev  0x00001100      0x1c3 ./Drivers/STM32WB0x_HAL_Driver/Src/stm32wb0x_hal_gpio.o
 .debug_abbrev  0x000012c3      0x2e0 ./Drivers/STM32WB0x_HAL_Driver/Src/stm32wb0x_hal_rcc.o
 .debug_abbrev  0x000015a3      0x22d ./Drivers/STM32WB0x_HAL_Driver/Src/stm32wb0x_hal_rcc_ex.o
 .debug_abbrev  0x000017d0      0x312 ./Drivers/STM32WB0x_HAL_Driver/Src/stm32wb0x_hal_uart.o
 .debug_abbrev  0x00001ae2      0x2e6 ./Drivers/STM32WB0x_HAL_Driver/Src/stm32wb0x_hal_uart_ex.o

.debug_aranges  0x00000000      0x9e0
 .debug_aranges
                0x00000000       0x38 ./Core/Src/BOARD.o
 .debug_aranges
                0x00000038       0x50 ./Core/Src/UART.o
 .debug_aranges
                0x00000088       0x58 ./Core/Src/stm32wb0x_hal_msp.o
 .debug_aranges
                0x000000e0       0x40 ./Core/Src/stm32wb0x_it.o
 .debug_aranges
                0x00000120       0x40 ./Core/Src/system_stm32wb0x.o
 .debug_aranges
                0x00000160       0x28 ./Core/Startup/startup_stm32wb05kzvx.o
 .debug_aranges
                0x00000188       0xf0 ./Drivers/BSP/STM32WB0x-nucleo/stm32wb0x_nucleo.o
 .debug_aranges
                0x00000278      0x118 ./Drivers/STM32WB0x_HAL_Driver/Src/stm32wb0x_hal.o
 .debug_aranges
                0x00000390       0xd0 ./Drivers/STM32WB0x_HAL_Driver/Src/stm32wb0x_hal_cortex.o
 .debug_aranges
                0x00000460       0x60 ./Drivers/STM32WB0x_HAL_Driver/Src/stm32wb0x_hal_gpio.o
 .debug_aranges
                0x000004c0      0x160 ./Drivers/STM32WB0x_HAL_Driver/Src/stm32wb0x_hal_rcc.o
 .debug_aranges
                0x00000620       0xd0 ./Drivers/STM32WB0x_HAL_Driver/Src/stm32wb0x_hal_rcc_ex.o
 .debug_aranges
                0x000006f0      0x248 ./Drivers/STM32WB0x_HAL_Driver/Src/stm32wb0x_hal_uart.o
 .debug_aranges
                0x00000938       0xa8 ./Drivers/STM32WB0x_HAL_Driver/Src/stm32wb0x_hal_uart_ex.o

.debug_rnglists
                0x00000000      0x786
 .debug_rnglists
                0x00000000       0x25 ./Core/Src/BOARD.o
 .debug_rnglists
                0x00000025       0x38 ./Core/Src/UART.o
 .debug_rnglists
                0x0000005d       0x3e ./Core/Src/stm32wb0x_hal_msp.o
 .debug_rnglists
                0x0000009b       0x2b ./Core/Src/stm32wb0x_it.o
 .debug_rnglists
                0x000000c6       0x2d ./Core/Src/system_stm32wb0x.o
 .debug_rnglists
                0x000000f3       0x19 ./Core/Startup/startup_stm32wb05kzvx.o
 .debug_rnglists
                0x0000010c       0xb3 ./Drivers/BSP/STM32WB0x-nucleo/stm32wb0x_nucleo.o
 .debug_rnglists
                0x000001bf       0xce ./Drivers/STM32WB0x_HAL_Driver/Src/stm32wb0x_hal.o
 .debug_rnglists
                0x0000028d       0x99 ./Drivers/STM32WB0x_HAL_Driver/Src/stm32wb0x_hal_cortex.o
 .debug_rnglists
                0x00000326       0x45 ./Drivers/STM32WB0x_HAL_Driver/Src/stm32wb0x_hal_gpio.o
 .debug_rnglists
                0x0000036b      0x107 ./Drivers/STM32WB0x_HAL_Driver/Src/stm32wb0x_hal_rcc.o
 .debug_rnglists
                0x00000472       0x99 ./Drivers/STM32WB0x_HAL_Driver/Src/stm32wb0x_hal_rcc_ex.o
 .debug_rnglists
                0x0000050b      0x1fb ./Drivers/STM32WB0x_HAL_Driver/Src/stm32wb0x_hal_uart.o
 .debug_rnglists
                0x00000706       0x80 ./Drivers/STM32WB0x_HAL_Driver/Src/stm32wb0x_hal_uart_ex.o

.debug_macro    0x00000000    0x17802
 .debug_macro   0x00000000      0x1e1 ./Core/Src/BOARD.o
 .debug_macro   0x000001e1      0xa8a ./Core/Src/BOARD.o
 .debug_macro   0x00000c6b       0xdd ./Core/Src/BOARD.o
 .debug_macro   0x00000d48       0x2e ./Core/Src/BOARD.o
 .debug_macro   0x00000d76       0x4c ./Core/Src/BOARD.o
 .debug_macro   0x00000dc2       0x22 ./Core/Src/BOARD.o
 .debug_macro   0x00000de4       0x8e ./Core/Src/BOARD.o
 .debug_macro   0x00000e72       0x51 ./Core/Src/BOARD.o
 .debug_macro   0x00000ec3      0x103 ./Core/Src/BOARD.o
 .debug_macro   0x00000fc6       0x6a ./Core/Src/BOARD.o
 .debug_macro   0x00001030      0x1df ./Core/Src/BOARD.o
 .debug_macro   0x0000120f       0x1c ./Core/Src/BOARD.o
 .debug_macro   0x0000122b       0x22 ./Core/Src/BOARD.o
 .debug_macro   0x0000124d       0xd1 ./Core/Src/BOARD.o
 .debug_macro   0x0000131e      0x4da ./Core/Src/BOARD.o
 .debug_macro   0x000017f8      0x11f ./Core/Src/BOARD.o
 .debug_macro   0x00001917     0xe0d6 ./Core/Src/BOARD.o
 .debug_macro   0x0000f9ed       0x98 ./Core/Src/BOARD.o
 .debug_macro   0x0000fa85       0x82 ./Core/Src/BOARD.o
 .debug_macro   0x0000fb07     0x3439 ./Core/Src/BOARD.o
 .debug_macro   0x00012f40      0x189 ./Core/Src/BOARD.o
 .debug_macro   0x000130c9       0x6a ./Core/Src/BOARD.o
 .debug_macro   0x00013133       0xc7 ./Core/Src/BOARD.o
 .debug_macro   0x000131fa      0x2c5 ./Core/Src/BOARD.o
 .debug_macro   0x000134bf      0x2c7 ./Core/Src/BOARD.o
 .debug_macro   0x00013786      0x1f8 ./Core/Src/BOARD.o
 .debug_macro   0x0001397e      0x1d7 ./Core/Src/BOARD.o
 .debug_macro   0x00013b55       0x90 ./Core/Src/BOARD.o
 .debug_macro   0x00013be5      0x224 ./Core/Src/BOARD.o
 .debug_macro   0x00013e09       0xef ./Core/Src/BOARD.o
 .debug_macro   0x00013ef8      0x38a ./Core/Src/BOARD.o
 .debug_macro   0x00014282      0x1d2 ./Core/Src/BOARD.o
 .debug_macro   0x00014454      0x358 ./Core/Src/BOARD.o
 .debug_macro   0x000147ac       0xc3 ./Core/Src/BOARD.o
 .debug_macro   0x0001486f      0x2be ./Core/Src/BOARD.o
 .debug_macro   0x00014b2d       0xa4 ./Core/Src/BOARD.o
 .debug_macro   0x00014bd1      0x730 ./Core/Src/BOARD.o
 .debug_macro   0x00015301      0x11e ./Core/Src/BOARD.o
 .debug_macro   0x0001541f      0x693 ./Core/Src/BOARD.o
 .debug_macro   0x00015ab2       0xa6 ./Core/Src/BOARD.o
 .debug_macro   0x00015b58       0x77 ./Core/Src/BOARD.o
 .debug_macro   0x00015bcf       0x10 ./Core/Src/BOARD.o
 .debug_macro   0x00015bdf      0x223 ./Core/Src/UART.o
 .debug_macro   0x00015e02      0x317 ./Core/Src/UART.o
 .debug_macro   0x00016119       0x1c ./Core/Src/UART.o
 .debug_macro   0x00016135       0x52 ./Core/Src/UART.o
 .debug_macro   0x00016187      0x130 ./Core/Src/UART.o
 .debug_macro   0x000162b7      0x1e1 ./Core/Src/stm32wb0x_hal_msp.o
 .debug_macro   0x00016498      0x1eb ./Core/Src/stm32wb0x_it.o
 .debug_macro   0x00016683      0x1f0 ./Core/Src/system_stm32wb0x.o
 .debug_macro   0x00016873      0x205 ./Drivers/BSP/STM32WB0x-nucleo/stm32wb0x_nucleo.o
 .debug_macro   0x00016a78       0x16 ./Drivers/BSP/STM32WB0x-nucleo/stm32wb0x_nucleo.o
 .debug_macro   0x00016a8e      0x1d2 ./Drivers/STM32WB0x_HAL_Driver/Src/stm32wb0x_hal.o
 .debug_macro   0x00016c60      0x1d2 ./Drivers/STM32WB0x_HAL_Driver/Src/stm32wb0x_hal_cortex.o
 .debug_macro   0x00016e32      0x1d9 ./Drivers/STM32WB0x_HAL_Driver/Src/stm32wb0x_hal_gpio.o
 .debug_macro   0x0001700b      0x220 ./Drivers/STM32WB0x_HAL_Driver/Src/stm32wb0x_hal_rcc.o
 .debug_macro   0x0001722b      0x1fc ./Drivers/STM32WB0x_HAL_Driver/Src/stm32wb0x_hal_rcc_ex.o
 .debug_macro   0x00017427      0x1fd ./Drivers/STM32WB0x_HAL_Driver/Src/stm32wb0x_hal_uart.o
 .debug_macro   0x00017624      0x1de ./Drivers/STM32WB0x_HAL_Driver/Src/stm32wb0x_hal_uart_ex.o

.debug_line     0x00000000     0xb720
 .debug_line    0x00000000      0x7f5 ./Core/Src/BOARD.o
 .debug_line    0x000007f5      0x949 ./Core/Src/UART.o
 .debug_line    0x0000113e      0x879 ./Core/Src/stm32wb0x_hal_msp.o
 .debug_line    0x000019b7      0x7cf ./Core/Src/stm32wb0x_it.o
 .debug_line    0x00002186      0x8fd ./Core/Src/system_stm32wb0x.o
 .debug_line    0x00002a83       0x88 ./Core/Startup/startup_stm32wb05kzvx.o
 .debug_line    0x00002b0b      0xbac ./Drivers/BSP/STM32WB0x-nucleo/stm32wb0x_nucleo.o
 .debug_line    0x000036b7      0xaec ./Drivers/STM32WB0x_HAL_Driver/Src/stm32wb0x_hal.o
 .debug_line    0x000041a3      0xb66 ./Drivers/STM32WB0x_HAL_Driver/Src/stm32wb0x_hal_cortex.o
 .debug_line    0x00004d09      0xb99 ./Drivers/STM32WB0x_HAL_Driver/Src/stm32wb0x_hal_gpio.o
 .debug_line    0x000058a2      0xff6 ./Drivers/STM32WB0x_HAL_Driver/Src/stm32wb0x_hal_rcc.o
 .debug_line    0x00006898      0xb39 ./Drivers/STM32WB0x_HAL_Driver/Src/stm32wb0x_hal_rcc_ex.o
 .debug_line    0x000073d1     0x3525 ./Drivers/STM32WB0x_HAL_Driver/Src/stm32wb0x_hal_uart.o
 .debug_line    0x0000a8f6      0xe2a ./Drivers/STM32WB0x_HAL_Driver/Src/stm32wb0x_hal_uart_ex.o

.debug_str      0x00000000    0x9e806
 .debug_str     0x00000000    0x9a04b ./Core/Src/BOARD.o
                              0x9af74 (size before relaxing)
 .debug_str     0x0009a04b     0x211a ./Core/Src/UART.o
                              0x9cfdd (size before relaxing)
 .debug_str     0x0009c165      0x260 ./Core/Src/stm32wb0x_hal_msp.o
                              0x9b5c0 (size before relaxing)
 .debug_str     0x0009c3c5       0x82 ./Core/Src/stm32wb0x_it.o
                              0x9ae1a (size before relaxing)
 .debug_str     0x0009c447      0x3a9 ./Core/Src/system_stm32wb0x.o
                              0x9b296 (size before relaxing)
 .debug_str     0x0009c7f0       0x44 ./Core/Startup/startup_stm32wb05kzvx.o
                                 0x98 (size before relaxing)
 .debug_str     0x0009c834      0x472 ./Drivers/BSP/STM32WB0x-nucleo/stm32wb0x_nucleo.o
                              0x9c281 (size before relaxing)
 .debug_str     0x0009cca6      0x3bc ./Drivers/STM32WB0x_HAL_Driver/Src/stm32wb0x_hal.o
                              0x9b427 (size before relaxing)
 .debug_str     0x0009d062      0x1f7 ./Drivers/STM32WB0x_HAL_Driver/Src/stm32wb0x_hal_cortex.o
                              0x9b2d5 (size before relaxing)
 .debug_str     0x0009d259       0xbf ./Drivers/STM32WB0x_HAL_Driver/Src/stm32wb0x_hal_gpio.o
                              0x9b05e (size before relaxing)
 .debug_str     0x0009d318      0x5f8 ./Drivers/STM32WB0x_HAL_Driver/Src/stm32wb0x_hal_rcc.o
                              0x9b711 (size before relaxing)
 .debug_str     0x0009d910      0x305 ./Drivers/STM32WB0x_HAL_Driver/Src/stm32wb0x_hal_rcc_ex.o
                              0x9b37b (size before relaxing)
 .debug_str     0x0009dc15      0x962 ./Drivers/STM32WB0x_HAL_Driver/Src/stm32wb0x_hal_uart.o
                              0x9bca5 (size before relaxing)
 .debug_str     0x0009e577      0x28f ./Drivers/STM32WB0x_HAL_Driver/Src/stm32wb0x_hal_uart_ex.o
                              0x9b6cb (size before relaxing)

.comment        0x00000000       0x43
 .comment       0x00000000       0x43 ./Core/Src/BOARD.o
                                 0x44 (size before relaxing)
 .comment       0x00000043       0x44 ./Core/Src/UART.o
 .comment       0x00000043       0x44 ./Core/Src/stm32wb0x_hal_msp.o
 .comment       0x00000043       0x44 ./Core/Src/stm32wb0x_it.o
 .comment       0x00000043       0x44 ./Core/Src/system_stm32wb0x.o
 .comment       0x00000043       0x44 ./Drivers/BSP/STM32WB0x-nucleo/stm32wb0x_nucleo.o
 .comment       0x00000043       0x44 ./Drivers/STM32WB0x_HAL_Driver/Src/stm32wb0x_hal.o
 .comment       0x00000043       0x44 ./Drivers/STM32WB0x_HAL_Driver/Src/stm32wb0x_hal_cortex.o
 .comment       0x00000043       0x44 ./Drivers/STM32WB0x_HAL_Driver/Src/stm32wb0x_hal_gpio.o
 .comment       0x00000043       0x44 ./Drivers/STM32WB0x_HAL_Driver/Src/stm32wb0x_hal_rcc.o
 .comment       0x00000043       0x44 ./Drivers/STM32WB0x_HAL_Driver/Src/stm32wb0x_hal_rcc_ex.o
 .comment       0x00000043       0x44 ./Drivers/STM32WB0x_HAL_Driver/Src/stm32wb0x_hal_uart.o
 .comment       0x00000043       0x44 ./Drivers/STM32WB0x_HAL_Driver/Src/stm32wb0x_hal_uart_ex.o

.debug_frame    0x00000000     0x2244
 .debug_frame   0x00000000       0x8c ./Core/Src/BOARD.o
 .debug_frame   0x0000008c       0xe4 ./Core/Src/UART.o
 .debug_frame   0x00000170      0x10c ./Core/Src/stm32wb0x_hal_msp.o
 .debug_frame   0x0000027c       0x9c ./Core/Src/stm32wb0x_it.o
 .debug_frame   0x00000318       0xa8 ./Core/Src/system_stm32wb0x.o
 .debug_frame   0x000003c0      0x360 ./Drivers/BSP/STM32WB0x-nucleo/stm32wb0x_nucleo.o
 .debug_frame   0x00000720      0x3c0 ./Drivers/STM32WB0x_HAL_Driver/Src/stm32wb0x_hal.o
 .debug_frame   0x00000ae0      0x2dc ./Drivers/STM32WB0x_HAL_Driver/Src/stm32wb0x_hal_cortex.o
 .debug_frame   0x00000dbc      0x130 ./Drivers/STM32WB0x_HAL_Driver/Src/stm32wb0x_hal_gpio.o
 .debug_frame   0x00000eec      0x4c8 ./Drivers/STM32WB0x_HAL_Driver/Src/stm32wb0x_hal_rcc.o
 .debug_frame   0x000013b4      0x2c4 ./Drivers/STM32WB0x_HAL_Driver/Src/stm32wb0x_hal_rcc_ex.o
 .debug_frame   0x00001678      0x8d8 ./Drivers/STM32WB0x_HAL_Driver/Src/stm32wb0x_hal_uart.o
 .debug_frame   0x00001f50      0x258 ./Drivers/STM32WB0x_HAL_Driver/Src/stm32wb0x_hal_uart_ex.o
 .debug_frame   0x000021a8       0x20 C:/ST/STM32CubeIDE_1.17.0/STM32CubeIDE/plugins/com.st.stm32cube.ide.mcu.externaltools.gnu-tools-for-stm32.12.3.rel1.win32_1.1.0.202410251130/tools/bin/../lib/gcc/arm-none-eabi/12.3.1/../../../../arm-none-eabi/lib/thumb/v6-m/nofp\libc_nano.a(libc_a-memset.o)
 .debug_frame   0x000021c8       0x20 C:/ST/STM32CubeIDE_1.17.0/STM32CubeIDE/plugins/com.st.stm32cube.ide.mcu.externaltools.gnu-tools-for-stm32.12.3.rel1.win32_1.1.0.202410251130/tools/bin/../lib/gcc/arm-none-eabi/12.3.1/thumb/v6-m/nofp\libgcc.a(_udivsi3.o)
 .debug_frame   0x000021e8       0x20 C:/ST/STM32CubeIDE_1.17.0/STM32CubeIDE/plugins/com.st.stm32cube.ide.mcu.externaltools.gnu-tools-for-stm32.12.3.rel1.win32_1.1.0.202410251130/tools/bin/../lib/gcc/arm-none-eabi/12.3.1/thumb/v6-m/nofp\libgcc.a(_divsi3.o)
 .debug_frame   0x00002208       0x3c C:/ST/STM32CubeIDE_1.17.0/STM32CubeIDE/plugins/com.st.stm32cube.ide.mcu.externaltools.gnu-tools-for-stm32.12.3.rel1.win32_1.1.0.202410251130/tools/bin/../lib/gcc/arm-none-eabi/12.3.1/thumb/v6-m/nofp\libgcc.a(_udivmoddi4.o)

.debug_line_str
                0x00000000       0x7c
 .debug_line_str
                0x00000000       0x7c ./Core/Startup/startup_stm32wb05kzvx.o
