../Drivers/STM32WB0x_HAL_Driver/Src/stm32wb0x_hal_radio_timer.c:1175:17:_us_to_machinetime	8	static
../Drivers/STM32WB0x_HAL_Driver/Src/stm32wb0x_hal_radio_timer.c:1199:13:_calibration_callback	0	static
../Drivers/STM32WB0x_HAL_Driver/Src/stm32wb0x_hal_radio_timer.c:1111:13:_get_calibration_data.constprop	12	static
../Drivers/STM32WB0x_HAL_Driver/Src/stm32wb0x_hal_radio_timer.c:1232:17:_get_system_time_and_machine.constprop	24	static,ignoring_inline_asm
../Drivers/STM32WB0x_HAL_Driver/Src/stm32wb0x_hal_radio_timer.c:1147:13:_configureTxRxDelay.constprop	24	static
../Drivers/STM32WB0x_HAL_Driver/Src/stm32wb0x_hal_radio_timer.c:1745:16:TIMER_GetRadioTimerValue	12	static
../Drivers/STM32WB0x_HAL_Driver/Src/stm32wb0x_hal_radio_timer.c:502:20:HAL_RADIO_TIMER_GetRadioTimerStatus	12	static
../Drivers/STM32WB0x_HAL_Driver/Src/stm32wb0x_hal_radio_timer.c:524:10:HAL_RADIO_TIMER_GetAnchorPoint	24	static
../Drivers/STM32WB0x_HAL_Driver/Src/stm32wb0x_hal_radio_timer.c:671:10:HAL_RADIO_TIMER_SetRadioTimerRelativeUsValue	32	static
../Drivers/STM32WB0x_HAL_Driver/Src/stm32wb0x_hal_radio_timer.c:741:9:HAL_RADIO_TIMER_GetRadioTimerValue	8	static
../Drivers/STM32WB0x_HAL_Driver/Src/stm32wb0x_hal_radio_timer.c:804:6:HAL_RADIO_TIMER_SetRadioCloseTimeout	0	static,ignoring_inline_asm
../Drivers/STM32WB0x_HAL_Driver/Src/stm32wb0x_hal_radio_timer.c:819:6:HAL_RADIO_TIMER_RadioTimerIsr	0	static
../Drivers/STM32WB0x_HAL_Driver/Src/stm32wb0x_hal_radio_timer.c:833:6:HAL_RADIO_TIMER_EndOfRadioActivityIsr	0	static
../Drivers/STM32WB0x_HAL_Driver/Src/stm32wb0x_hal_radio_timer.c:845:10:HAL_RADIO_TIMER_UsToSystime	0	static
../Drivers/STM32WB0x_HAL_Driver/Src/stm32wb0x_hal_radio_timer.c:858:10:HAL_RADIO_TIMER_MachineTimeToSysTime	8	static
../Drivers/STM32WB0x_HAL_Driver/Src/stm32wb0x_hal_radio_timer.c:869:10:HAL_RADIO_TIMER_GetCurrentSysTime	16	static
../Drivers/STM32WB0x_HAL_Driver/Src/stm32wb0x_hal_radio_timer.c:1253:27:_update_user_timeout	32	static,ignoring_inline_asm
../Drivers/STM32WB0x_HAL_Driver/Src/stm32wb0x_hal_radio_timer.c:1208:16:_start_timer	40	static,ignoring_inline_asm
../Drivers/STM32WB0x_HAL_Driver/Src/stm32wb0x_hal_radio_timer.c:302:6:HAL_RADIO_TIMER_Init	24	static,ignoring_inline_asm
../Drivers/STM32WB0x_HAL_Driver/Src/stm32wb0x_hal_radio_timer.c:754:10:HAL_RADIO_TIMER_ClearRadioTimerValue	32	static,ignoring_inline_asm
../Drivers/STM32WB0x_HAL_Driver/Src/stm32wb0x_hal_radio_timer.c:1501:13:_check_radio_activity.part.0.constprop	56	static,ignoring_inline_asm
../Drivers/STM32WB0x_HAL_Driver/Src/stm32wb0x_hal_radio_timer.c:607:10:HAL_RADIO_TIMER_SetRadioTimerValue	32	static
../Drivers/STM32WB0x_HAL_Driver/Src/stm32wb0x_hal_radio_timer.c:881:10:HAL_RADIO_TIMER_AddSysTimeMs	16	static
../Drivers/STM32WB0x_HAL_Driver/Src/stm32wb0x_hal_radio_timer.c:894:9:HAL_RADIO_TIMER_DiffSysTimeMs	8	static
../Drivers/STM32WB0x_HAL_Driver/Src/stm32wb0x_hal_radio_timer.c:908:10:HAL_RADIO_TIMER_StartVirtualTimer	24	static
../Drivers/STM32WB0x_HAL_Driver/Src/stm32wb0x_hal_radio_timer.c:926:10:HAL_RADIO_TIMER_StartVirtualTimerSysTime	16	static
../Drivers/STM32WB0x_HAL_Driver/Src/stm32wb0x_hal_radio_timer.c:940:6:HAL_RADIO_TIMER_StopVirtualTimer	24	static,ignoring_inline_asm
../Drivers/STM32WB0x_HAL_Driver/Src/stm32wb0x_hal_radio_timer.c:388:6:HAL_RADIO_TIMER_Tick	56	static,ignoring_inline_asm
../Drivers/STM32WB0x_HAL_Driver/Src/stm32wb0x_hal_radio_timer.c:533:17:HAL_RADIO_TIMER_PowerSaveLevelCheck	40	static
../Drivers/STM32WB0x_HAL_Driver/Src/stm32wb0x_hal_radio_timer.c:965:10:HAL_RADIO_TIMER_ExpiryTime	0	static
../Drivers/STM32WB0x_HAL_Driver/Src/stm32wb0x_hal_radio_timer.c:997:6:HAL_RADIO_TIMER_TimeoutCallback	16	static
../Drivers/STM32WB0x_HAL_Driver/Src/stm32wb0x_hal_radio_timer.c:1017:10:HAL_RADIO_TIMER_GetPendingTimers	0	static
../Drivers/STM32WB0x_HAL_Driver/Src/stm32wb0x_hal_radio_timer.c:1037:10:HAL_RADIO_TIMER_GetSysTime64	12	static
../Drivers/STM32WB0x_HAL_Driver/Src/stm32wb0x_hal_radio_timer.c:1053:10:HAL_RADIO_TIMER_GetFutureSysTime64	8	static
../Drivers/STM32WB0x_HAL_Driver/Src/stm32wb0x_hal_radio_timer.c:1768:13:HAL_RADIO_TIMER_CpuWakeUpCallback	0	static
../Drivers/STM32WB0x_HAL_Driver/Src/stm32wb0x_hal_radio_timer.c:1773:13:HAL_RADIO_TIMER_TxRxWakeUpCallback	0	static
../Drivers/STM32WB0x_HAL_Driver/Src/stm32wb0x_hal_radio_timer.c:1777:6:HAL_RADIO_TIMER_CPU_WKUP_IRQHandler	8	static
../Drivers/STM32WB0x_HAL_Driver/Src/stm32wb0x_hal_radio_timer.c:1784:6:HAL_RADIO_TIMER_TXRX_WKUP_IRQHandler	8	static
../Drivers/STM32WB0x_HAL_Driver/Src/stm32wb0x_hal_radio_timer.c:1792:6:HAL_RADIO_TIMER_ERROR_IRQHandler	8	static
