../Drivers/STM32WB0x_HAL_Driver/Src/stm32wb0x_hal_dma.c:148:19:HAL_DMA_Init	24	static
../Drivers/STM32WB0x_HAL_Driver/Src/stm32wb0x_hal_dma.c:224:19:HAL_DMA_DeInit	16	static
../Drivers/STM32WB0x_HAL_Driver/Src/stm32wb0x_hal_dma.c:304:19:HAL_DMA_Start	32	static
../Drivers/STM32WB0x_HAL_Driver/Src/stm32wb0x_hal_dma.c:347:19:HAL_DMA_Start_IT	32	static
../Drivers/STM32WB0x_HAL_Driver/Src/stm32wb0x_hal_dma.c:402:19:HAL_DMA_Abort	12	static
../Drivers/STM32WB0x_HAL_Driver/Src/stm32wb0x_hal_dma.c:448:19:HAL_DMA_Abort_IT	16	static
../Drivers/STM32WB0x_HAL_Driver/Src/stm32wb0x_hal_dma.c:493:19:HAL_DMA_PollForTransfer	40	static
../Drivers/STM32WB0x_HAL_Driver/Src/stm32wb0x_hal_dma.c:594:6:HAL_DMA_IRQHandler	24	static
../Drivers/STM32WB0x_HAL_Driver/Src/stm32wb0x_hal_dma.c:688:19:HAL_DMA_RegisterCallback	12	static
../Drivers/STM32WB0x_HAL_Driver/Src/stm32wb0x_hal_dma.c:739:19:HAL_DMA_UnRegisterCallback	12	static
../Drivers/STM32WB0x_HAL_Driver/Src/stm32wb0x_hal_dma.c:817:22:HAL_DMA_GetState	0	static
../Drivers/STM32WB0x_HAL_Driver/Src/stm32wb0x_hal_dma.c:829:10:HAL_DMA_GetError	0	static
