../Drivers/STM32WB0x_HAL_Driver/Inc/stm32wb0x_ll_rcc.h:738:22:LL_RCC_DIRECT_HSE_Disable	0	static
../Drivers/STM32WB0x_HAL_Driver/Src/stm32wb0x_hal_pwr.c:69:6:HAL_PWR_DeInit	0	static
../Drivers/STM32WB0x_HAL_Driver/Src/stm32wb0x_hal_pwr.c:142:19:HAL_PWR_ConfigPVD	0	static
../Drivers/STM32WB0x_HAL_Driver/Src/stm32wb0x_hal_pwr.c:167:6:HAL_PWR_EnablePVD	0	static
../Drivers/STM32WB0x_HAL_Driver/Src/stm32wb0x_hal_pwr.c:177:6:HAL_PWR_DisablePVD	0	static
../Drivers/STM32WB0x_HAL_Driver/Src/stm32wb0x_hal_pwr.c:228:6:HAL_PWR_EnableWakeUpPin	8	static
../Drivers/STM32WB0x_HAL_Driver/Src/stm32wb0x_hal_pwr.c:291:6:HAL_PWR_DisableWakeUpPin	0	static
../Drivers/STM32WB0x_HAL_Driver/Src/stm32wb0x_hal_pwr.c:304:10:HAL_PWR_GetClearWakeupSource	0	static
../Drivers/STM32WB0x_HAL_Driver/Src/stm32wb0x_hal_pwr.c:325:6:HAL_PWR_EnterSLEEPMode	0	static,ignoring_inline_asm
../Drivers/STM32WB0x_HAL_Driver/Src/stm32wb0x_hal_pwr.c:341:19:HAL_PWR_ConfigDEEPSTOP	24	static
../Drivers/STM32WB0x_HAL_Driver/Src/stm32wb0x_hal_pwr.c:403:6:HAL_PWR_EnterDEEPSTOPMode	0	static,ignoring_inline_asm
../Drivers/STM32WB0x_HAL_Driver/Src/stm32wb0x_hal_pwr.c:423:19:HAL_PWR_ConfigSHUTDOWN	16	static
../Drivers/STM32WB0x_HAL_Driver/Src/stm32wb0x_hal_pwr.c:485:6:HAL_PWR_EnableSleepOnExit	0	static
../Drivers/STM32WB0x_HAL_Driver/Src/stm32wb0x_hal_pwr.c:498:6:HAL_PWR_DisableSleepOnExit	0	static
../Drivers/STM32WB0x_HAL_Driver/Src/stm32wb0x_hal_pwr.c:511:6:HAL_PWR_EnableSEVOnPend	0	static
../Drivers/STM32WB0x_HAL_Driver/Src/stm32wb0x_hal_pwr.c:524:6:HAL_PWR_DisableSEVOnPend	0	static
../Drivers/STM32WB0x_HAL_Driver/Src/stm32wb0x_hal_pwr.c:552:13:HAL_PWR_PVDCallback	0	static
../Drivers/STM32WB0x_HAL_Driver/Src/stm32wb0x_hal_pwr.c:535:6:HAL_PWR_PVD_IRQHandler	16	static
../Drivers/STM32WB0x_HAL_Driver/Src/stm32wb0x_hal_pwr.c:582:13:HAL_PWR_WKUPx_Callback	0	static
../Drivers/STM32WB0x_HAL_Driver/Src/stm32wb0x_hal_pwr.c:564:6:HAL_PWR_WKUP_IRQHandler	8	static
