../Drivers/STM32WB0x_HAL_Driver/Src/stm32wb0x_hal_pwr_ex.c:51:6:HAL_PWREx_EnableInternalWakeUpLine	0	static
../Drivers/STM32WB0x_HAL_Driver/Src/stm32wb0x_hal_pwr_ex.c:60:6:HAL_PWREx_DisableInternalWakeUpLine	0	static
../Drivers/STM32WB0x_HAL_Driver/Src/stm32wb0x_hal_pwr_ex.c:70:6:HAL_PWREx_EnableInternalWakeUpLineLpuart	0	static
../Drivers/STM32WB0x_HAL_Driver/Src/stm32wb0x_hal_pwr_ex.c:79:6:HAL_PWREx_DisableInternalWakeUpLineLpuart	0	static
../Drivers/STM32WB0x_HAL_Driver/Src/stm32wb0x_hal_pwr_ex.c:89:6:HAL_PWREx_EnableBleHostCpuWakeUp	0	static
../Drivers/STM32WB0x_HAL_Driver/Src/stm32wb0x_hal_pwr_ex.c:98:6:HAL_PWREx_DisableBleHostCpuWakeUp	0	static
../Drivers/STM32WB0x_HAL_Driver/Src/stm32wb0x_hal_pwr_ex.c:107:6:HAL_PWREx_EnableBleWakeUp	0	static
../Drivers/STM32WB0x_HAL_Driver/Src/stm32wb0x_hal_pwr_ex.c:116:6:HAL_PWREx_DisableBleWakeUp	0	static
../Drivers/STM32WB0x_HAL_Driver/Src/stm32wb0x_hal_pwr_ex.c:141:19:HAL_PWREx_EnableGPIOPullUp	0	static
../Drivers/STM32WB0x_HAL_Driver/Src/stm32wb0x_hal_pwr_ex.c:181:19:HAL_PWREx_DisableGPIOPullUp	0	static
../Drivers/STM32WB0x_HAL_Driver/Src/stm32wb0x_hal_pwr_ex.c:225:19:HAL_PWREx_EnableGPIOPullDown	0	static
../Drivers/STM32WB0x_HAL_Driver/Src/stm32wb0x_hal_pwr_ex.c:265:19:HAL_PWREx_DisableGPIOPullDown	0	static
../Drivers/STM32WB0x_HAL_Driver/Src/stm32wb0x_hal_pwr_ex.c:298:6:HAL_PWREx_EnablePullUpPullDownConfig	0	static
../Drivers/STM32WB0x_HAL_Driver/Src/stm32wb0x_hal_pwr_ex.c:309:6:HAL_PWREx_DisablePullUpPullDownConfig	0	static
../Drivers/STM32WB0x_HAL_Driver/Src/stm32wb0x_hal_pwr_ex.c:326:6:HAL_PWREx_EnableSRAMRetention	0	static
../Drivers/STM32WB0x_HAL_Driver/Src/stm32wb0x_hal_pwr_ex.c:343:6:HAL_PWREx_DisableSRAMRetention	0	static
../Drivers/STM32WB0x_HAL_Driver/Src/stm32wb0x_hal_pwr_ex.c:355:6:HAL_PWREx_EnableGPIORetention	0	static
../Drivers/STM32WB0x_HAL_Driver/Src/stm32wb0x_hal_pwr_ex.c:365:6:HAL_PWREx_DisableGPIORetention	0	static
../Drivers/STM32WB0x_HAL_Driver/Src/stm32wb0x_hal_pwr_ex.c:378:6:HAL_PWREx_EnableDBGRetention	0	static
../Drivers/STM32WB0x_HAL_Driver/Src/stm32wb0x_hal_pwr_ex.c:388:6:HAL_PWREx_DisableDBGRetention	0	static
../Drivers/STM32WB0x_HAL_Driver/Src/stm32wb0x_hal_pwr_ex.c:419:19:HAL_PWREx_ConfigSMPS	8	static
../Drivers/STM32WB0x_HAL_Driver/Src/stm32wb0x_hal_pwr_ex.c:440:6:HAL_PWREx_SMPS_SetMode	0	static
../Drivers/STM32WB0x_HAL_Driver/Src/stm32wb0x_hal_pwr_ex.c:476:10:HAL_PWREx_SMPS_GetMode	0	static
../Drivers/STM32WB0x_HAL_Driver/Src/stm32wb0x_hal_pwr_ex.c:494:6:HAL_PWREx_EnterSHUTDOWNMode	0	static,ignoring_inline_asm
