../Drivers/STM32WB0x_HAL_Driver/Src/stm32wb0x_hal_usart.c:2689:13:USART_EndTransfer	0	static
../Drivers/STM32WB0x_HAL_Driver/Src/stm32wb0x_hal_usart.c:3159:13:USART_TxISR_8BIT	0	static
../Drivers/STM32WB0x_HAL_Driver/Src/stm32wb0x_hal_usart.c:3194:13:USART_TxISR_16BIT	0	static
../Drivers/STM32WB0x_HAL_Driver/Src/stm32wb0x_hal_usart.c:3230:13:USART_TxISR_8BIT_FIFOEN	12	static
../Drivers/STM32WB0x_HAL_Driver/Src/stm32wb0x_hal_usart.c:3275:13:USART_TxISR_16BIT_FIFOEN	12	static
../Drivers/STM32WB0x_HAL_Driver/Src/stm32wb0x_hal_usart.c:3004:26:USART_WaitOnFlagUntilTimeout.constprop	24	static
../Drivers/STM32WB0x_HAL_Driver/Src/stm32wb0x_hal_usart.c:383:13:HAL_USART_MspInit	0	static
../Drivers/STM32WB0x_HAL_Driver/Src/stm32wb0x_hal_usart.c:278:19:HAL_USART_Init	24	static
../Drivers/STM32WB0x_HAL_Driver/Src/stm32wb0x_hal_usart.c:398:13:HAL_USART_MspDeInit	0	static
../Drivers/STM32WB0x_HAL_Driver/Src/stm32wb0x_hal_usart.c:340:19:HAL_USART_DeInit	16	static
../Drivers/STM32WB0x_HAL_Driver/Src/stm32wb0x_hal_usart.c:750:19:HAL_USART_Transmit	40	static
../Drivers/STM32WB0x_HAL_Driver/Src/stm32wb0x_hal_usart.c:864:19:HAL_USART_Receive	32	static
../Drivers/STM32WB0x_HAL_Driver/Src/stm32wb0x_hal_usart.c:992:19:HAL_USART_TransmitReceive	40	static
../Drivers/STM32WB0x_HAL_Driver/Src/stm32wb0x_hal_usart.c:1155:19:HAL_USART_Transmit_IT	20	static
../Drivers/STM32WB0x_HAL_Driver/Src/stm32wb0x_hal_usart.c:1254:19:HAL_USART_Receive_IT	20	static
../Drivers/STM32WB0x_HAL_Driver/Src/stm32wb0x_hal_usart.c:1384:19:HAL_USART_TransmitReceive_IT	32	static
../Drivers/STM32WB0x_HAL_Driver/Src/stm32wb0x_hal_usart.c:1509:19:HAL_USART_Transmit_DMA	32	static
../Drivers/STM32WB0x_HAL_Driver/Src/stm32wb0x_hal_usart.c:1610:19:HAL_USART_Receive_DMA	32	static
../Drivers/STM32WB0x_HAL_Driver/Src/stm32wb0x_hal_usart.c:1746:19:HAL_USART_TransmitReceive_DMA	32	static
../Drivers/STM32WB0x_HAL_Driver/Src/stm32wb0x_hal_usart.c:1877:19:HAL_USART_DMAPause	8	static
../Drivers/STM32WB0x_HAL_Driver/Src/stm32wb0x_hal_usart.c:1924:19:HAL_USART_DMAResume	8	static
../Drivers/STM32WB0x_HAL_Driver/Src/stm32wb0x_hal_usart.c:1971:19:HAL_USART_DMAStop	8	static
../Drivers/STM32WB0x_HAL_Driver/Src/stm32wb0x_hal_usart.c:2032:19:HAL_USART_Abort	8	static
../Drivers/STM32WB0x_HAL_Driver/Src/stm32wb0x_hal_usart.c:2508:13:HAL_USART_TxCpltCallback	0	static
../Drivers/STM32WB0x_HAL_Driver/Src/stm32wb0x_hal_usart.c:2706:13:USART_DMATransmitCplt	8	static
../Drivers/STM32WB0x_HAL_Driver/Src/stm32wb0x_hal_usart.c:2523:13:HAL_USART_TxHalfCpltCallback	0	static
../Drivers/STM32WB0x_HAL_Driver/Src/stm32wb0x_hal_usart.c:2746:13:USART_DMATxHalfCplt	8	static
../Drivers/STM32WB0x_HAL_Driver/Src/stm32wb0x_hal_usart.c:2538:13:HAL_USART_RxCpltCallback	0	static
../Drivers/STM32WB0x_HAL_Driver/Src/stm32wb0x_hal_usart.c:2553:13:HAL_USART_RxHalfCpltCallback	0	static
../Drivers/STM32WB0x_HAL_Driver/Src/stm32wb0x_hal_usart.c:2839:13:USART_DMARxHalfCplt	8	static
../Drivers/STM32WB0x_HAL_Driver/Src/stm32wb0x_hal_usart.c:2568:13:HAL_USART_TxRxCpltCallback	0	static
../Drivers/STM32WB0x_HAL_Driver/Src/stm32wb0x_hal_usart.c:3375:13:USART_RxISR_8BIT	24	static
../Drivers/STM32WB0x_HAL_Driver/Src/stm32wb0x_hal_usart.c:3466:13:USART_RxISR_16BIT	24	static
../Drivers/STM32WB0x_HAL_Driver/Src/stm32wb0x_hal_usart.c:3559:13:USART_RxISR_8BIT_FIFOEN	32	static
../Drivers/STM32WB0x_HAL_Driver/Src/stm32wb0x_hal_usart.c:3692:13:USART_RxISR_16BIT_FIFOEN	32	static
../Drivers/STM32WB0x_HAL_Driver/Src/stm32wb0x_hal_usart.c:2764:13:USART_DMAReceiveCplt	16	static
../Drivers/STM32WB0x_HAL_Driver/Src/stm32wb0x_hal_usart.c:2583:13:HAL_USART_ErrorCallback	0	static
../Drivers/STM32WB0x_HAL_Driver/Src/stm32wb0x_hal_usart.c:2857:13:USART_DMAError	8	static
../Drivers/STM32WB0x_HAL_Driver/Src/stm32wb0x_hal_usart.c:2266:6:HAL_USART_IRQHandler	24	static
../Drivers/STM32WB0x_HAL_Driver/Src/stm32wb0x_hal_usart.c:2883:13:USART_DMAAbortOnError	8	static
../Drivers/STM32WB0x_HAL_Driver/Src/stm32wb0x_hal_usart.c:2598:13:HAL_USART_AbortCpltCallback	0	static
../Drivers/STM32WB0x_HAL_Driver/Src/stm32wb0x_hal_usart.c:2132:19:HAL_USART_Abort_IT	16	static
../Drivers/STM32WB0x_HAL_Driver/Src/stm32wb0x_hal_usart.c:2954:13:USART_DMARxAbortCallback	8	static
../Drivers/STM32WB0x_HAL_Driver/Src/stm32wb0x_hal_usart.c:2906:13:USART_DMATxAbortCallback	8	static
../Drivers/STM32WB0x_HAL_Driver/Src/stm32wb0x_hal_usart.c:2635:24:HAL_USART_GetState	0	static
../Drivers/STM32WB0x_HAL_Driver/Src/stm32wb0x_hal_usart.c:2646:10:HAL_USART_GetError	0	static
