../Drivers/STM32WB0x_HAL_Driver/Src/stm32wb0x_hal.c:166:13:HAL_MspInit	0	static
../Drivers/STM32WB0x_HAL_Driver/Src/stm32wb0x_hal.c:177:13:HAL_MspDeInit	0	static
../Drivers/STM32WB0x_HAL_Driver/Src/stm32wb0x_hal.c:140:19:HAL_DeInit	8	static
../Drivers/STM32WB0x_HAL_Driver/Src/stm32wb0x_hal.c:200:26:HAL_InitTick	16	static
../Drivers/STM32WB0x_HAL_Driver/Src/stm32wb0x_hal.c:116:19:HAL_Init	8	static
../Drivers/STM32WB0x_HAL_Driver/Src/stm32wb0x_hal.c:268:13:HAL_IncTick	0	static
../Drivers/STM32WB0x_HAL_Driver/Src/stm32wb0x_hal.c:279:17:HAL_GetTick	0	static
../Drivers/STM32WB0x_HAL_Driver/Src/stm32wb0x_hal.c:288:10:HAL_GetTickPrio	0	static
../Drivers/STM32WB0x_HAL_Driver/Src/stm32wb0x_hal.c:297:19:HAL_SetTickFreq	8	static
../Drivers/STM32WB0x_HAL_Driver/Src/stm32wb0x_hal.c:317:21:HAL_GetTickFreq	0	static
../Drivers/STM32WB0x_HAL_Driver/Src/stm32wb0x_hal.c:333:13:HAL_Delay	16	static
../Drivers/STM32WB0x_HAL_Driver/Src/stm32wb0x_hal.c:360:13:HAL_SuspendTick	0	static
../Drivers/STM32WB0x_HAL_Driver/Src/stm32wb0x_hal.c:376:13:HAL_ResumeTick	0	static
../Drivers/STM32WB0x_HAL_Driver/Src/stm32wb0x_hal.c:386:10:HAL_GetHalVersion	0	static
../Drivers/STM32WB0x_HAL_Driver/Src/stm32wb0x_hal.c:395:10:HAL_GetREVID	0	static
../Drivers/STM32WB0x_HAL_Driver/Src/stm32wb0x_hal.c:404:10:HAL_GetVERID	0	static
../Drivers/STM32WB0x_HAL_Driver/Src/stm32wb0x_hal.c:413:10:HAL_GetDEVID	0	static
../Drivers/STM32WB0x_HAL_Driver/Src/stm32wb0x_hal.c:422:10:HAL_GetJTAGID	0	static
../Drivers/STM32WB0x_HAL_Driver/Src/stm32wb0x_hal.c:431:10:HAL_GetUIDw0	0	static
../Drivers/STM32WB0x_HAL_Driver/Src/stm32wb0x_hal.c:440:10:HAL_GetUIDw1	0	static
