../Drivers/STM32WB0x_HAL_Driver/Src/stm32wb0x_hal_tim_ex.c:1923:13:TIM_CCxNChannelCmd	8	static
../Drivers/STM32WB0x_HAL_Driver/Src/stm32wb0x_hal_tim_ex.c:1877:13:TIM_DMAErrorCCxN	8	static
../Drivers/STM32WB0x_HAL_Driver/Src/stm32wb0x_hal_tim_ex.c:1818:13:TIM_DMADelayPulseNCplt	8	static
../Drivers/STM32WB0x_HAL_Driver/Src/stm32wb0x_hal_tim_ex.c:128:19:HAL_TIMEx_OCN_Start	8	static
../Drivers/STM32WB0x_HAL_Driver/Src/stm32wb0x_hal_tim_ex.c:179:19:HAL_TIMEx_OCN_Stop	16	static
../Drivers/STM32WB0x_HAL_Driver/Src/stm32wb0x_hal_tim_ex.c:211:19:HAL_TIMEx_OCN_Start_IT	8	static
../Drivers/STM32WB0x_HAL_Driver/Src/stm32wb0x_hal_tim_ex.c:298:19:HAL_TIMEx_OCN_Stop_IT	16	static
../Drivers/STM32WB0x_HAL_Driver/Src/stm32wb0x_hal_tim_ex.c:374:19:HAL_TIMEx_OCN_Start_DMA	16	static
../Drivers/STM32WB0x_HAL_Driver/Src/stm32wb0x_hal_tim_ex.c:512:19:HAL_TIMEx_OCN_Stop_DMA	16	static
../Drivers/STM32WB0x_HAL_Driver/Src/stm32wb0x_hal_tim_ex.c:603:19:HAL_TIMEx_PWMN_Start	8	static
../Drivers/STM32WB0x_HAL_Driver/Src/stm32wb0x_hal_tim_ex.c:653:19:HAL_TIMEx_PWMN_Stop	8	static
../Drivers/STM32WB0x_HAL_Driver/Src/stm32wb0x_hal_tim_ex.c:685:19:HAL_TIMEx_PWMN_Start_IT	8	static
../Drivers/STM32WB0x_HAL_Driver/Src/stm32wb0x_hal_tim_ex.c:771:19:HAL_TIMEx_PWMN_Stop_IT	8	static
../Drivers/STM32WB0x_HAL_Driver/Src/stm32wb0x_hal_tim_ex.c:847:19:HAL_TIMEx_PWMN_Start_DMA	8	static
../Drivers/STM32WB0x_HAL_Driver/Src/stm32wb0x_hal_tim_ex.c:985:19:HAL_TIMEx_PWMN_Stop_DMA	8	static
../Drivers/STM32WB0x_HAL_Driver/Src/stm32wb0x_hal_tim_ex.c:1077:19:HAL_TIMEx_OnePulseN_Start	24	static
../Drivers/STM32WB0x_HAL_Driver/Src/stm32wb0x_hal_tim_ex.c:1126:19:HAL_TIMEx_OnePulseN_Stop	16	static
../Drivers/STM32WB0x_HAL_Driver/Src/stm32wb0x_hal_tim_ex.c:1165:19:HAL_TIMEx_OnePulseN_Start_IT	24	static
../Drivers/STM32WB0x_HAL_Driver/Src/stm32wb0x_hal_tim_ex.c:1220:19:HAL_TIMEx_OnePulseN_Stop_IT	24	static
../Drivers/STM32WB0x_HAL_Driver/Src/stm32wb0x_hal_tim_ex.c:1288:19:HAL_TIMEx_ConfigCommutEvent	8	static
../Drivers/STM32WB0x_HAL_Driver/Src/stm32wb0x_hal_tim_ex.c:1322:19:HAL_TIMEx_ConfigCommutEvent_IT	8	static
../Drivers/STM32WB0x_HAL_Driver/Src/stm32wb0x_hal_tim_ex.c:1358:19:HAL_TIMEx_ConfigBreakDeadTime	8	static
../Drivers/STM32WB0x_HAL_Driver/Src/stm32wb0x_hal_tim_ex.c:1437:19:HAL_TIMEx_ConfigBreakInput	20	static
../Drivers/STM32WB0x_HAL_Driver/Src/stm32wb0x_hal_tim_ex.c:1539:19:HAL_TIMEx_RemapConfig	8	static
../Drivers/STM32WB0x_HAL_Driver/Src/stm32wb0x_hal_tim_ex.c:1608:19:HAL_TIMEx_DisarmBreakInput	0	static
../Drivers/STM32WB0x_HAL_Driver/Src/stm32wb0x_hal_tim_ex.c:1650:19:HAL_TIMEx_ReArmBreakInput	16	static
../Drivers/STM32WB0x_HAL_Driver/Src/stm32wb0x_hal_tim_ex.c:1718:13:HAL_TIMEx_CommutCallback	0	static
../Drivers/STM32WB0x_HAL_Driver/Src/stm32wb0x_hal_tim_ex.c:1733:13:HAL_TIMEx_BreakCallback	0	static
../Drivers/STM32WB0x_HAL_Driver/Src/stm32wb0x_hal_tim_ex.c:1788:29:HAL_TIMEx_GetChannelNState	0	static
