../Drivers/STM32WB0x_HAL_Driver/Src/stm32wb0x_hal_radio.c:165:16:CondRoutineTrue	0	static
../Drivers/STM32WB0x_HAL_Driver/Src/stm32wb0x_hal_radio.c:170:16:DataRoutineNull	0	static
../Drivers/STM32WB0x_HAL_Driver/Src/stm32wb0x_hal_radio.c:175:16:CondRoutineRxTrue	0	static
../Drivers/STM32WB0x_HAL_Driver/Src/stm32wb0x_hal_radio.c:1554:16:CarrierSenseCallback	8	static
../Drivers/STM32WB0x_HAL_Driver/Src/stm32wb0x_hal_radio.c:423:8:HAL_RADIO_ReadRSSI	0	static
../Drivers/STM32WB0x_HAL_Driver/Src/stm32wb0x_hal_radio.c:503:13:HAL_RADIO_CallbackRcvError	0	static
../Drivers/STM32WB0x_HAL_Driver/Src/stm32wb0x_hal_radio.c:504:13:HAL_RADIO_CallbackRcvTimeout	0	static
../Drivers/STM32WB0x_HAL_Driver/Src/stm32wb0x_hal_radio.c:505:13:HAL_RADIO_CallbackRcvEncryptErr	0	static
../Drivers/STM32WB0x_HAL_Driver/Src/stm32wb0x_hal_radio.c:506:13:HAL_RADIO_CallbackRcvOk	0	static
../Drivers/STM32WB0x_HAL_Driver/Src/stm32wb0x_hal_radio.c:507:13:HAL_RADIO_CallbackTxDone	0	static
../Drivers/STM32WB0x_HAL_Driver/Src/stm32wb0x_hal_radio.c:457:9:HAL_RADIO_Callback	24	static
../Drivers/STM32WB0x_HAL_Driver/Src/stm32wb0x_hal_radio.c:612:13:HAL_RADIO_MspInit	0	static
../Drivers/STM32WB0x_HAL_Driver/Src/stm32wb0x_hal_radio.c:223:6:HAL_RADIO_Init	32	static
../Drivers/STM32WB0x_HAL_Driver/Src/stm32wb0x_hal_radio.c:628:13:HAL_RADIO_MspDeInit	0	static
../Drivers/STM32WB0x_HAL_Driver/Src/stm32wb0x_hal_radio.c:646:9:HAL_RADIO_StopActivity	8	static,ignoring_inline_asm
../Drivers/STM32WB0x_HAL_Driver/Src/stm32wb0x_hal_radio.c:669:6:HAL_RADIO_SetChannelMap	8	static
../Drivers/STM32WB0x_HAL_Driver/Src/stm32wb0x_hal_radio.c:710:6:HAL_RADIO_SetChannel	12	static
../Drivers/STM32WB0x_HAL_Driver/Src/stm32wb0x_hal_radio.c:736:6:HAL_RADIO_SetTxAttributes	0	static
../Drivers/STM32WB0x_HAL_Driver/Src/stm32wb0x_hal_radio.c:758:6:HAL_RADIO_SetEncryptionCount	12	static
../Drivers/STM32WB0x_HAL_Driver/Src/stm32wb0x_hal_radio.c:779:6:HAL_RADIO_SetEncryptionAttributes	16	static
../Drivers/STM32WB0x_HAL_Driver/Src/stm32wb0x_hal_radio.c:805:6:HAL_RADIO_SetMaxReceivedLength	0	static
../Drivers/STM32WB0x_HAL_Driver/Src/stm32wb0x_hal_radio.c:816:6:HAL_RADIO_SetBackToBackTime	0	static
../Drivers/STM32WB0x_HAL_Driver/Src/stm32wb0x_hal_radio.c:833:6:HAL_RADIO_SetPhy	0	static
../Drivers/STM32WB0x_HAL_Driver/Src/stm32wb0x_hal_radio.c:857:6:HAL_RADIO_SetEncryptFlags	12	static
../Drivers/STM32WB0x_HAL_Driver/Src/stm32wb0x_hal_radio.c:884:6:HAL_RADIO_SetGlobalReceiveTimeout	0	static
../Drivers/STM32WB0x_HAL_Driver/Src/stm32wb0x_hal_radio.c:929:6:HAL_RADIO_SetReservedArea	8	static
../Drivers/STM32WB0x_HAL_Driver/Src/stm32wb0x_hal_radio.c:1068:9:HAL_RADIO_GetStatus	8	static
../Drivers/STM32WB0x_HAL_Driver/Src/stm32wb0x_hal_radio.c:1008:9:HAL_RADIO_MakeActionPacketPending	24	static,ignoring_inline_asm
../Drivers/STM32WB0x_HAL_Driver/Src/stm32wb0x_hal_radio.c:1084:6:HAL_RADIO_SetTxPower	0	static
../Drivers/STM32WB0x_HAL_Driver/Src/stm32wb0x_hal_radio.c:1102:6:HAL_RADIO_SetDefaultPreambleLen	0	static
../Drivers/STM32WB0x_HAL_Driver/Src/stm32wb0x_hal_radio.c:1114:6:HAL_RADIO_SetPreambleRep	0	static
../Drivers/STM32WB0x_HAL_Driver/Src/stm32wb0x_hal_radio.c:1136:6:HAL_RADIO_DisableCRC	0	static
../Drivers/STM32WB0x_HAL_Driver/Src/stm32wb0x_hal_radio.c:1174:9:HAL_RADIO_StartTone	32	static
../Drivers/STM32WB0x_HAL_Driver/Src/stm32wb0x_hal_radio.c:1261:9:HAL_RADIO_StopTone	0	static
../Drivers/STM32WB0x_HAL_Driver/Src/stm32wb0x_hal_radio.c:1290:6:HAL_RADIO_EncryptPlainData	80	static
../Drivers/STM32WB0x_HAL_Driver/Src/stm32wb0x_hal_radio.c:1351:9:HAL_RADIO_SetNetworkID	0	static
../Drivers/STM32WB0x_HAL_Driver/Src/stm32wb0x_hal_radio.c:1371:9:HAL_RADIO_SendPacket	48	static
../Drivers/STM32WB0x_HAL_Driver/Src/stm32wb0x_hal_radio.c:1431:9:HAL_RADIO_SendPacketWithAck	56	static
../Drivers/STM32WB0x_HAL_Driver/Src/stm32wb0x_hal_radio.c:1627:9:HAL_RADIO_ReceivePacket	56	static
../Drivers/STM32WB0x_HAL_Driver/Src/stm32wb0x_hal_radio.c:1580:9:HAL_RADIO_CarrierSense	32	static
../Drivers/STM32WB0x_HAL_Driver/Src/stm32wb0x_hal_radio.c:1689:9:HAL_RADIO_ReceivePacketWithAck	56	static
../Drivers/STM32WB0x_HAL_Driver/Src/stm32wb0x_hal_radio.c:1749:13:HAL_RADIO_TxRxCallback	0	static
../Drivers/STM32WB0x_HAL_Driver/Src/stm32wb0x_hal_radio.c:1754:13:HAL_RADIO_TxRxSeqCallback	0	static
../Drivers/STM32WB0x_HAL_Driver/Src/stm32wb0x_hal_radio.c:1758:6:HAL_RADIO_TXRX_IRQHandler	32	static
../Drivers/STM32WB0x_HAL_Driver/Src/stm32wb0x_hal_radio.c:1785:6:HAL_RADIO_TXRX_SEQ_IRQHandler	8	static
